✔ exact predecessor rejects purchased P01 with unpurchased Scramble P02 with null-ranking TypeError (4.394917ms)
✔ SC purchase set P01,P02, tie false: context and financial eligibility separate (36.6395ms)
✔ SC purchase set P01,P02, tie true: context and financial eligibility separate (0.638416ms)
✔ SC purchase set P01, tie false: context and financial eligibility separate (0.391ms)
✔ SC purchase set P01, tie true: context and financial eligibility separate (0.361625ms)
✔ SC purchase set P02, tie false: context and financial eligibility separate (0.340791ms)
✔ SC purchase set P02, tie true: context and financial eligibility separate (0.304083ms)
✔ SC purchase set none, tie false: context and financial eligibility separate (0.06975ms)
✔ SC purchase set none, tie true: context and financial eligibility separate (0.066375ms)
✔ SC purchase set P01,P04, tie false: context and financial eligibility separate (0.446041ms)
✔ SC purchase set P01,P04, tie true: context and financial eligibility separate (0.355042ms)
✔ BB partial purchase preserves existing individual policy (0.926084ms)
✔ SI partial purchase preserves existing individual policy (0.309042ms)
✔ malformed canonical Scramble pairing produces typed failure, never empty payout (0.091083ms)
✔ purchased-only ownership, tie replay and existing failure classification (2.729083ms)
✔ Round 2 team placement allocation: one team wins outright (15.360875ms)
✔ Round 2 team placement allocation: two teams tied for first (0.662917ms)
✔ Round 2 team placement allocation: three teams tied for first (0.438583ms)
✔ Round 2 team placement allocation: two teams tied in a middle placement (0.860959ms)
✔ Round 2 team placement allocation: three teams tied in a middle placement (0.876166ms)
✔ Round 2 team placement allocation: multiple separate ties (0.593333ms)
✔ Round 2 team placement allocation: last-place tie (1.403ms)
✔ Round 2 team placement allocation: no tie (0.324917ms)
✔ Round 1 and Round 3 remain individual placement competitions (0.506875ms)
✔ published Round 2 rows preserve team placement and individual 50/50 shares on read-back (1.733875ms)
✔ BB: 1-way canonical tie survives publication/JSON/QA/participant readback; money unchanged (16.569125ms)
✔ BB: 2-way canonical tie survives publication/JSON/QA/participant readback; money unchanged (2.740875ms)
✔ BB: 3-way canonical tie survives publication/JSON/QA/participant readback; money unchanged (2.1605ms)
✔ SC: 1-way canonical tie survives publication/JSON/QA/participant readback; money unchanged (1.953792ms)
✔ SC: 2-way canonical tie survives publication/JSON/QA/participant readback; money unchanged (1.91975ms)
✔ SC: 3-way canonical tie survives publication/JSON/QA/participant readback; money unchanged (2.052083ms)
✔ SI: 1-way canonical tie survives publication/JSON/QA/participant readback; money unchanged (1.019375ms)
✔ SI: 2-way canonical tie survives publication/JSON/QA/participant readback; money unchanged (1.029417ms)
✔ SI: 3-way canonical tie survives publication/JSON/QA/participant readback; money unchanged (1.489417ms)
✔ Calcutta signed full-Course-Handicap allocation follows forward and reverse Stroke Index cycles (0.898333ms)
✔ Calcutta full Course Handicap rounding matches PostgreSQL half-away-from-zero boundaries (0.105625ms)
✔ BB Calcutta uses frozen full rounded Course Handicap while match play stays 90-percent relative (7.153375ms)
✔ SI Calcutta uses frozen full rounded Course Handicap without opponent normalization (0.229834ms)
✔ Calcutta BB/SI derivation fails closed without complete frozen context (1.008667ms)
✔ Calcutta ties average every occupied finishing-place award (0.200875ms)
✔ Calcutta derives its pot, standings, payouts, and post-payout ownership (5.934375ms)
✔ Calcutta derives future Scramble net scores with the existing 35/15 team course handicap (0.281375ms)
✔ Calcutta payout percentage points apply directly to the total pot (0.232792ms)
✔ Calcutta publication consumes completed results from the authoritative tournament model (0.151292ms)
✔ Calcutta stays unpublished when official purchases or award structures are incomplete (0.071792ms)
✔ official Calcutta publication writes only fully completed rounds and tie-averaged outputs (1.171334ms)
✔ Calcutta publication readiness identifies the exact players blocking a completed round (0.143583ms)
✔ published results remain authoritative while payouts are derived exclusively from Calcutta Payout (0.491292ms)
✔ golfer and fully allocated owner payouts conserve the distributed prize pool (0.26125ms)
✔ Round 3 completion transitions projected Calcutta wording to final winnings (5.253666ms)
✔ Calcutta financial presentation progresses cleanly from opening through final (0.575542ms)
✔ Calcutta financial values use shared positive, negative, and neutral presentation (1.66875ms)
✔ Current Market gives Calcutta Pot a full-width hero above two balanced metric rows (1.95575ms)
✔ Calcutta is integrated into Tournament with one mobile-safe bottom-sheet scroller (19.595833ms)
ℹ tests 54
ℹ suites 0
ℹ pass 54
ℹ fail 0
ℹ cancelled 0
ℹ skipped 0
ℹ todo 0
ℹ duration_ms 140.970166
