NET CONFIG PASS
ODDS Pre-Tournament
MATCH 2026-R1-1
MATCH 2026-R1-2
MATCH 2026-R1-3
MATCH 2026-R1-4
MATCH 2026-R1-5
MATCH 2026-R1-6
DRAIN After Round 1
ODDS After Round 1
MATCH 2026-R2-1
MATCH 2026-R2-2
MATCH 2026-R2-3
MATCH 2026-R2-4
MATCH 2026-R2-5
MATCH 2026-R2-6
DRAIN After Round 2
ODDS After Round 2
ODDS Round 3 Pairings Announced
MATCH 2026-R3-1
MATCH 2026-R3-2
MATCH 2026-R3-3
MATCH 2026-R3-4
MATCH 2026-R3-5
MATCH 2026-R3-6
MATCH 2026-R3-7
MATCH 2026-R3-8
MATCH 2026-R3-9
MATCH 2026-R3-10
MATCH 2026-R3-11
MATCH 2026-R3-12
DRAIN After Round 3
24 FINAL PASS
ODDS Final Results
DRAIN Final Results and FinalRecap
SIDEGAMES LOCAL PASS
