▶ Calcutta result publication: real Director gateway/shared core/history/privacy; no hosted access
  ✔ all eight predecessor hashes checked before any change; mismatch rolls back (23.623583ms)
  ✔ atomic install/replay preserve eight owners/ACLs/security/search_paths, RLS and v1-v7/attempt history (94.161125ms)
  ✔ private core ACL drift blocks replay instead of repairing/broadening roles (33.55625ms)
  ✔ empty revision 2 preserved; lawful Director nonempty successor 3; no fabricated result (140.259083ms)
  ✔ uncomputed result cannot be published or fabricated by Director input (142.330708ms)
  ✔ genuine match control source creates canonical demand; native SDK consumer/common worker calculates immutable UNPUBLISHED A (10918.485917ms)
  ✔ unpublished participant read withholds market/result; private Director management remains allowed (56.254041ms)
  ✔ synthetic Director publishes exact current result; pointer/revision/receipt/two audits; no result or financial math mutation (232.046459ms)
  ✔ exact replay is idempotent; fresh duplicate for same current result adds no publication revision (232.179583ms)
  ✔ same operation ID conflicting payload denied; no new result/publication (73.638041ms)
  ✔ wrong auction CAS denied (226.662334ms)
  ✔ wrong auction fingerprint CAS denied (214.146291ms)
  ✔ wrong source CAS denied (188.089709ms)
  ✔ wrong result CAS denied (314.509333ms)
  ✔ stale publication revision CAS denied (176.2005ms)
  ✔ source advance makes A stale; publishing A denied; native Queue calculates current B and Director confirms it (11162.182125ms)
  ✔ published auction remains financially locked; immutable A and empty2 history preserved (93.658291ms)
  ✔ participant A publication denied (71.0945ms)
  ✔ participant B publication denied (69.394333ms)
  ✔ signed-out publication denied (70.481167ms)
  ✔ anon publication denied (70.816041ms)
  ✔ ordinary authenticated publication denied (70.72075ms)
  ✔ wrong Director publication denied (98.506708ms)
  ✔ client resource denied before publication (68.150792ms)
  ✔ wrong tournament denied before publication (82.198875ms)
  ✔ arbitrary calculated result denied before publication (95.951584ms)
  ✔ arbitrary payload denied before publication (86.384958ms)
  ✔ wrong resource exact database binding denied (7.650708ms)
  ✔ wrong project exact database binding denied (7.726959ms)
  ✔ wrong deployment exact database binding denied (7.773084ms)
  ✔ wrong release exact database binding denied (7.606708ms)
  ✔ Production exact database binding denied (7.793625ms)
  ✔ old Preview exact database binding denied (7.965334ms)
  ✔ development identity cannot use bound Certification Director publisher (0.252625ms)
  ✔ production identity cannot use bound Certification Director publisher (0.058375ms)
  ✔ bare service_role cannot publish; worker adapter forbids publication; private helpers denied to all client SQL roles (81.559583ms)
  ✔ Production publication route unchanged/Preview 404; Production core guard remains; generic isolated Preview cannot select publication family (21.832ms)
  ✔ published participant-safe read shows intended market/result, never raw receipts/tokens/source tree/supervisor; private table access denied (77.005541ms)
  ✔ nonmember and injected private-reader fields cannot obtain a participant projection (23.432583ms)
  ✔ lost application ACK reconciles authoritative publication receipt; replay never duplicates current publication (170.401375ms)
  ✔ complete drain/reconcile; STOP/disabled/paused; unchanged RLS; no Odds/FinalRecap/Google work (143.98725ms)
✔ Calcutta result publication: real Director gateway/shared core/history/privacy; no hosted access (31870.255209ms)
▶ Calcutta closed engine compatibility: genuine demand -> private Queue -> existing processor -> canonical result
  ✔ atomic predecessor/hash mismatch rolls back; metadata, RLS, canonical cores/history preserved; replay converges (204.24425ms)
  ✔ empty valid auction revision 2: Queue tick discovers no Calcutta work and never claims it (10353.242333ms)
  ✔ shipping Director synthetic nonempty successor and lawful match control automatically create canonical demand (265.386708ms)
  ✔ native SDK delivery -> BEGIN -> fixed registry -> real claim/calculator/result/FINISH; no financial mutation or publication (10936.952625ms)
  ✔ transient completion transport failure uses existing Calcutta fail/backoff; duplicate delivery and restart preserve attempts (30832.231042ms)
  ✔ terminal completion fault records truthful dead letter/HALT; only certified Director recovery grants new cycle (26877.782833ms)
(node:51458) TimeoutNaNWarning: NaN is not a number.
Timeout duration was set to 1.
(Use `node --trace-warnings ...` to show where the warning was created)
  ✔ source advance after real Calcutta claim rejects old completion; later Queue drains one authoritative result (27407.571542ms)
  ✔ Calcutta committed claim/result evidence reconciles UNKNOWN after the real durable horizon without repeating calculation (165894.985666ms)
  ✔ STOP/HALT and fabricated/foreign/client authority deny before worker; arbitrary engines/financial operations unavailable (431.280208ms)
✔ Calcutta closed engine compatibility: genuine demand -> private Queue -> existing processor -> canonical result (279327.7305ms)
▶ Model D Director shipping score guard uses canonical core and transactional authority
  ✔ unprepared, future and closed matches denied without scores (129.246458ms)
  ✔ 2026-R1-2 lawful shipping Director score and replay (806.115208ms)
  ✔ 2026-R2-2 lawful shipping Director score and replay (619.197208ms)
  ✔ 2026-R3-2 lawful shipping Director score and replay (618.111959ms)
  ✔ payload actor substitution and ordinary participant denied (77.616167ms)
  ✔ signed-out, malformed facts and stale CAS preserve authority (580.979583ms)
  ✔ bare service role lacks transport attestation and private helper (17.577ms)
  ✔ transactional binding, admission, permissions and lifecycle negatives (238.447875ms)
  ✔ participant and Director facts converge; concurrent stale predecessor has one winner (811.167ms)
✔ Model D Director shipping score guard uses canonical core and transactional authority (9375.056167ms)
ℹ tests 62
ℹ suites 0
ℹ pass 62
ℹ fail 0
ℹ cancelled 0
ℹ skipped 0
ℹ todo 0
ℹ duration_ms 321071.917583
