TAP version 13
# Subtest: Phase2 durable derived intent behavioral proof
    # Subtest: P2-DERIVED-ATOMIC: required durable intent append failure rolls back score and receipt
    ok 1 - P2-DERIVED-ATOMIC: required durable intent append failure rolls back score and receipt
      ---
      duration_ms: 490.354
      type: 'test'
      ...
    # Subtest: P2-DERIVED-COALESCE: one canonical transaction coalesces hole/match trigger intent per family
    ok 2 - P2-DERIVED-COALESCE: one canonical transaction coalesces hole/match trigger intent per family
      ---
      duration_ms: 475.671583
      type: 'test'
      ...
    # Subtest: P2-DERIVED-FAIL-CALCUTTA: CALCUTTA unavailable leaves score Official and durable demand retryable
    ok 3 - P2-DERIVED-FAIL-CALCUTTA: CALCUTTA unavailable leaves score Official and durable demand retryable
      ---
      duration_ms: 476.021791
      type: 'test'
      ...
    # Subtest: P2-DERIVED-FAIL-NET_SKINS: NET_SKINS unavailable leaves score Official and durable demand retryable
    ok 4 - P2-DERIVED-FAIL-NET_SKINS: NET_SKINS unavailable leaves score Official and durable demand retryable
      ---
      duration_ms: 475.821459
      type: 'test'
      ...
    # Subtest: P2-DERIVED-FAIL-COMPETITION: COMPETITION unavailable leaves score Official and durable demand retryable
    ok 5 - P2-DERIVED-FAIL-COMPETITION: COMPETITION unavailable leaves score Official and durable demand retryable
      ---
      duration_ms: 466.687959
      type: 'test'
      ...
    # Subtest: P2-DERIVED-STANDALONE-LOCK: standalone LOCK retains synchronous derived failure and atomic rollback
    ok 6 - P2-DERIVED-STANDALONE-LOCK: standalone LOCK retains synchronous derived failure and atomic rollback
      ---
      duration_ms: 1240.922625
      type: 'test'
      ...
    # Subtest: P2-DERIVED-STANDALONE-FINALIZE: standalone FINALIZE retains synchronous derived failure and atomic rollback
    ok 7 - P2-DERIVED-STANDALONE-FINALIZE: standalone FINALIZE retains synchronous derived failure and atomic rollback
      ---
      duration_ms: 2590.462792
      type: 'test'
      ...
    # Subtest: P2-DERIVED-BACKLOG: 432 pending intents do not block canonical writes; bounded batches catch up
    ok 8 - P2-DERIVED-BACKLOG: 432 pending intents do not block canonical writes; bounded batches catch up
      ---
      duration_ms: 5422.125709
      type: 'test'
      ...
    # Subtest: P2-DERIVED-BURST: 12 independent Singles matches commit concurrently with configured history
    ok 9 - P2-DERIVED-BURST: 12 independent Singles matches commit concurrently with configured history
      ---
      duration_ms: 433.769125
      type: 'test'
      ...
    # Subtest: P2-DERIVED-WORKER-RACE: scoring continues while a derived worker holds shared competition markers
    ok 10 - P2-DERIVED-WORKER-RACE: scoring continues while a derived worker holds shared competition markers
      ---
      duration_ms: 415.840042
      type: 'test'
      ...
    # Subtest: P2-DERIVED-ORDER: older financial demand observes latest canonical source instead of publishing obsolete result
    ok 11 - P2-DERIVED-ORDER: older financial demand observes latest canonical source instead of publishing obsolete result
      ---
      duration_ms: 443.661917
      type: 'test'
      ...
    # Subtest: P2-DERIVED-DEAD-LETTER: bounded repeated consumer failure becomes visible dead letter without changing score
    ok 12 - P2-DERIVED-DEAD-LETTER: bounded repeated consumer failure becomes visible dead letter without changing score
      ---
      duration_ms: 489.656084
      type: 'test'
      ...
    # Subtest: P2-DERIVED-TIMEOUT: 57014 cancels derived work with versioned retry evidence while prior canonical score remains committed
    ok 13 - P2-DERIVED-TIMEOUT: 57014 cancels derived work with versioned retry evidence while prior canonical score remains committed
      ---
      duration_ms: 700.360417
      type: 'test'
      ...
    # Subtest: P2-DERIVED-ACL: intent table and private helpers inaccessible to application/client roles
    ok 14 - P2-DERIVED-ACL: intent table and private helpers inaccessible to application/client roles
      ---
      duration_ms: 404.328375
      type: 'test'
      ...
    1..14
ok 1 - Phase2 durable derived intent behavioral proof
  ---
  duration_ms: 24084.375625
  type: 'test'
  ...
1..1
# tests 15
# suites 0
# pass 15
# fail 0
# cancelled 0
# skipped 0
# todo 0
# duration_ms 24149.235583
