TAP version 13
# Subtest: Net Skins owner completion locks exact Storylines before supported controls
    # Subtest: present FINALIZE before
    ok 1 - present FINALIZE before
      ---
      duration_ms: 2012.398417
      type: 'test'
      ...
    # Subtest: present FINALIZE after
    ok 2 - present FINALIZE after
      ---
      duration_ms: 901.501833
      type: 'test'
      ...
    # Subtest: present SCORING_LOCK before
    ok 3 - present SCORING_LOCK before
      ---
      duration_ms: 1904.323667
      type: 'test'
      ...
    # Subtest: present SCORING_LOCK after
    ok 4 - present SCORING_LOCK after
      ---
      duration_ms: 857.553083
      type: 'test'
      ...
    # Subtest: absent FINALIZE before
    ok 5 - absent FINALIZE before
      ---
      duration_ms: 2047.753084
      type: 'test'
      ...
    # Subtest: absent FINALIZE after
    ok 6 - absent FINALIZE after
      ---
      duration_ms: 1186.807417
      type: 'test'
      ...
    # Subtest: absent SCORING_LOCK before
    ok 7 - absent SCORING_LOCK before
      ---
      duration_ms: 2131.744208
      type: 'test'
      ...
    # Subtest: absent SCORING_LOCK after
    ok 8 - absent SCORING_LOCK after
      ---
      duration_ms: 965.740667
      type: 'test'
      ...
    # Subtest: absent marker rolls back on rejected lease
    ok 9 - absent marker rolls back on rejected lease
      ---
      duration_ms: 1370.589541
      type: 'test'
      ...
    # Subtest: absent marker rolls back on rejected source
    ok 10 - absent marker rolls back on rejected source
      ---
      duration_ms: 1387.138334
      type: 'test'
      ...
    # Subtest: two simultaneous rounds create only unchanged canonical Storylines demand
    ok 11 - two simultaneous rounds create only unchanged canonical Storylines demand
      ---
      duration_ms: 941.884958
      type: 'test'
      ...
    # Subtest: future2099 present marker actual claim/calculator/completion matches unchanged serial body
    ok 12 - future2099 present marker actual claim/calculator/completion matches unchanged serial body
      ---
      duration_ms: 1083.588459
      type: 'test'
      ...
    # Subtest: future2099 absent marker actual claim/calculator/completion matches unchanged serial body
    ok 13 - future2099 absent marker actual claim/calculator/completion matches unchanged serial body
      ---
      duration_ms: 980.972125
      type: 'test'
      ...
    # Subtest: future2099 absent marker rejects lease without provisional footprint
    ok 14 - future2099 absent marker rejects lease without provisional footprint
      ---
      duration_ms: 534.801375
      type: 'test'
      ...
    # Subtest: future2099 absent marker rejects source without provisional footprint
    ok 15 - future2099 absent marker rejects source without provisional footprint
      ---
      duration_ms: 507.793875
      type: 'test'
      ...
    # Subtest: future2099 absent marker rejects job-generation without provisional footprint
    ok 16 - future2099 absent marker rejects job-generation without provisional footprint
      ---
      duration_ms: 469.279333
      type: 'test'
      ...
    # Subtest: future2099 completion waits for Storylines before taking configuration or job lock
    ok 17 - future2099 completion waits for Storylines before taking configuration or job lock
      ---
      duration_ms: 613.693375
      type: 'test'
      ...
    # Subtest: actual absent-marker max lookup remains indexed with irrelevant result history
    ok 18 - actual absent-marker max lookup remains indexed with irrelevant result history
      ---
      duration_ms: 3099.802167
      type: 'test'
      ...
    # Subtest: both completion bodies and private helper are manifest bound without changed authority attributes
    ok 19 - both completion bodies and private helper are manifest bound without changed authority attributes
      ---
      duration_ms: 41.503166
      type: 'test'
      ...
    1..19
ok 1 - Net Skins owner completion locks exact Storylines before supported controls
  ---
  duration_ms: 33228.046
  type: 'test'
  ...
1..1
# tests 20
# suites 0
# pass 20
# fail 0
# cancelled 0
# skipped 0
# todo 0
# duration_ms 33304.887292
