TAP version 13
# Subtest: migration 078 rebinds future annual normal releases without mutating annual state
    # Subtest: future annual authorization, replay, stale and invariance
    not ok 1 - future annual authorization, replay, stale and invariance
      ---
      duration_ms: 2670.764125
      type: 'test'
      location: 'annual-normal-release-rebind-generated.mjs:25:13'
      failureType: 'testCodeFailure'
      error: |-
        Command failed (3): /opt/homebrew/opt/postgresql@17/bin/psql -X -qAt -v ON_ERROR_STOP=1 -d annual_normal_release_frozen_2026
        ERROR:  new row for relation "scoring_snapshots" violates check constraint "scoring_snapshots_hole_definitions_check"
        DETAIL:  Failing row contains (P0F-PROTECTED:S1, 2026, P0F-PROTECTED, 1, synthetic-v1, BB, 0.9, P0FC, Synthetic, 72, 120, 72, synthetic, [], {}, {}, null, 2026-09-29 22:27:24.847825-05, eeeeeeeeeeeeeeeeeeeeeeeeeeeeeeeeeeeeeeeeeeeeeeeeeeeeeeeeeeeeeeee, null).
      code: 'ERR_TEST_FAILURE'
      name: 'CommandFailure'
      stack: |-
        runCommand (annual-normal-release-rebind-generated.mjs:134:11)
        psql (annual-normal-release-rebind-generated.mjs:150:10)
        query (file:///Users/claybeltran/.codex/worktrees/reliability-phase2-score-path/BaggerInv/test/support/reliability/p0f-production-equivalence.mjs:12:17)
        runP0FProductionEquivalence (file:///Users/claybeltran/.codex/worktrees/reliability-phase2-score-path/BaggerInv/test/support/reliability/p0f-production-equivalence.mjs:18:2)
        TestContext.<anonymous> (annual-normal-release-rebind-generated.mjs:2176:32)
        Test.runInAsyncScope (node:async_hooks:226:14)
        Test.run (node:internal/test_runner/test:1397:25)
        Test.start (node:internal/test_runner/test:1257:17)
        TestContext.test (node:internal/test_runner/test:399:20)
        context.test (annual-normal-release-rebind-generated.mjs:25:13)
      ...
    1..1
not ok 1 - migration 078 rebinds future annual normal releases without mutating annual state
  ---
  duration_ms: 4408.265
  type: 'test'
  location: 'annual-normal-release-rebind-generated.mjs:18:10'
  failureType: 'subtestsFailed'
  error: '1 subtest failed'
  code: 'ERR_TEST_FAILURE'
  ...
1..1
# tests 2
# suites 0
# pass 0
# fail 2
# cancelled 0
# skipped 0
# todo 0
# duration_ms 4469.518083
