▶ R2 approved069 change preserves Certification readiness and retained annual source scope
  ✔ exact source comparison isolates three existing bodies, bridge and Production-only138 branch (2.528541ms)
  ✔ old130 bridge rejects mixed, unknown and privilege-tampered definitions atomically (1609.726ms)
  ✔ old130 bridge preserves OIDs, ACLs, all data and076 manifest; corrected repeated bridge is exact no-op (1754.294333ms)
  ✔ actual131 through152 upgrade from original130 and corrected-chain installation converge (1111.804167ms)
  ✔ authorized future CREATE and actual readiness need no Production platform certificate (140.065917ms)
  ✔ full supported future preparation retains genuine predecessor-close blocker without Production certificate (3933.224292ms)
  ✔ exact retained old138 readiness returns identical actual DTOs under rollback-only definition comparison (144.476125ms)
  ✔ roles, missing actor, foreign resource, wrong governance and stale context still fail closed (104.672542ms)
  ✔ complete final catalog differs only by three body definitions and the new private helper/dependencies (919.442041ms)
  ✔ no Google jobs, Production authority, hidden context or read mutation introduced (37.58725ms)
✔ R2 approved069 change preserves Certification readiness and retained annual source scope (16197.133667ms)
ℹ {"evidence":"/private/tmp/r2-069-certification-impact-2026-10-03T04-50-42.871Z.json","status":"PASS","sourceStable":true}
ℹ tests 11
ℹ suites 0
ℹ pass 11
ℹ fail 0
ℹ cancelled 0
ℹ skipped 0
ℹ todo 0
ℹ duration_ms 16268.152917
