▶ R2 approved069 change preserves Certification readiness and retained annual source scope
  ✔ exact source comparison isolates three existing bodies, bridge and Production-only138 branch (2.521583ms)
  ✔ old130 bridge rejects mixed, unknown and privilege-tampered definitions atomically (1314.714875ms)
  ✔ old130 bridge preserves OIDs, ACLs, all data and076 manifest; corrected repeated bridge is exact no-op (1543.327ms)
  ✔ actual131 through152 upgrade from original130 and corrected-chain installation converge (1150.526084ms)
  ✔ authorized future CREATE and actual readiness need no Production platform certificate (145.672333ms)
  ✔ full supported future preparation retains genuine predecessor-close blocker without Production certificate (3891.238041ms)
  ✔ exact retained old138 readiness returns identical actual DTOs under rollback-only definition comparison (164.439458ms)
  ✔ roles, missing actor, foreign resource, wrong governance and stale context still fail closed (102.741292ms)
  ✔ complete final catalog differs only by three body definitions and the new private helper/dependencies (951.669209ms)
  ✔ no Google jobs, Production authority, hidden context or read mutation introduced (39.018916ms)
✔ R2 approved069 change preserves Certification readiness and retained annual source scope (16041.869583ms)
ℹ {"evidence":"/private/tmp/r2-069-certification-impact-2026-10-03T04-44-09.051Z.json","status":"PASS","sourceStable":true}
ℹ tests 11
ℹ suites 0
ℹ pass 11
ℹ fail 0
ℹ cancelled 0
ℹ skipped 0
ℹ todo 0
ℹ duration_ms 16145.531875
