   ▲ Next.js 15.5.18

   Creating an optimized production build ...
<w> [webpack.cache.PackFileCacheStrategy] Skipped not serializable cache item 'Compilation/modules|javascript/auto|/private/tmp/bagger-phase2d-staging-admission/node_modules/next/dist/build/webpack/loaders/next-flight-css-loader.js??ruleSet[1].rules[14].oneOf[5].use[0]!/private/tmp/bagger-phase2d-staging-admission/node_modules/next/dist/build/webpack/loaders/css-loader/src/index.js??ruleSet[1].rules[14].oneOf[5].use[1]!/private/tmp/bagger-phase2d-staging-admission/node_modules/next/dist/build/webpack/loaders/postcss-loader/src/index.js??ruleSet[1].rules[14].oneOf[5].use[2]!/private/var/folders/1l/c2bdsd7114l3tgslqq4np9qc0000gn/T/bagger-r2-application-6OyC4v/app/historical.module.css|rsc': No serializer registered for Warning
<w> while serializing webpack/lib/cache/PackFileCacheStrategy.PackContentItems -> webpack/lib/NormalModule -> Array { 1 items } -> webpack/lib/ModuleWarning -> Warning
<w> [webpack.cache.PackFileCacheStrategy] Skipped not serializable cache item 'Compilation/modules|javascript/auto|/private/tmp/bagger-phase2d-staging-admission/node_modules/next/dist/build/webpack/loaders/next-flight-css-loader.js??ruleSet[1].rules[14].oneOf[5].use[0]!/private/tmp/bagger-phase2d-staging-admission/node_modules/next/dist/build/webpack/loaders/css-loader/src/index.js??ruleSet[1].rules[14].oneOf[5].use[1]!/private/tmp/bagger-phase2d-staging-admission/node_modules/next/dist/build/webpack/loaders/postcss-loader/src/index.js??ruleSet[1].rules[14].oneOf[5].use[2]!/private/var/folders/1l/c2bdsd7114l3tgslqq4np9qc0000gn/T/bagger-r2-application-6OyC4v/app/draft/draft.module.css|rsc': No serializer registered for Warning
<w> while serializing webpack/lib/cache/PackFileCacheStrategy.PackContentItems -> webpack/lib/NormalModule -> Array { 1 items } -> webpack/lib/ModuleWarning -> Warning
<w> [webpack.cache.PackFileCacheStrategy] Skipped not serializable cache item 'Compilation/modules|javascript/auto|/private/tmp/bagger-phase2d-staging-admission/node_modules/next/dist/build/webpack/loaders/next-flight-css-loader.js??ruleSet[1].rules[14].oneOf[5].use[0]!/private/tmp/bagger-phase2d-staging-admission/node_modules/next/dist/build/webpack/loaders/css-loader/src/index.js??ruleSet[1].rules[14].oneOf[5].use[1]!/private/tmp/bagger-phase2d-staging-admission/node_modules/next/dist/build/webpack/loaders/postcss-loader/src/index.js??ruleSet[1].rules[14].oneOf[5].use[2]!/private/var/folders/1l/c2bdsd7114l3tgslqq4np9qc0000gn/T/bagger-r2-application-6OyC4v/app/live/live.module.css|rsc': No serializer registered for Warning
<w> while serializing webpack/lib/cache/PackFileCacheStrategy.PackContentItems -> webpack/lib/NormalModule -> Array { 1 items } -> webpack/lib/ModuleWarning -> Warning
<w> [webpack.cache.PackFileCacheStrategy] Skipped not serializable cache item 'Compilation/modules|javascript/auto|/private/tmp/bagger-phase2d-staging-admission/node_modules/next/dist/build/webpack/loaders/next-flight-css-loader.js??ruleSet[1].rules[14].oneOf[5].use[0]!/private/tmp/bagger-phase2d-staging-admission/node_modules/next/dist/build/webpack/loaders/css-loader/src/index.js??ruleSet[1].rules[14].oneOf[5].use[1]!/private/tmp/bagger-phase2d-staging-admission/node_modules/next/dist/build/webpack/loaders/postcss-loader/src/index.js??ruleSet[1].rules[14].oneOf[5].use[2]!/private/var/folders/1l/c2bdsd7114l3tgslqq4np9qc0000gn/T/bagger-r2-application-6OyC4v/app/history/historical-match-row.module.css|rsc': No serializer registered for Warning
<w> while serializing webpack/lib/cache/PackFileCacheStrategy.PackContentItems -> webpack/lib/NormalModule -> Array { 1 items } -> webpack/lib/ModuleWarning -> Warning
<w> [webpack.cache.PackFileCacheStrategy] Skipped not serializable cache item 'Compilation/modules|javascript/auto|/private/tmp/bagger-phase2d-staging-admission/node_modules/next/dist/build/webpack/loaders/next-flight-css-loader.js??ruleSet[1].rules[14].oneOf[5].use[0]!/private/tmp/bagger-phase2d-staging-admission/node_modules/next/dist/build/webpack/loaders/css-loader/src/index.js??ruleSet[1].rules[14].oneOf[5].use[1]!/private/tmp/bagger-phase2d-staging-admission/node_modules/next/dist/build/webpack/loaders/postcss-loader/src/index.js??ruleSet[1].rules[14].oneOf[5].use[2]!/private/var/folders/1l/c2bdsd7114l3tgslqq4np9qc0000gn/T/bagger-r2-application-6OyC4v/app/draft/draft.module.css|ssr': No serializer registered for Warning
<w> while serializing webpack/lib/cache/PackFileCacheStrategy.PackContentItems -> webpack/lib/NormalModule -> Array { 1 items } -> webpack/lib/ModuleWarning -> Warning
<w> [webpack.cache.PackFileCacheStrategy] Skipped not serializable cache item 'Compilation/modules|javascript/auto|/private/tmp/bagger-phase2d-staging-admission/node_modules/next/dist/build/webpack/loaders/next-flight-css-loader.js??ruleSet[1].rules[14].oneOf[5].use[0]!/private/tmp/bagger-phase2d-staging-admission/node_modules/next/dist/build/webpack/loaders/css-loader/src/index.js??ruleSet[1].rules[14].oneOf[5].use[1]!/private/tmp/bagger-phase2d-staging-admission/node_modules/next/dist/build/webpack/loaders/postcss-loader/src/index.js??ruleSet[1].rules[14].oneOf[5].use[2]!/private/var/folders/1l/c2bdsd7114l3tgslqq4np9qc0000gn/T/bagger-r2-application-6OyC4v/app/historical.module.css|ssr': No serializer registered for Warning
<w> while serializing webpack/lib/cache/PackFileCacheStrategy.PackContentItems -> webpack/lib/NormalModule -> Array { 1 items } -> webpack/lib/ModuleWarning -> Warning
<w> [webpack.cache.PackFileCacheStrategy] Skipped not serializable cache item 'Compilation/modules|javascript/auto|/private/tmp/bagger-phase2d-staging-admission/node_modules/next/dist/build/webpack/loaders/next-flight-css-loader.js??ruleSet[1].rules[14].oneOf[5].use[0]!/private/tmp/bagger-phase2d-staging-admission/node_modules/next/dist/build/webpack/loaders/css-loader/src/index.js??ruleSet[1].rules[14].oneOf[5].use[1]!/private/tmp/bagger-phase2d-staging-admission/node_modules/next/dist/build/webpack/loaders/postcss-loader/src/index.js??ruleSet[1].rules[14].oneOf[5].use[2]!/private/var/folders/1l/c2bdsd7114l3tgslqq4np9qc0000gn/T/bagger-r2-application-6OyC4v/app/live/live.module.css|ssr': No serializer registered for Warning
<w> while serializing webpack/lib/cache/PackFileCacheStrategy.PackContentItems -> webpack/lib/NormalModule -> Array { 1 items } -> webpack/lib/ModuleWarning -> Warning
<w> [webpack.cache.PackFileCacheStrategy] Skipped not serializable cache item 'Compilation/modules|javascript/auto|/private/tmp/bagger-phase2d-staging-admission/node_modules/next/dist/build/webpack/loaders/next-flight-css-loader.js??ruleSet[1].rules[14].oneOf[5].use[0]!/private/tmp/bagger-phase2d-staging-admission/node_modules/next/dist/build/webpack/loaders/css-loader/src/index.js??ruleSet[1].rules[14].oneOf[5].use[1]!/private/tmp/bagger-phase2d-staging-admission/node_modules/next/dist/build/webpack/loaders/postcss-loader/src/index.js??ruleSet[1].rules[14].oneOf[5].use[2]!/private/var/folders/1l/c2bdsd7114l3tgslqq4np9qc0000gn/T/bagger-r2-application-6OyC4v/app/odds-center/odds.module.css|ssr': No serializer registered for Warning
<w> while serializing webpack/lib/cache/PackFileCacheStrategy.PackContentItems -> webpack/lib/NormalModule -> Array { 1 items } -> webpack/lib/ModuleWarning -> Warning
<w> [webpack.cache.PackFileCacheStrategy] Skipped not serializable cache item 'Compilation/modules|javascript/auto|/private/tmp/bagger-phase2d-staging-admission/node_modules/next/dist/build/webpack/loaders/next-flight-css-loader.js??ruleSet[1].rules[14].oneOf[5].use[0]!/private/tmp/bagger-phase2d-staging-admission/node_modules/next/dist/build/webpack/loaders/css-loader/src/index.js??ruleSet[1].rules[14].oneOf[5].use[1]!/private/tmp/bagger-phase2d-staging-admission/node_modules/next/dist/build/webpack/loaders/postcss-loader/src/index.js??ruleSet[1].rules[14].oneOf[5].use[2]!/private/var/folders/1l/c2bdsd7114l3tgslqq4np9qc0000gn/T/bagger-r2-application-6OyC4v/app/war-room/war-room.module.css|ssr': No serializer registered for Warning
<w> while serializing webpack/lib/cache/PackFileCacheStrategy.PackContentItems -> webpack/lib/NormalModule -> Array { 2 items } -> webpack/lib/ModuleWarning -> Warning
<w> [webpack.cache.PackFileCacheStrategy] Skipped not serializable cache item 'Compilation/modules|javascript/auto|/private/tmp/bagger-phase2d-staging-admission/node_modules/next/dist/build/webpack/loaders/next-flight-css-loader.js??ruleSet[1].rules[14].oneOf[5].use[0]!/private/tmp/bagger-phase2d-staging-admission/node_modules/next/dist/build/webpack/loaders/css-loader/src/index.js??ruleSet[1].rules[14].oneOf[5].use[1]!/private/tmp/bagger-phase2d-staging-admission/node_modules/next/dist/build/webpack/loaders/postcss-loader/src/index.js??ruleSet[1].rules[14].oneOf[5].use[2]!/private/var/folders/1l/c2bdsd7114l3tgslqq4np9qc0000gn/T/bagger-r2-application-6OyC4v/app/admin/admin-center.module.css|ssr': No serializer registered for Warning
<w> while serializing webpack/lib/cache/PackFileCacheStrategy.PackContentItems -> webpack/lib/NormalModule -> Array { 1 items } -> webpack/lib/ModuleWarning -> Warning
<w> [webpack.cache.PackFileCacheStrategy] Skipped not serializable cache item 'Compilation/modules|javascript/auto|/private/tmp/bagger-phase2d-staging-admission/node_modules/next/dist/build/webpack/loaders/next-flight-css-loader.js??ruleSet[1].rules[14].oneOf[5].use[0]!/private/tmp/bagger-phase2d-staging-admission/node_modules/next/dist/build/webpack/loaders/css-loader/src/index.js??ruleSet[1].rules[14].oneOf[5].use[1]!/private/tmp/bagger-phase2d-staging-admission/node_modules/next/dist/build/webpack/loaders/postcss-loader/src/index.js??ruleSet[1].rules[14].oneOf[5].use[2]!/private/var/folders/1l/c2bdsd7114l3tgslqq4np9qc0000gn/T/bagger-r2-application-6OyC4v/app/admin/player-passport-admin.module.css|ssr': No serializer registered for Warning
<w> while serializing webpack/lib/cache/PackFileCacheStrategy.PackContentItems -> webpack/lib/NormalModule -> Array { 1 items } -> webpack/lib/ModuleWarning -> Warning
<w> [webpack.cache.PackFileCacheStrategy] Skipped not serializable cache item 'Compilation/modules|javascript/auto|/private/tmp/bagger-phase2d-staging-admission/node_modules/next/dist/build/webpack/loaders/next-flight-css-loader.js??ruleSet[1].rules[14].oneOf[5].use[0]!/private/tmp/bagger-phase2d-staging-admission/node_modules/next/dist/build/webpack/loaders/css-loader/src/index.js??ruleSet[1].rules[14].oneOf[5].use[1]!/private/tmp/bagger-phase2d-staging-admission/node_modules/next/dist/build/webpack/loaders/postcss-loader/src/index.js??ruleSet[1].rules[14].oneOf[5].use[2]!/private/var/folders/1l/c2bdsd7114l3tgslqq4np9qc0000gn/T/bagger-r2-application-6OyC4v/app/admin/cms-manager.module.css|ssr': No serializer registered for Warning
<w> while serializing webpack/lib/cache/PackFileCacheStrategy.PackContentItems -> webpack/lib/NormalModule -> Array { 1 items } -> webpack/lib/ModuleWarning -> Warning
<w> [webpack.cache.PackFileCacheStrategy] Skipped not serializable cache item 'Compilation/modules|javascript/auto|/private/tmp/bagger-phase2d-staging-admission/node_modules/next/dist/build/webpack/loaders/next-flight-css-loader.js??ruleSet[1].rules[14].oneOf[5].use[0]!/private/tmp/bagger-phase2d-staging-admission/node_modules/next/dist/build/webpack/loaders/css-loader/src/index.js??ruleSet[1].rules[14].oneOf[5].use[1]!/private/tmp/bagger-phase2d-staging-admission/node_modules/next/dist/build/webpack/loaders/postcss-loader/src/index.js??ruleSet[1].rules[14].oneOf[5].use[2]!/private/var/folders/1l/c2bdsd7114l3tgslqq4np9qc0000gn/T/bagger-r2-application-6OyC4v/app/admin/director/ProductionFutureYearAdministrationPanel.module.css|ssr': No serializer registered for Warning
<w> while serializing webpack/lib/cache/PackFileCacheStrategy.PackContentItems -> webpack/lib/NormalModule -> Array { 1 items } -> webpack/lib/ModuleWarning -> Warning
<w> [webpack.cache.PackFileCacheStrategy] Skipped not serializable cache item 'Compilation/modules|javascript/auto|/private/tmp/bagger-phase2d-staging-admission/node_modules/next/dist/build/webpack/loaders/next-flight-css-loader.js??ruleSet[1].rules[14].oneOf[5].use[0]!/private/tmp/bagger-phase2d-staging-admission/node_modules/next/dist/build/webpack/loaders/css-loader/src/index.js??ruleSet[1].rules[14].oneOf[5].use[1]!/private/tmp/bagger-phase2d-staging-admission/node_modules/next/dist/build/webpack/loaders/postcss-loader/src/index.js??ruleSet[1].rules[14].oneOf[5].use[2]!/private/var/folders/1l/c2bdsd7114l3tgslqq4np9qc0000gn/T/bagger-r2-application-6OyC4v/app/admin/director/net-skins-entries.module.css|ssr': No serializer registered for Warning
<w> while serializing webpack/lib/cache/PackFileCacheStrategy.PackContentItems -> webpack/lib/NormalModule -> Array { 1 items } -> webpack/lib/ModuleWarning -> Warning
 ⚠ Compiled with warnings in 7.4s

./app/admin/admin-center.module.css
Warning

(1:1045) autoprefixer: end value has mixed support, consider using flex-end instead

Import trace for requested module:
./app/admin/admin-center.module.css
./app/admin/AdminCenter.js

./app/admin/cms-manager.module.css
Warning

(1:674) autoprefixer: end value has mixed support, consider using flex-end instead

Import trace for requested module:
./app/admin/cms-manager.module.css
./app/admin/CmsManager.js
./app/admin/AdminCenter.js

./app/admin/director/ProductionFutureYearAdministrationPanel.module.css
Warning

(1:3693) autoprefixer: end value has mixed support, consider using flex-end instead

Import trace for requested module:
./app/admin/director/ProductionFutureYearAdministrationPanel.module.css
./app/admin/director/ProductionFutureYearAdministrationPanel.js
./app/admin/director/ProductionDirectorConsole.js

./app/admin/director/net-skins-entries.module.css
Warning

(24:53) autoprefixer: end value has mixed support, consider using flex-end instead

Import trace for requested module:
./app/admin/director/net-skins-entries.module.css
./app/admin/director/ProductionNetSkinsEntries.js
./app/admin/director/CanonicalDirectorOperations.js
./app/admin/director/CanonicalDirectorConsole.js

./app/admin/player-passport-admin.module.css
Warning

(1:108) autoprefixer: end value has mixed support, consider using flex-end instead

Import trace for requested module:
./app/admin/player-passport-admin.module.css
./app/admin/PlayerPassportAdmin.js
./app/admin/AdminCenter.js

./app/draft/draft.module.css
Warning

(1:1661) autoprefixer: end value has mixed support, consider using flex-end instead

Import trace for requested module:
./app/draft/draft.module.css
./app/draft/DraftExperience.js
./app/draft/page.js

./app/draft/draft.module.css
Warning

(1:1661) autoprefixer: end value has mixed support, consider using flex-end instead

Import trace for requested module:
./app/draft/draft.module.css
./app/draft/DraftAnalysisSummary.js

./app/historical.module.css
Warning

(2285:3) autoprefixer: end value has mixed support, consider using flex-end instead

Import trace for requested module:
./app/historical.module.css
./app/board-of-governors/page.js

./app/historical.module.css
Warning

(2285:3) autoprefixer: end value has mixed support, consider using flex-end instead

Import trace for requested module:
./app/historical.module.css
./app/history/HistoryBackToTop.js

./app/history/historical-match-row.module.css
Warning

(1:1188) autoprefixer: end value has mixed support, consider using flex-end instead

Import trace for requested module:
./app/history/historical-match-row.module.css
./app/history/HistoricalMatchRow.js
./app/history/[year]/round/[round]/page.js

./app/live/live.module.css
Warning

(155:3) autoprefixer: end value has mixed support, consider using flex-end instead

Import trace for requested module:
./app/live/live.module.css
./app/PublicMatchCard.js
./app/history/[year]/team/[side]/page.js

./app/live/live.module.css
Warning

(155:3) autoprefixer: end value has mixed support, consider using flex-end instead

Import trace for requested module:
./app/live/live.module.css
./app/me/ParticipantProfile.js

./app/odds-center/odds.module.css
Warning

(1:1051) autoprefixer: end value has mixed support, consider using flex-end instead

Import trace for requested module:
./app/odds-center/odds.module.css
./app/odds-center/OddsCenter.js

./app/war-room/war-room.module.css
Warning

(5:240) autoprefixer: end value has mixed support, consider using flex-end instead

Import trace for requested module:
./app/war-room/war-room.module.css
./app/war-room/WarRoom.js

./app/war-room/war-room.module.css
Warning

(19:50) autoprefixer: end value has mixed support, consider using flex-end instead

Import trace for requested module:
./app/war-room/war-room.module.css
./app/war-room/WarRoom.js

<w> [webpack.cache.PackFileCacheStrategy] Skipped not serializable cache item 'Compilation/modules|/private/tmp/bagger-phase2d-staging-admission/node_modules/next/dist/build/webpack/loaders/css-loader/src/index.js??ruleSet[1].rules[14].oneOf[5].use[2]!/private/tmp/bagger-phase2d-staging-admission/node_modules/next/dist/build/webpack/loaders/postcss-loader/src/index.js??ruleSet[1].rules[14].oneOf[5].use[3]!/private/var/folders/1l/c2bdsd7114l3tgslqq4np9qc0000gn/T/bagger-r2-application-6OyC4v/app/historical.module.css': No serializer registered for Warning
<w> while serializing webpack/lib/cache/PackFileCacheStrategy.PackContentItems -> webpack/lib/NormalModule -> Array { 1 items } -> webpack/lib/ModuleWarning -> Warning
<w> [webpack.cache.PackFileCacheStrategy] Skipped not serializable cache item 'Compilation/modules|/private/tmp/bagger-phase2d-staging-admission/node_modules/next/dist/build/webpack/loaders/css-loader/src/index.js??ruleSet[1].rules[14].oneOf[5].use[2]!/private/tmp/bagger-phase2d-staging-admission/node_modules/next/dist/build/webpack/loaders/postcss-loader/src/index.js??ruleSet[1].rules[14].oneOf[5].use[3]!/private/var/folders/1l/c2bdsd7114l3tgslqq4np9qc0000gn/T/bagger-r2-application-6OyC4v/app/draft/draft.module.css': No serializer registered for Warning
<w> while serializing webpack/lib/cache/PackFileCacheStrategy.PackContentItems -> webpack/lib/NormalModule -> Array { 1 items } -> webpack/lib/ModuleWarning -> Warning
<w> [webpack.cache.PackFileCacheStrategy] Skipped not serializable cache item 'Compilation/modules|/private/tmp/bagger-phase2d-staging-admission/node_modules/next/dist/build/webpack/loaders/css-loader/src/index.js??ruleSet[1].rules[14].oneOf[5].use[2]!/private/tmp/bagger-phase2d-staging-admission/node_modules/next/dist/build/webpack/loaders/postcss-loader/src/index.js??ruleSet[1].rules[14].oneOf[5].use[3]!/private/var/folders/1l/c2bdsd7114l3tgslqq4np9qc0000gn/T/bagger-r2-application-6OyC4v/app/live/live.module.css': No serializer registered for Warning
<w> while serializing webpack/lib/cache/PackFileCacheStrategy.PackContentItems -> webpack/lib/NormalModule -> Array { 1 items } -> webpack/lib/ModuleWarning -> Warning
<w> [webpack.cache.PackFileCacheStrategy] Skipped not serializable cache item 'Compilation/modules|/private/tmp/bagger-phase2d-staging-admission/node_modules/next/dist/build/webpack/loaders/css-loader/src/index.js??ruleSet[1].rules[14].oneOf[5].use[2]!/private/tmp/bagger-phase2d-staging-admission/node_modules/next/dist/build/webpack/loaders/postcss-loader/src/index.js??ruleSet[1].rules[14].oneOf[5].use[3]!/private/var/folders/1l/c2bdsd7114l3tgslqq4np9qc0000gn/T/bagger-r2-application-6OyC4v/app/history/historical-match-row.module.css': No serializer registered for Warning
<w> while serializing webpack/lib/cache/PackFileCacheStrategy.PackContentItems -> webpack/lib/NormalModule -> Array { 1 items } -> webpack/lib/ModuleWarning -> Warning
<w> [webpack.cache.PackFileCacheStrategy] Skipped not serializable cache item 'Compilation/modules|/private/tmp/bagger-phase2d-staging-admission/node_modules/next/dist/build/webpack/loaders/css-loader/src/index.js??ruleSet[1].rules[14].oneOf[5].use[2]!/private/tmp/bagger-phase2d-staging-admission/node_modules/next/dist/build/webpack/loaders/postcss-loader/src/index.js??ruleSet[1].rules[14].oneOf[5].use[3]!/private/var/folders/1l/c2bdsd7114l3tgslqq4np9qc0000gn/T/bagger-r2-application-6OyC4v/app/odds-center/odds.module.css': No serializer registered for Warning
<w> while serializing webpack/lib/cache/PackFileCacheStrategy.PackContentItems -> webpack/lib/NormalModule -> Array { 1 items } -> webpack/lib/ModuleWarning -> Warning
<w> [webpack.cache.PackFileCacheStrategy] Skipped not serializable cache item 'Compilation/modules|/private/tmp/bagger-phase2d-staging-admission/node_modules/next/dist/build/webpack/loaders/css-loader/src/index.js??ruleSet[1].rules[14].oneOf[5].use[2]!/private/tmp/bagger-phase2d-staging-admission/node_modules/next/dist/build/webpack/loaders/postcss-loader/src/index.js??ruleSet[1].rules[14].oneOf[5].use[3]!/private/var/folders/1l/c2bdsd7114l3tgslqq4np9qc0000gn/T/bagger-r2-application-6OyC4v/app/war-room/war-room.module.css': No serializer registered for Warning
<w> while serializing webpack/lib/cache/PackFileCacheStrategy.PackContentItems -> webpack/lib/NormalModule -> Array { 2 items } -> webpack/lib/ModuleWarning -> Warning
<w> [webpack.cache.PackFileCacheStrategy] Skipped not serializable cache item 'Compilation/modules|/private/tmp/bagger-phase2d-staging-admission/node_modules/next/dist/build/webpack/loaders/css-loader/src/index.js??ruleSet[1].rules[14].oneOf[5].use[2]!/private/tmp/bagger-phase2d-staging-admission/node_modules/next/dist/build/webpack/loaders/postcss-loader/src/index.js??ruleSet[1].rules[14].oneOf[5].use[3]!/private/var/folders/1l/c2bdsd7114l3tgslqq4np9qc0000gn/T/bagger-r2-application-6OyC4v/app/admin/admin-center.module.css': No serializer registered for Warning
<w> while serializing webpack/lib/cache/PackFileCacheStrategy.PackContentItems -> webpack/lib/NormalModule -> Array { 1 items } -> webpack/lib/ModuleWarning -> Warning
<w> [webpack.cache.PackFileCacheStrategy] Skipped not serializable cache item 'Compilation/modules|/private/tmp/bagger-phase2d-staging-admission/node_modules/next/dist/build/webpack/loaders/css-loader/src/index.js??ruleSet[1].rules[14].oneOf[5].use[2]!/private/tmp/bagger-phase2d-staging-admission/node_modules/next/dist/build/webpack/loaders/postcss-loader/src/index.js??ruleSet[1].rules[14].oneOf[5].use[3]!/private/var/folders/1l/c2bdsd7114l3tgslqq4np9qc0000gn/T/bagger-r2-application-6OyC4v/app/admin/cms-manager.module.css': No serializer registered for Warning
<w> while serializing webpack/lib/cache/PackFileCacheStrategy.PackContentItems -> webpack/lib/NormalModule -> Array { 1 items } -> webpack/lib/ModuleWarning -> Warning
<w> [webpack.cache.PackFileCacheStrategy] Skipped not serializable cache item 'Compilation/modules|/private/tmp/bagger-phase2d-staging-admission/node_modules/next/dist/build/webpack/loaders/css-loader/src/index.js??ruleSet[1].rules[14].oneOf[5].use[2]!/private/tmp/bagger-phase2d-staging-admission/node_modules/next/dist/build/webpack/loaders/postcss-loader/src/index.js??ruleSet[1].rules[14].oneOf[5].use[3]!/private/var/folders/1l/c2bdsd7114l3tgslqq4np9qc0000gn/T/bagger-r2-application-6OyC4v/app/admin/player-passport-admin.module.css': No serializer registered for Warning
<w> while serializing webpack/lib/cache/PackFileCacheStrategy.PackContentItems -> webpack/lib/NormalModule -> Array { 1 items } -> webpack/lib/ModuleWarning -> Warning
<w> [webpack.cache.PackFileCacheStrategy] Skipped not serializable cache item 'Compilation/modules|/private/tmp/bagger-phase2d-staging-admission/node_modules/next/dist/build/webpack/loaders/css-loader/src/index.js??ruleSet[1].rules[14].oneOf[5].use[2]!/private/tmp/bagger-phase2d-staging-admission/node_modules/next/dist/build/webpack/loaders/postcss-loader/src/index.js??ruleSet[1].rules[14].oneOf[5].use[3]!/private/var/folders/1l/c2bdsd7114l3tgslqq4np9qc0000gn/T/bagger-r2-application-6OyC4v/app/admin/director/ProductionFutureYearAdministrationPanel.module.css': No serializer registered for Warning
<w> while serializing webpack/lib/cache/PackFileCacheStrategy.PackContentItems -> webpack/lib/NormalModule -> Array { 1 items } -> webpack/lib/ModuleWarning -> Warning
<w> [webpack.cache.PackFileCacheStrategy] Skipped not serializable cache item 'Compilation/modules|/private/tmp/bagger-phase2d-staging-admission/node_modules/next/dist/build/webpack/loaders/css-loader/src/index.js??ruleSet[1].rules[14].oneOf[5].use[2]!/private/tmp/bagger-phase2d-staging-admission/node_modules/next/dist/build/webpack/loaders/postcss-loader/src/index.js??ruleSet[1].rules[14].oneOf[5].use[3]!/private/var/folders/1l/c2bdsd7114l3tgslqq4np9qc0000gn/T/bagger-r2-application-6OyC4v/app/admin/director/net-skins-entries.module.css': No serializer registered for Warning
<w> while serializing webpack/lib/cache/PackFileCacheStrategy.PackContentItems -> webpack/lib/NormalModule -> Array { 1 items } -> webpack/lib/ModuleWarning -> Warning
 ⚠ Compiled with warnings in 2.8s

./app/admin/admin-center.module.css.webpack[javascript/auto]!=!../../../../../../tmp/bagger-phase2d-staging-admission/node_modules/next/dist/build/webpack/loaders/css-loader/src/index.js??ruleSet[1].rules[14].oneOf[5].use[2]!../../../../../../tmp/bagger-phase2d-staging-admission/node_modules/next/dist/build/webpack/loaders/postcss-loader/src/index.js??ruleSet[1].rules[14].oneOf[5].use[3]!./app/admin/admin-center.module.css
Warning

(1:1045) autoprefixer: end value has mixed support, consider using flex-end instead

Import trace for requested module:
./app/admin/admin-center.module.css.webpack[javascript/auto]!=!../../../../../../tmp/bagger-phase2d-staging-admission/node_modules/next/dist/build/webpack/loaders/css-loader/src/index.js??ruleSet[1].rules[14].oneOf[5].use[2]!../../../../../../tmp/bagger-phase2d-staging-admission/node_modules/next/dist/build/webpack/loaders/postcss-loader/src/index.js??ruleSet[1].rules[14].oneOf[5].use[3]!./app/admin/admin-center.module.css
./app/admin/admin-center.module.css
./app/admin/AdminCenter.js

./app/admin/cms-manager.module.css.webpack[javascript/auto]!=!../../../../../../tmp/bagger-phase2d-staging-admission/node_modules/next/dist/build/webpack/loaders/css-loader/src/index.js??ruleSet[1].rules[14].oneOf[5].use[2]!../../../../../../tmp/bagger-phase2d-staging-admission/node_modules/next/dist/build/webpack/loaders/postcss-loader/src/index.js??ruleSet[1].rules[14].oneOf[5].use[3]!./app/admin/cms-manager.module.css
Warning

(1:674) autoprefixer: end value has mixed support, consider using flex-end instead

Import trace for requested module:
./app/admin/cms-manager.module.css.webpack[javascript/auto]!=!../../../../../../tmp/bagger-phase2d-staging-admission/node_modules/next/dist/build/webpack/loaders/css-loader/src/index.js??ruleSet[1].rules[14].oneOf[5].use[2]!../../../../../../tmp/bagger-phase2d-staging-admission/node_modules/next/dist/build/webpack/loaders/postcss-loader/src/index.js??ruleSet[1].rules[14].oneOf[5].use[3]!./app/admin/cms-manager.module.css
./app/admin/cms-manager.module.css
./app/admin/CmsManager.js
./app/admin/AdminCenter.js

./app/admin/director/ProductionFutureYearAdministrationPanel.module.css.webpack[javascript/auto]!=!../../../../../../tmp/bagger-phase2d-staging-admission/node_modules/next/dist/build/webpack/loaders/css-loader/src/index.js??ruleSet[1].rules[14].oneOf[5].use[2]!../../../../../../tmp/bagger-phase2d-staging-admission/node_modules/next/dist/build/webpack/loaders/postcss-loader/src/index.js??ruleSet[1].rules[14].oneOf[5].use[3]!./app/admin/director/ProductionFutureYearAdministrationPanel.module.css
Warning

(1:3693) autoprefixer: end value has mixed support, consider using flex-end instead

Import trace for requested module:
./app/admin/director/ProductionFutureYearAdministrationPanel.module.css.webpack[javascript/auto]!=!../../../../../../tmp/bagger-phase2d-staging-admission/node_modules/next/dist/build/webpack/loaders/css-loader/src/index.js??ruleSet[1].rules[14].oneOf[5].use[2]!../../../../../../tmp/bagger-phase2d-staging-admission/node_modules/next/dist/build/webpack/loaders/postcss-loader/src/index.js??ruleSet[1].rules[14].oneOf[5].use[3]!./app/admin/director/ProductionFutureYearAdministrationPanel.module.css
./app/admin/director/ProductionFutureYearAdministrationPanel.module.css
./app/admin/director/ProductionFutureYearAdministrationPanel.js
./app/admin/director/ProductionDirectorConsole.js

./app/admin/director/net-skins-entries.module.css.webpack[javascript/auto]!=!../../../../../../tmp/bagger-phase2d-staging-admission/node_modules/next/dist/build/webpack/loaders/css-loader/src/index.js??ruleSet[1].rules[14].oneOf[5].use[2]!../../../../../../tmp/bagger-phase2d-staging-admission/node_modules/next/dist/build/webpack/loaders/postcss-loader/src/index.js??ruleSet[1].rules[14].oneOf[5].use[3]!./app/admin/director/net-skins-entries.module.css
Warning

(24:53) autoprefixer: end value has mixed support, consider using flex-end instead

Import trace for requested module:
./app/admin/director/net-skins-entries.module.css.webpack[javascript/auto]!=!../../../../../../tmp/bagger-phase2d-staging-admission/node_modules/next/dist/build/webpack/loaders/css-loader/src/index.js??ruleSet[1].rules[14].oneOf[5].use[2]!../../../../../../tmp/bagger-phase2d-staging-admission/node_modules/next/dist/build/webpack/loaders/postcss-loader/src/index.js??ruleSet[1].rules[14].oneOf[5].use[3]!./app/admin/director/net-skins-entries.module.css
./app/admin/director/net-skins-entries.module.css
./app/admin/director/ProductionNetSkinsEntries.js
./app/admin/director/CanonicalDirectorOperations.js
./app/admin/director/CanonicalDirectorConsole.js

./app/admin/player-passport-admin.module.css.webpack[javascript/auto]!=!../../../../../../tmp/bagger-phase2d-staging-admission/node_modules/next/dist/build/webpack/loaders/css-loader/src/index.js??ruleSet[1].rules[14].oneOf[5].use[2]!../../../../../../tmp/bagger-phase2d-staging-admission/node_modules/next/dist/build/webpack/loaders/postcss-loader/src/index.js??ruleSet[1].rules[14].oneOf[5].use[3]!./app/admin/player-passport-admin.module.css
Warning

(1:108) autoprefixer: end value has mixed support, consider using flex-end instead

Import trace for requested module:
./app/admin/player-passport-admin.module.css.webpack[javascript/auto]!=!../../../../../../tmp/bagger-phase2d-staging-admission/node_modules/next/dist/build/webpack/loaders/css-loader/src/index.js??ruleSet[1].rules[14].oneOf[5].use[2]!../../../../../../tmp/bagger-phase2d-staging-admission/node_modules/next/dist/build/webpack/loaders/postcss-loader/src/index.js??ruleSet[1].rules[14].oneOf[5].use[3]!./app/admin/player-passport-admin.module.css
./app/admin/player-passport-admin.module.css
./app/admin/PlayerPassportAdmin.js
./app/admin/AdminCenter.js

./app/draft/draft.module.css.webpack[javascript/auto]!=!../../../../../../tmp/bagger-phase2d-staging-admission/node_modules/next/dist/build/webpack/loaders/css-loader/src/index.js??ruleSet[1].rules[14].oneOf[5].use[2]!../../../../../../tmp/bagger-phase2d-staging-admission/node_modules/next/dist/build/webpack/loaders/postcss-loader/src/index.js??ruleSet[1].rules[14].oneOf[5].use[3]!./app/draft/draft.module.css
Warning

(1:1661) autoprefixer: end value has mixed support, consider using flex-end instead

Import trace for requested module:
./app/draft/draft.module.css.webpack[javascript/auto]!=!../../../../../../tmp/bagger-phase2d-staging-admission/node_modules/next/dist/build/webpack/loaders/css-loader/src/index.js??ruleSet[1].rules[14].oneOf[5].use[2]!../../../../../../tmp/bagger-phase2d-staging-admission/node_modules/next/dist/build/webpack/loaders/postcss-loader/src/index.js??ruleSet[1].rules[14].oneOf[5].use[3]!./app/draft/draft.module.css
./app/draft/draft.module.css

./app/historical.module.css.webpack[javascript/auto]!=!../../../../../../tmp/bagger-phase2d-staging-admission/node_modules/next/dist/build/webpack/loaders/css-loader/src/index.js??ruleSet[1].rules[14].oneOf[5].use[2]!../../../../../../tmp/bagger-phase2d-staging-admission/node_modules/next/dist/build/webpack/loaders/postcss-loader/src/index.js??ruleSet[1].rules[14].oneOf[5].use[3]!./app/historical.module.css
Warning

(2285:3) autoprefixer: end value has mixed support, consider using flex-end instead

Import trace for requested module:
./app/historical.module.css.webpack[javascript/auto]!=!../../../../../../tmp/bagger-phase2d-staging-admission/node_modules/next/dist/build/webpack/loaders/css-loader/src/index.js??ruleSet[1].rules[14].oneOf[5].use[2]!../../../../../../tmp/bagger-phase2d-staging-admission/node_modules/next/dist/build/webpack/loaders/postcss-loader/src/index.js??ruleSet[1].rules[14].oneOf[5].use[3]!./app/historical.module.css
./app/historical.module.css

./app/history/historical-match-row.module.css.webpack[javascript/auto]!=!../../../../../../tmp/bagger-phase2d-staging-admission/node_modules/next/dist/build/webpack/loaders/css-loader/src/index.js??ruleSet[1].rules[14].oneOf[5].use[2]!../../../../../../tmp/bagger-phase2d-staging-admission/node_modules/next/dist/build/webpack/loaders/postcss-loader/src/index.js??ruleSet[1].rules[14].oneOf[5].use[3]!./app/history/historical-match-row.module.css
Warning

(1:1188) autoprefixer: end value has mixed support, consider using flex-end instead

Import trace for requested module:
./app/history/historical-match-row.module.css.webpack[javascript/auto]!=!../../../../../../tmp/bagger-phase2d-staging-admission/node_modules/next/dist/build/webpack/loaders/css-loader/src/index.js??ruleSet[1].rules[14].oneOf[5].use[2]!../../../../../../tmp/bagger-phase2d-staging-admission/node_modules/next/dist/build/webpack/loaders/postcss-loader/src/index.js??ruleSet[1].rules[14].oneOf[5].use[3]!./app/history/historical-match-row.module.css
./app/history/historical-match-row.module.css

./app/live/live.module.css.webpack[javascript/auto]!=!../../../../../../tmp/bagger-phase2d-staging-admission/node_modules/next/dist/build/webpack/loaders/css-loader/src/index.js??ruleSet[1].rules[14].oneOf[5].use[2]!../../../../../../tmp/bagger-phase2d-staging-admission/node_modules/next/dist/build/webpack/loaders/postcss-loader/src/index.js??ruleSet[1].rules[14].oneOf[5].use[3]!./app/live/live.module.css
Warning

(155:3) autoprefixer: end value has mixed support, consider using flex-end instead

Import trace for requested module:
./app/live/live.module.css.webpack[javascript/auto]!=!../../../../../../tmp/bagger-phase2d-staging-admission/node_modules/next/dist/build/webpack/loaders/css-loader/src/index.js??ruleSet[1].rules[14].oneOf[5].use[2]!../../../../../../tmp/bagger-phase2d-staging-admission/node_modules/next/dist/build/webpack/loaders/postcss-loader/src/index.js??ruleSet[1].rules[14].oneOf[5].use[3]!./app/live/live.module.css
./app/live/live.module.css

./app/odds-center/odds.module.css.webpack[javascript/auto]!=!../../../../../../tmp/bagger-phase2d-staging-admission/node_modules/next/dist/build/webpack/loaders/css-loader/src/index.js??ruleSet[1].rules[14].oneOf[5].use[2]!../../../../../../tmp/bagger-phase2d-staging-admission/node_modules/next/dist/build/webpack/loaders/postcss-loader/src/index.js??ruleSet[1].rules[14].oneOf[5].use[3]!./app/odds-center/odds.module.css
Warning

(1:1051) autoprefixer: end value has mixed support, consider using flex-end instead

Import trace for requested module:
./app/odds-center/odds.module.css.webpack[javascript/auto]!=!../../../../../../tmp/bagger-phase2d-staging-admission/node_modules/next/dist/build/webpack/loaders/css-loader/src/index.js??ruleSet[1].rules[14].oneOf[5].use[2]!../../../../../../tmp/bagger-phase2d-staging-admission/node_modules/next/dist/build/webpack/loaders/postcss-loader/src/index.js??ruleSet[1].rules[14].oneOf[5].use[3]!./app/odds-center/odds.module.css
./app/odds-center/odds.module.css
./app/odds-center/OddsCenter.js

./app/war-room/war-room.module.css.webpack[javascript/auto]!=!../../../../../../tmp/bagger-phase2d-staging-admission/node_modules/next/dist/build/webpack/loaders/css-loader/src/index.js??ruleSet[1].rules[14].oneOf[5].use[2]!../../../../../../tmp/bagger-phase2d-staging-admission/node_modules/next/dist/build/webpack/loaders/postcss-loader/src/index.js??ruleSet[1].rules[14].oneOf[5].use[3]!./app/war-room/war-room.module.css
Warning

(5:240) autoprefixer: end value has mixed support, consider using flex-end instead

Import trace for requested module:
./app/war-room/war-room.module.css.webpack[javascript/auto]!=!../../../../../../tmp/bagger-phase2d-staging-admission/node_modules/next/dist/build/webpack/loaders/css-loader/src/index.js??ruleSet[1].rules[14].oneOf[5].use[2]!../../../../../../tmp/bagger-phase2d-staging-admission/node_modules/next/dist/build/webpack/loaders/postcss-loader/src/index.js??ruleSet[1].rules[14].oneOf[5].use[3]!./app/war-room/war-room.module.css
./app/war-room/war-room.module.css
./app/war-room/WarRoom.js

./app/war-room/war-room.module.css.webpack[javascript/auto]!=!../../../../../../tmp/bagger-phase2d-staging-admission/node_modules/next/dist/build/webpack/loaders/css-loader/src/index.js??ruleSet[1].rules[14].oneOf[5].use[2]!../../../../../../tmp/bagger-phase2d-staging-admission/node_modules/next/dist/build/webpack/loaders/postcss-loader/src/index.js??ruleSet[1].rules[14].oneOf[5].use[3]!./app/war-room/war-room.module.css
Warning

(19:50) autoprefixer: end value has mixed support, consider using flex-end instead

Import trace for requested module:
./app/war-room/war-room.module.css.webpack[javascript/auto]!=!../../../../../../tmp/bagger-phase2d-staging-admission/node_modules/next/dist/build/webpack/loaders/css-loader/src/index.js??ruleSet[1].rules[14].oneOf[5].use[2]!../../../../../../tmp/bagger-phase2d-staging-admission/node_modules/next/dist/build/webpack/loaders/postcss-loader/src/index.js??ruleSet[1].rules[14].oneOf[5].use[3]!./app/war-room/war-room.module.css
./app/war-room/war-room.module.css
./app/war-room/WarRoom.js

 ✓ Compiled successfully in 10.3s
   Linting and checking validity of types ...
   Collecting page data ...
   Generating static pages (0/19) ...
   Generating static pages (4/19) 
   Generating static pages (9/19) 
   Generating static pages (14/19) 
 ✓ Generating static pages (19/19)
   Finalizing page optimization ...
   Collecting build traces ...

Route (app)                                                           Size  First Load JS
┌ ƒ /                                                              4.42 kB         115 kB
├ ○ /_not-found                                                    1.01 kB         104 kB
├ ○ /activate                                                      1.93 kB         108 kB
├ ƒ /admin                                                         24.6 kB         141 kB
├ ○ /admin/data-health                                               472 B         103 kB
├ ƒ /admin/director                                                 127 kB         278 kB
├ ƒ /admin/director/completed-history                              2.06 kB         113 kB
├ ƒ /admin/director/game-center-readiness                            416 B         151 kB
├ ƒ /admin/live-matches                                              472 B         103 kB
├ ○ /admin/publish-odds                                              472 B         103 kB
├ ƒ /admin/source-audit                                               1 kB         104 kB
├ ƒ /admin/step11-6-production-google-writer-fence                 6.51 kB         114 kB
├ ƒ /admin/step12-production-google-writer-provider-fence          5.24 kB         112 kB
├ ƒ /admin/tournament-guide                                          472 B         103 kB
├ ƒ /api/admin/cms                                                   472 B         103 kB
├ ƒ /api/admin/data-authority-certification                          472 B         103 kB
├ ƒ /api/admin/draft-projection                                      472 B         103 kB
├ ƒ /api/admin/production-calcutta-v1                                472 B         103 kB
├ ƒ /api/admin/production-director-synchronization                   472 B         103 kB
├ ƒ /api/admin/production-maintenance-precommit-deployment-rebind    472 B         103 kB
├ ƒ /api/admin/production-net-skins-v1                               472 B         103 kB
├ ƒ /api/admin/production-odds-calculations                          472 B         103 kB
├ ƒ /api/admin/scorecard-calibration                                 472 B         103 kB
├ ƒ /api/admin/session                                               472 B         103 kB
├ ƒ /api/admin/step11-6-production-google-writer-fence               472 B         103 kB
├ ƒ /api/admin/step11-production-google-certificate                  472 B         103 kB
├ ƒ /api/admin/step11-production-google-metadata                     472 B         103 kB
├ ƒ /api/admin/step11-scoring-rehearsal                              472 B         103 kB
├ ƒ /api/admin/tournament                                            472 B         103 kB
├ ƒ /api/admin/war-room-calculation-parity                           472 B         103 kB
├ ƒ /api/admin/war-room-input-parity                                 472 B         103 kB
├ ƒ /api/auth/hooks/send-sms                                         472 B         103 kB
├ ƒ /api/captains-briefing                                           472 B         103 kB
├ ƒ /api/cron/account-deletion                                       472 B         103 kB
├ ƒ /api/cron/future-match-google-compatibility                      472 B         103 kB
├ ƒ /api/cron/guide-sync                                             472 B         103 kB
├ ƒ /api/cron/guide-sync/diagnostics                                 472 B         103 kB
├ ƒ /api/cron/round-scorecards-archive                               472 B         103 kB
├ ƒ /api/cron/scoring-google-outbox                                  472 B         103 kB
├ ƒ /api/director                                                    472 B         103 kB
├ ƒ /api/director/access                                             472 B         103 kB
├ ƒ /api/director/canonical-odds                                     472 B         103 kB
├ ƒ /api/director/canonical-operations                               472 B         103 kB
├ ƒ /api/director/canonical-overview                                 472 B         103 kB
├ ƒ /api/director/completed-history                                  472 B         103 kB
├ ƒ /api/director/draft                                              472 B         103 kB
├ ƒ /api/director/entitlement                                        472 B         103 kB
├ ƒ /api/director/future-tournaments                                 472 B         103 kB
├ ƒ /api/director/future-tournaments/google-writer                   472 B         103 kB
├ ƒ /api/director/guide                                              472 B         103 kB
├ ƒ /api/director/guide-content                                      472 B         103 kB
├ ƒ /api/director/handicaps                                          472 B         103 kB
├ ƒ /api/director/identity-shadow-diagnostics                        472 B         103 kB
├ ƒ /api/director/impersonation                                      472 B         103 kB
├ ƒ /api/director/net-skins-entries                                  472 B         103 kB
├ ƒ /api/director/notifications/sandbox                              472 B         103 kB
├ ƒ /api/director/odds-publication                                   472 B         103 kB
├ ƒ /api/director/participant-identity                               472 B         103 kB
├ ƒ /api/director/players-access                                     472 B         103 kB
├ ƒ /api/director/prediction-settings                                472 B         103 kB
├ ƒ /api/director/production-overview                                472 B         103 kB
├ ƒ /api/director/reset-preview                                      472 B         103 kB
├ ƒ /api/director/round-scoring                                      472 B         103 kB
├ ƒ /api/director/scoring-authority                                  472 B         103 kB
├ ƒ /api/director/scoring-shadow                                     472 B         103 kB
├ ƒ /api/director/scoring-shadow/benchmark                           472 B         103 kB
├ ƒ /api/director/scoring-shadow/phase2-dry-run                      472 B         103 kB
├ ƒ /api/director/tournament-awards                                  472 B         103 kB
├ ƒ /api/director/tournament-setup                                   472 B         103 kB
├ ƒ /api/draft-analysis                                              472 B         103 kB
├ ƒ /api/draft-analytics                                             472 B         103 kB
├ ƒ /api/entry                                                       472 B         103 kB
├ ƒ /api/game-center/[matchId]                                       472 B         103 kB
├ ƒ /api/leaderboards/calcutta                                       472 B         103 kB
├ ƒ /api/leaderboards/core                                           472 B         103 kB
├ ƒ /api/leaderboards/insights                                       472 B         103 kB
├ ƒ /api/leaderboards/net-skins                                      472 B         103 kB
├ ƒ /api/live                                                        472 B         103 kB
├ ƒ /api/live-matches                                                472 B         103 kB
├ ƒ /api/mobile/v1/account/deletion                                  472 B         103 kB
├ ƒ /api/mobile/v1/auth/captcha                                      472 B         103 kB
├ ƒ /api/mobile/v1/auth/certification/renew                          472 B         103 kB
├ ƒ /api/mobile/v1/auth/otp/certify                                  472 B         103 kB
├ ƒ /api/mobile/v1/auth/otp/phone                                    472 B         103 kB
├ ƒ /api/mobile/v1/auth/otp/request                                  472 B         103 kB
├ ƒ /api/mobile/v1/calcutta                                          472 B         103 kB
├ ƒ /api/mobile/v1/guide                                             472 B         103 kB
├ ƒ /api/mobile/v1/health                                            472 B         103 kB
├ ƒ /api/mobile/v1/history                                           472 B         103 kB
├ ƒ /api/mobile/v1/history/[year]                                    472 B         103 kB
├ ƒ /api/mobile/v1/leaders                                           472 B         103 kB
├ ƒ /api/mobile/v1/matches                                           472 B         103 kB
├ ƒ /api/mobile/v1/matches/[matchId]                                 472 B         103 kB
├ ƒ /api/mobile/v1/net-skins                                         472 B         103 kB
├ ƒ /api/mobile/v1/odds                                              472 B         103 kB
├ ƒ /api/mobile/v1/passport                                          472 B         103 kB
├ ƒ /api/mobile/v1/portrait-policy                                   472 B         103 kB
├ ƒ /api/mobile/v1/records                                           472 B         103 kB
├ ƒ /api/mobile/v1/schedule                                          472 B         103 kB
├ ƒ /api/mobile/v1/scoring/current                                   472 B         103 kB
├ ƒ /api/mobile/v1/scoring/finalize                                  472 B         103 kB
├ ƒ /api/mobile/v1/scoring/hole                                      472 B         103 kB
├ ƒ /api/mobile/v1/scoring/mutation-status                           472 B         103 kB
├ ƒ /api/mobile/v1/session                                           472 B         103 kB
├ ƒ /api/mobile/v1/today                                             472 B         103 kB
├ ƒ /api/my-match                                                    472 B         103 kB
├ ƒ /api/odds/calculations                                           472 B         103 kB
├ ƒ /api/odds/inputs                                                 472 B         103 kB
├ ƒ /api/odds/prediction-settings                                    472 B         103 kB
├ ƒ /api/odds/publication-operations                                 472 B         103 kB
├ ƒ /api/odds/publish                                                472 B         103 kB
├ ƒ /api/odds/publish-preview                                        472 B         103 kB
├ ƒ /api/participant/auth/diagnostics                                472 B         103 kB
├ ƒ /api/participant/auth/otp/request                                472 B         103 kB
├ ƒ /api/participant/auth/otp/verify                                 472 B         103 kB
├ ƒ /api/participant/auth/phone                                      472 B         103 kB
├ ƒ /api/participant/auth/phone-enrollment                           472 B         103 kB
├ ƒ /api/participant/auth/phone-login-proof                          472 B         103 kB
├ ƒ /api/participant/auth/session                                    472 B         103 kB
├ ƒ /api/participant/context                                         472 B         103 kB
├ ƒ /api/participant/home                                            472 B         103 kB
├ ƒ /api/participant/tournament-guide                                472 B         103 kB
├ ƒ /api/player-passport/activation                                  472 B         103 kB
├ ƒ /api/player-passport/admin                                       472 B         103 kB
├ ƒ /api/player-passport/initialize                                  472 B         103 kB
├ ƒ /api/player-passport/matches                                     472 B         103 kB
├ ƒ /api/player-passport/notifications                               472 B         103 kB
├ ƒ /api/player-passport/readiness                                   472 B         103 kB
├ ƒ /api/player-passport/session                                     472 B         103 kB
├ ƒ /api/preview-environment                                         472 B         103 kB
├ ƒ /api/preview-reliability                                         472 B         103 kB
├ ƒ /api/scoring/access                                              472 B         103 kB
├ ƒ /api/scoring/current                                             472 B         103 kB
├ ƒ /api/scoring/diagnostics                                         472 B         103 kB
├ ƒ /api/scoring/matches                                             472 B         103 kB
├ ƒ /api/scoring/matches/[matchId]                                   472 B         103 kB
├ ƒ /api/scoring/mutation-status                                     472 B         103 kB
├ ƒ /api/scoring/session                                             472 B         103 kB
├ ƒ /api/spectator/[resource]                                        472 B         103 kB
├ ƒ /api/spectator/golf/[...path]                                    472 B         103 kB
├ ƒ /api/tournament-guide                                            472 B         103 kB
├ ƒ /api/tournament-guide/schema                                     472 B         103 kB
├ ƒ /api/tournament/foundation                                       472 B         103 kB
├ ƒ /api/tournament/live                                             472 B         103 kB
├ ƒ /api/tournament/secondary                                        472 B         103 kB
├ ○ /app                                                             472 B         103 kB
├ ƒ /app/courses                                                     146 B         118 kB
├ ƒ /app/courses/[courseId]                                        1.35 kB         118 kB
├ ƒ /app/courses/[courseId]/holes/[holeNumber]                      4.4 kB         115 kB
├ ƒ /app/guide                                                     4.17 kB         115 kB
├ ƒ /app/guide/[section]                                             144 B         121 kB
├ ƒ /app/history                                                     142 B         118 kB
├ ƒ /app/history/[year]                                             2.7 kB         119 kB
├ ƒ /app/history/[year]/round/[round]                                154 B         126 kB
├ ƒ /app/history/[year]/team/[side]                                4.05 kB         125 kB
├ ƒ /app/leaderboards                                                30 kB         146 kB
├ ƒ /app/odds                                                        135 B         117 kB
├ ƒ /app/players                                                     140 B         117 kB
├ ƒ /app/players/[slug]                                              151 B         127 kB
├ ƒ /app/tournament                                                  214 B         145 kB
├ ○ /apple-icon.png                                                    0 B            0 B
├ ƒ /board-of-governors                                              139 B         117 kB
├ ƒ /champions                                                     6.57 kB         117 kB
├ ƒ /champions/[year]                                              6.74 kB         118 kB
├ ƒ /compare                                                       11.4 kB         122 kB
├ ƒ /courses                                                         145 B         118 kB
├ ƒ /courses/[courseId]                                            1.35 kB         118 kB
├ ƒ /courses/[courseId]/holes/[holeNumber]                          4.4 kB         115 kB
├ ƒ /data-health                                                     636 B         111 kB
├ ƒ /draft                                                           911 B         118 kB
├ ƒ /draft/[year]                                                    911 B         118 kB
├ ƒ /draft/analytics                                               6.41 kB         123 kB
├ ƒ /enter                                                         1.74 kB         105 kB
├ ƒ /follow/[[...path]]                                            8.18 kB         117 kB
├ ƒ /game-center/[matchId]                                         11.3 kB         118 kB
├ ƒ /history                                                         143 B         118 kB
├ ƒ /history/[year]                                                 2.7 kB         119 kB
├ ƒ /history/[year]/round/[round]                                    154 B         126 kB
├ ƒ /history/[year]/team/[side]                                    4.05 kB         125 kB
├ ƒ /home                                                          18.2 kB         137 kB
├ ○ /icon.png                                                          0 B            0 B
├ ƒ /live                                                            232 B         149 kB
├ ○ /manifest.webmanifest                                            472 B         103 kB
├ ƒ /me                                                            8.81 kB         115 kB
├ ƒ /me/verify-mobile                                              2.92 kB         109 kB
├ ƒ /my-match                                                        147 B         141 kB
├ ƒ /odds-center                                                     136 B         117 kB
├ ○ /odds-center/admin                                               472 B         103 kB
├ ƒ /participant-auth                                              13.1 kB         116 kB
├ ƒ /players                                                         140 B         117 kB
├ ƒ /players/[slug]                                                  151 B         127 kB
├ ○ /privacy                                                         171 B         106 kB
├ ƒ /ratings                                                       1.31 kB         112 kB
├ ƒ /records                                                        4.4 kB         115 kB
├ ƒ /records/[slug]                                                8.57 kB         119 kB
├ ○ /robots.txt                                                      472 B         103 kB
├ ○ /rules                                                           472 B         103 kB
├ ƒ /score                                                           147 B         141 kB
├ ƒ /score/access/[token]                                            472 B         103 kB
├ ○ /sitemap.xml                                                     472 B         103 kB
├ ƒ /statistics                                                    4.24 kB         115 kB
├ ƒ /statistics/handicaps                                            140 B         117 kB
├ ƒ /statistics/partnerships                                         140 B         117 kB
├ ƒ /statistics/rivalries                                            140 B         117 kB
├ ○ /support                                                         171 B         106 kB
├ ƒ /tournament-guide                                              4.17 kB         115 kB
├ ƒ /tournament-guide/[section]                                      143 B         121 kB
├ ƒ /war-room                                                      18.6 kB         135 kB
├ ƒ /war-room/lineup-optimizer                                     5.25 kB         122 kB
├ ƒ /war-room/simulator                                              472 B         103 kB
└ ƒ /war-room/team-intelligence                                    8.57 kB         125 kB
+ First Load JS shared by all                                       103 kB
  ├ chunks/1547-c7ee97a2117cbca9.js                                  46 kB
  ├ chunks/7a57e81c-045bb389ab8ee4ac.js                            54.2 kB
  └ other shared chunks (total)                                    2.68 kB


○  (Static)   prerendered as static content
ƒ  (Dynamic)  server-rendered on demand


   ▲ Next.js 15.5.18
   - Local:        http://127.0.0.1:61967
   - Network:      http://127.0.0.1:61967

 ✓ Starting...
 ✓ Ready in 161ms
(node:64937) ExperimentalWarning: localStorage is not available because --localstorage-file was not provided.
(Use `node --trace-warnings ...` to show where the warning was created)
{"schema_version":1,"timestamp":"2026-10-03T02:12:07.813Z","event":"RPC","request_id":"dc0a0a93-6b8e-4d0f-9e22-e42da06d601e","correlation_id":"dc0a0a93-6b8e-4d0f-9e22-e42da06d601e","route":"/api/tournament/live","domain":"TOURNAMENT_READ","feature":"TOURNAMENT_READ","release":null,"release_source":"UNAVAILABLE","activation":null,"activation_source":"UNAVAILABLE","sha":"cccccccccccccccccccccccccccccccccccccccc","operation_id":null,"mutation_id":null,"job_id":null,"match_id":null,"round":null,"target_count":null,"authority_revision":null,"authority_fingerprint":null,"latency_ms":23.021,"http_status":200,"query_family":"read_certification_runtime_context_v1","phase":"rpc_transport","outcome":"NOT_APPLICABLE","error_class":null,"domain_error_code":null,"sqlstate":null,"canonical_readback":"NOT_OBSERVED","dropped_events":0}
{"schema_version":1,"timestamp":"2026-10-03T02:12:07.814Z","event":"RPC","request_id":"dc0a0a93-6b8e-4d0f-9e22-e42da06d601e","correlation_id":"dc0a0a93-6b8e-4d0f-9e22-e42da06d601e","route":"/api/tournament/live","domain":"TOURNAMENT_READ","feature":"TOURNAMENT_READ","release":null,"release_source":"UNAVAILABLE","activation":null,"activation_source":"UNAVAILABLE","sha":"cccccccccccccccccccccccccccccccccccccccc","operation_id":null,"mutation_id":null,"job_id":null,"match_id":null,"round":null,"target_count":null,"authority_revision":null,"authority_fingerprint":null,"latency_ms":9.932,"http_status":200,"query_family":"read_certification_runtime_context_v1","phase":"rpc_transport","outcome":"NOT_APPLICABLE","error_class":null,"domain_error_code":null,"sqlstate":null,"canonical_readback":"NOT_OBSERVED","dropped_events":0}
{"schema_version":1,"timestamp":"2026-10-03T02:12:07.842Z","event":"RPC","request_id":"dc0a0a93-6b8e-4d0f-9e22-e42da06d601e","correlation_id":"dc0a0a93-6b8e-4d0f-9e22-e42da06d601e","route":"/api/tournament/live","domain":"TOURNAMENT_READ","feature":"TOURNAMENT_READ","release":null,"release_source":"UNAVAILABLE","activation":1,"activation_source":"AUTHORITY_READ","sha":"cccccccccccccccccccccccccccccccccccccccc","operation_id":null,"mutation_id":null,"job_id":null,"match_id":null,"round":null,"target_count":null,"authority_revision":null,"authority_fingerprint":null,"latency_ms":28.236,"http_status":200,"query_family":"read_certification_projection_v1","phase":"rpc_transport","outcome":"NOT_APPLICABLE","error_class":null,"domain_error_code":null,"sqlstate":null,"canonical_readback":"NOT_OBSERVED","dropped_events":0}
{"schema_version":1,"timestamp":"2026-10-03T02:12:07.842Z","event":"RPC","request_id":"dc0a0a93-6b8e-4d0f-9e22-e42da06d601e","correlation_id":"dc0a0a93-6b8e-4d0f-9e22-e42da06d601e","route":"/api/tournament/live","domain":"TOURNAMENT_READ","feature":"TOURNAMENT_READ","release":null,"release_source":"UNAVAILABLE","activation":1,"activation_source":"AUTHORITY_READ","sha":"cccccccccccccccccccccccccccccccccccccccc","operation_id":null,"mutation_id":null,"job_id":null,"match_id":null,"round":null,"target_count":null,"authority_revision":null,"authority_fingerprint":null,"latency_ms":11.984,"http_status":200,"query_family":"read_certification_projection_v1","phase":"rpc_transport","outcome":"NOT_APPLICABLE","error_class":"INTERNAL_ERROR","domain_error_code":null,"sqlstate":null,"canonical_readback":"NOT_OBSERVED","dropped_events":0}
{"schema_version":1,"timestamp":"2026-10-03T02:12:07.855Z","event":"RPC","request_id":"dc0a0a93-6b8e-4d0f-9e22-e42da06d601e","correlation_id":"dc0a0a93-6b8e-4d0f-9e22-e42da06d601e","route":"/api/tournament/live","domain":"TOURNAMENT_READ","feature":"TOURNAMENT_READ","release":null,"release_source":"UNAVAILABLE","activation":1,"activation_source":"AUTHORITY_READ","sha":"cccccccccccccccccccccccccccccccccccccccc","operation_id":null,"mutation_id":null,"job_id":null,"match_id":null,"round":null,"target_count":null,"authority_revision":null,"authority_fingerprint":null,"latency_ms":9.286,"http_status":200,"query_family":"read_certification_runtime_context_v1","phase":"rpc_transport","outcome":"NOT_APPLICABLE","error_class":null,"domain_error_code":null,"sqlstate":null,"canonical_readback":"NOT_OBSERVED","dropped_events":0}
{"schema_version":1,"timestamp":"2026-10-03T02:12:07.866Z","event":"RPC","request_id":"dc0a0a93-6b8e-4d0f-9e22-e42da06d601e","correlation_id":"dc0a0a93-6b8e-4d0f-9e22-e42da06d601e","route":"/api/tournament/live","domain":"TOURNAMENT_READ","feature":"TOURNAMENT_READ","release":null,"release_source":"UNAVAILABLE","activation":1,"activation_source":"AUTHORITY_READ","sha":"cccccccccccccccccccccccccccccccccccccccc","operation_id":null,"mutation_id":null,"job_id":null,"match_id":null,"round":null,"target_count":null,"authority_revision":null,"authority_fingerprint":null,"latency_ms":11.137,"http_status":200,"query_family":"read_certification_projection_v1","phase":"rpc_transport","outcome":"NOT_APPLICABLE","error_class":null,"domain_error_code":null,"sqlstate":null,"canonical_readback":"NOT_OBSERVED","dropped_events":0}
{"schema_version":1,"timestamp":"2026-10-03T02:12:07.867Z","event":"REQUEST","request_id":"dc0a0a93-6b8e-4d0f-9e22-e42da06d601e","correlation_id":"dc0a0a93-6b8e-4d0f-9e22-e42da06d601e","route":"/api/tournament/live","domain":"TOURNAMENT_READ","feature":"TOURNAMENT_READ","release":null,"release_source":"UNAVAILABLE","activation":1,"activation_source":"AUTHORITY_READ","sha":"cccccccccccccccccccccccccccccccccccccccc","operation_id":null,"mutation_id":null,"job_id":null,"match_id":null,"round":null,"target_count":null,"authority_revision":null,"authority_fingerprint":null,"latency_ms":78.247,"http_status":200,"query_family":null,"phase":null,"outcome":"NOT_APPLICABLE","error_class":null,"domain_error_code":null,"sqlstate":null,"canonical_readback":"NOT_OBSERVED","dropped_events":0}
Runtime performance {
  operation: 'GET /api/live',
  totalMs: 0,
  blocked: true,
  source: 'supabase'
}
{"schema_version":1,"timestamp":"2026-10-03T02:12:07.872Z","event":"REQUEST","request_id":"3536a2ed-c736-4418-8f14-669b3fa615ee","correlation_id":"3536a2ed-c736-4418-8f14-669b3fa615ee","route":"/api/live","domain":"TOURNAMENT_READ","feature":"TOURNAMENT_READ","release":null,"release_source":"UNAVAILABLE","activation":null,"activation_source":"UNAVAILABLE","sha":"cccccccccccccccccccccccccccccccccccccccc","operation_id":null,"mutation_id":null,"job_id":null,"match_id":null,"round":null,"target_count":null,"authority_revision":null,"authority_fingerprint":null,"latency_ms":0.648,"http_status":409,"query_family":null,"phase":null,"outcome":"NOT_APPLICABLE","error_class":"CONFLICT","domain_error_code":null,"sqlstate":null,"canonical_readback":"NOT_OBSERVED","dropped_events":0}
{"schema_version":1,"timestamp":"2026-10-03T02:12:07.878Z","event":"REQUEST","request_id":"957d1a28-9dde-43e2-96c2-4f77b7e6551e","correlation_id":"957d1a28-9dde-43e2-96c2-4f77b7e6551e","route":"/api/director/canonical-operations","domain":"DIRECTOR","feature":"DIRECTOR","release":null,"release_source":"UNAVAILABLE","activation":null,"activation_source":"UNAVAILABLE","sha":"cccccccccccccccccccccccccccccccccccccccc","operation_id":null,"mutation_id":null,"job_id":null,"match_id":null,"round":null,"target_count":null,"authority_revision":null,"authority_fingerprint":null,"latency_ms":2.519,"http_status":403,"query_family":null,"phase":null,"outcome":"NOT_APPLICABLE","error_class":"AUTHORIZATION_DENIED","domain_error_code":null,"sqlstate":null,"canonical_readback":"NOT_OBSERVED","dropped_events":0}
{"schema_version":1,"timestamp":"2026-10-03T02:12:07.894Z","event":"RPC","request_id":"3c80674b-5924-44a7-8be7-9e8c373234e7","correlation_id":"3c80674b-5924-44a7-8be7-9e8c373234e7","route":"/api/director/canonical-operations","domain":"TOURNAMENT_READ","feature":"DIRECTOR","release":null,"release_source":"UNAVAILABLE","activation":null,"activation_source":"UNAVAILABLE","sha":"cccccccccccccccccccccccccccccccccccccccc","operation_id":null,"mutation_id":null,"job_id":null,"match_id":null,"round":null,"target_count":null,"authority_revision":null,"authority_fingerprint":null,"latency_ms":10.367,"http_status":200,"query_family":"read_certification_runtime_context_v1","phase":"rpc_transport","outcome":"NOT_APPLICABLE","error_class":null,"domain_error_code":null,"sqlstate":null,"canonical_readback":"NOT_OBSERVED","dropped_events":0}
{"schema_version":1,"timestamp":"2026-10-03T02:12:07.904Z","event":"RPC","request_id":"3c80674b-5924-44a7-8be7-9e8c373234e7","correlation_id":"3c80674b-5924-44a7-8be7-9e8c373234e7","route":"/api/director/canonical-operations","domain":"TOURNAMENT_READ","feature":"DIRECTOR","release":null,"release_source":"UNAVAILABLE","activation":null,"activation_source":"UNAVAILABLE","sha":"cccccccccccccccccccccccccccccccccccccccc","operation_id":null,"mutation_id":null,"job_id":null,"match_id":null,"round":null,"target_count":null,"authority_revision":null,"authority_fingerprint":null,"latency_ms":9.454,"http_status":200,"query_family":"read_certification_runtime_context_v1","phase":"rpc_transport","outcome":"NOT_APPLICABLE","error_class":null,"domain_error_code":null,"sqlstate":null,"canonical_readback":"NOT_OBSERVED","dropped_events":0}
{"schema_version":1,"timestamp":"2026-10-03T02:12:07.915Z","event":"RPC","request_id":"3c80674b-5924-44a7-8be7-9e8c373234e7","correlation_id":"3c80674b-5924-44a7-8be7-9e8c373234e7","route":"/api/director/canonical-operations","domain":"TOURNAMENT_READ","feature":"DIRECTOR","release":null,"release_source":"UNAVAILABLE","activation":null,"activation_source":"UNAVAILABLE","sha":"cccccccccccccccccccccccccccccccccccccccc","operation_id":null,"mutation_id":null,"job_id":null,"match_id":null,"round":null,"target_count":null,"authority_revision":null,"authority_fingerprint":null,"latency_ms":10.819,"http_status":200,"query_family":"read_certification_projection_v1","phase":"rpc_transport","outcome":"NOT_APPLICABLE","error_class":null,"domain_error_code":null,"sqlstate":null,"canonical_readback":"NOT_OBSERVED","dropped_events":0}
{"schema_version":1,"timestamp":"2026-10-03T02:12:07.915Z","event":"REQUEST","request_id":"3c80674b-5924-44a7-8be7-9e8c373234e7","correlation_id":"3c80674b-5924-44a7-8be7-9e8c373234e7","route":"/api/director/canonical-operations","domain":"DIRECTOR","feature":"DIRECTOR","release":null,"release_source":"UNAVAILABLE","activation":null,"activation_source":"UNAVAILABLE","sha":"cccccccccccccccccccccccccccccccccccccccc","operation_id":null,"mutation_id":null,"job_id":null,"match_id":null,"round":null,"target_count":null,"authority_revision":null,"authority_fingerprint":null,"latency_ms":35.005,"http_status":403,"query_family":null,"phase":null,"outcome":"NOT_APPLICABLE","error_class":"AUTHORIZATION_DENIED","domain_error_code":null,"sqlstate":null,"canonical_readback":"NOT_OBSERVED","dropped_events":0}
{"schema_version":1,"timestamp":"2026-10-03T02:12:07.928Z","event":"RPC","request_id":"8181332a-57c9-4647-9152-4717f36a1df7","correlation_id":"8181332a-57c9-4647-9152-4717f36a1df7","route":"/api/director/canonical-operations","domain":"TOURNAMENT_READ","feature":"DIRECTOR","release":null,"release_source":"UNAVAILABLE","activation":null,"activation_source":"UNAVAILABLE","sha":"cccccccccccccccccccccccccccccccccccccccc","operation_id":null,"mutation_id":null,"job_id":null,"match_id":null,"round":null,"target_count":null,"authority_revision":null,"authority_fingerprint":null,"latency_ms":9.372,"http_status":200,"query_family":"read_certification_runtime_context_v1","phase":"rpc_transport","outcome":"NOT_APPLICABLE","error_class":null,"domain_error_code":null,"sqlstate":null,"canonical_readback":"NOT_OBSERVED","dropped_events":0}
{"schema_version":1,"timestamp":"2026-10-03T02:12:07.937Z","event":"RPC","request_id":"8181332a-57c9-4647-9152-4717f36a1df7","correlation_id":"8181332a-57c9-4647-9152-4717f36a1df7","route":"/api/director/canonical-operations","domain":"TOURNAMENT_READ","feature":"DIRECTOR","release":null,"release_source":"UNAVAILABLE","activation":null,"activation_source":"UNAVAILABLE","sha":"cccccccccccccccccccccccccccccccccccccccc","operation_id":null,"mutation_id":null,"job_id":null,"match_id":null,"round":null,"target_count":null,"authority_revision":null,"authority_fingerprint":null,"latency_ms":9.341,"http_status":200,"query_family":"read_certification_runtime_context_v1","phase":"rpc_transport","outcome":"NOT_APPLICABLE","error_class":null,"domain_error_code":null,"sqlstate":null,"canonical_readback":"NOT_OBSERVED","dropped_events":0}
{"schema_version":1,"timestamp":"2026-10-03T02:12:07.948Z","event":"RPC","request_id":"8181332a-57c9-4647-9152-4717f36a1df7","correlation_id":"8181332a-57c9-4647-9152-4717f36a1df7","route":"/api/director/canonical-operations","domain":"TOURNAMENT_READ","feature":"DIRECTOR","release":null,"release_source":"UNAVAILABLE","activation":null,"activation_source":"UNAVAILABLE","sha":"cccccccccccccccccccccccccccccccccccccccc","operation_id":null,"mutation_id":null,"job_id":null,"match_id":null,"round":null,"target_count":null,"authority_revision":null,"authority_fingerprint":null,"latency_ms":10.671,"http_status":200,"query_family":"read_certification_projection_v1","phase":"rpc_transport","outcome":"NOT_APPLICABLE","error_class":null,"domain_error_code":null,"sqlstate":null,"canonical_readback":"NOT_OBSERVED","dropped_events":0}
{"schema_version":1,"timestamp":"2026-10-03T02:12:07.957Z","event":"RPC","request_id":"8181332a-57c9-4647-9152-4717f36a1df7","correlation_id":"8181332a-57c9-4647-9152-4717f36a1df7","route":"/api/director/canonical-operations","domain":"ROUND_CONTROL","feature":"DIRECTOR","release":null,"release_source":"UNAVAILABLE","activation":null,"activation_source":"UNAVAILABLE","sha":"cccccccccccccccccccccccccccccccccccccccc","operation_id":null,"mutation_id":null,"job_id":null,"match_id":null,"round":null,"target_count":null,"authority_revision":null,"authority_fingerprint":null,"latency_ms":8.866,"http_status":200,"query_family":"read_certification_runtime_context_v1","phase":"rpc_transport","outcome":"NOT_APPLICABLE","error_class":null,"domain_error_code":null,"sqlstate":null,"canonical_readback":"NOT_OBSERVED","dropped_events":0}
{"schema_version":1,"timestamp":"2026-10-03T02:12:08.017Z","event":"RPC","request_id":"8181332a-57c9-4647-9152-4717f36a1df7","correlation_id":"8181332a-57c9-4647-9152-4717f36a1df7","route":"/api/director/canonical-operations","domain":"ROUND_CONTROL","feature":"DIRECTOR","release":null,"release_source":"UNAVAILABLE","activation":null,"activation_source":"UNAVAILABLE","sha":"cccccccccccccccccccccccccccccccccccccccc","operation_id":null,"mutation_id":null,"job_id":null,"match_id":null,"round":null,"target_count":null,"authority_revision":null,"authority_fingerprint":null,"latency_ms":59.324,"http_status":200,"query_family":"read_certification_operation_v1","phase":"rpc_transport","outcome":"NOT_APPLICABLE","error_class":null,"domain_error_code":null,"sqlstate":null,"canonical_readback":"NOT_OBSERVED","dropped_events":0}
{"schema_version":1,"timestamp":"2026-10-03T02:12:08.017Z","event":"REQUEST","request_id":"8181332a-57c9-4647-9152-4717f36a1df7","correlation_id":"8181332a-57c9-4647-9152-4717f36a1df7","route":"/api/director/canonical-operations","domain":"DIRECTOR","feature":"DIRECTOR","release":null,"release_source":"UNAVAILABLE","activation":null,"activation_source":"UNAVAILABLE","sha":"cccccccccccccccccccccccccccccccccccccccc","operation_id":null,"mutation_id":null,"job_id":null,"match_id":null,"round":null,"target_count":null,"authority_revision":null,"authority_fingerprint":null,"latency_ms":100.397,"http_status":200,"query_family":null,"phase":null,"outcome":"NOT_APPLICABLE","error_class":null,"domain_error_code":null,"sqlstate":null,"canonical_readback":"NOT_OBSERVED","dropped_events":0}
{"schema_version":1,"timestamp":"2026-10-03T02:12:08.031Z","event":"RPC","request_id":"90b98eb7-8c2d-4fee-b007-0f1d61c156e1","correlation_id":"90b98eb7-8c2d-4fee-b007-0f1d61c156e1","route":"/api/leaderboards/core","domain":"TOURNAMENT_READ","feature":"TOURNAMENT_READ","release":null,"release_source":"UNAVAILABLE","activation":null,"activation_source":"UNAVAILABLE","sha":"cccccccccccccccccccccccccccccccccccccccc","operation_id":null,"mutation_id":null,"job_id":null,"match_id":null,"round":null,"target_count":null,"authority_revision":null,"authority_fingerprint":null,"latency_ms":10.164,"http_status":200,"query_family":"read_certification_runtime_context_v1","phase":"rpc_transport","outcome":"NOT_APPLICABLE","error_class":null,"domain_error_code":null,"sqlstate":null,"canonical_readback":"NOT_OBSERVED","dropped_events":0}
{"schema_version":1,"timestamp":"2026-10-03T02:12:08.043Z","event":"RPC","request_id":"90b98eb7-8c2d-4fee-b007-0f1d61c156e1","correlation_id":"90b98eb7-8c2d-4fee-b007-0f1d61c156e1","route":"/api/leaderboards/core","domain":"TOURNAMENT_READ","feature":"TOURNAMENT_READ","release":null,"release_source":"UNAVAILABLE","activation":null,"activation_source":"UNAVAILABLE","sha":"cccccccccccccccccccccccccccccccccccccccc","operation_id":null,"mutation_id":null,"job_id":null,"match_id":null,"round":null,"target_count":null,"authority_revision":null,"authority_fingerprint":null,"latency_ms":12.004,"http_status":200,"query_family":"read_certification_projection_v1","phase":"rpc_transport","outcome":"NOT_APPLICABLE","error_class":null,"domain_error_code":null,"sqlstate":null,"canonical_readback":"NOT_OBSERVED","dropped_events":0}
{"schema_version":1,"timestamp":"2026-10-03T02:12:08.053Z","event":"RPC","request_id":"90b98eb7-8c2d-4fee-b007-0f1d61c156e1","correlation_id":"90b98eb7-8c2d-4fee-b007-0f1d61c156e1","route":"/api/leaderboards/core","domain":"TOURNAMENT_READ","feature":"TOURNAMENT_READ","release":null,"release_source":"UNAVAILABLE","activation":null,"activation_source":"UNAVAILABLE","sha":"cccccccccccccccccccccccccccccccccccccccc","operation_id":null,"mutation_id":null,"job_id":null,"match_id":null,"round":null,"target_count":null,"authority_revision":null,"authority_fingerprint":null,"latency_ms":8.861,"http_status":200,"query_family":"read_certification_runtime_context_v1","phase":"rpc_transport","outcome":"NOT_APPLICABLE","error_class":null,"domain_error_code":null,"sqlstate":null,"canonical_readback":"NOT_OBSERVED","dropped_events":0}
{"schema_version":1,"timestamp":"2026-10-03T02:12:08.069Z","event":"RPC","request_id":"90b98eb7-8c2d-4fee-b007-0f1d61c156e1","correlation_id":"90b98eb7-8c2d-4fee-b007-0f1d61c156e1","route":"/api/leaderboards/core","domain":"TOURNAMENT_READ","feature":"TOURNAMENT_READ","release":null,"release_source":"UNAVAILABLE","activation":1,"activation_source":"AUTHORITY_READ","sha":"cccccccccccccccccccccccccccccccccccccccc","operation_id":null,"mutation_id":null,"job_id":null,"match_id":null,"round":null,"target_count":null,"authority_revision":null,"authority_fingerprint":null,"latency_ms":15.719,"http_status":200,"query_family":"read_certification_projection_v1","phase":"rpc_transport","outcome":"NOT_APPLICABLE","error_class":null,"domain_error_code":null,"sqlstate":null,"canonical_readback":"NOT_OBSERVED","dropped_events":0}
{"schema_version":1,"timestamp":"2026-10-03T02:12:08.075Z","event":"REQUEST","request_id":"90b98eb7-8c2d-4fee-b007-0f1d61c156e1","correlation_id":"90b98eb7-8c2d-4fee-b007-0f1d61c156e1","route":"/api/leaderboards/core","domain":"TOURNAMENT_READ","feature":"TOURNAMENT_READ","release":null,"release_source":"UNAVAILABLE","activation":1,"activation_source":"AUTHORITY_READ","sha":"cccccccccccccccccccccccccccccccccccccccc","operation_id":null,"mutation_id":null,"job_id":null,"match_id":null,"round":null,"target_count":null,"authority_revision":null,"authority_fingerprint":null,"latency_ms":55.448,"http_status":200,"query_family":null,"phase":null,"outcome":"NOT_APPLICABLE","error_class":null,"domain_error_code":null,"sqlstate":null,"canonical_readback":"NOT_OBSERVED","dropped_events":0}
{"schema_version":1,"timestamp":"2026-10-03T02:12:08.088Z","event":"RPC","request_id":"1f8871ab-c7ce-4346-8a6e-ea501e9e9508","correlation_id":"1f8871ab-c7ce-4346-8a6e-ea501e9e9508","route":"/api/director/canonical-odds","domain":"TOURNAMENT_READ","feature":"ODDS","release":null,"release_source":"UNAVAILABLE","activation":null,"activation_source":"UNAVAILABLE","sha":"cccccccccccccccccccccccccccccccccccccccc","operation_id":null,"mutation_id":null,"job_id":null,"match_id":null,"round":null,"target_count":null,"authority_revision":null,"authority_fingerprint":null,"latency_ms":9.807,"http_status":200,"query_family":"read_certification_runtime_context_v1","phase":"rpc_transport","outcome":"NOT_APPLICABLE","error_class":null,"domain_error_code":null,"sqlstate":null,"canonical_readback":"NOT_OBSERVED","dropped_events":0}
{"schema_version":1,"timestamp":"2026-10-03T02:12:08.098Z","event":"RPC","request_id":"1f8871ab-c7ce-4346-8a6e-ea501e9e9508","correlation_id":"1f8871ab-c7ce-4346-8a6e-ea501e9e9508","route":"/api/director/canonical-odds","domain":"TOURNAMENT_READ","feature":"ODDS","release":null,"release_source":"UNAVAILABLE","activation":null,"activation_source":"UNAVAILABLE","sha":"cccccccccccccccccccccccccccccccccccccccc","operation_id":null,"mutation_id":null,"job_id":null,"match_id":null,"round":null,"target_count":null,"authority_revision":null,"authority_fingerprint":null,"latency_ms":9.093,"http_status":200,"query_family":"read_certification_runtime_context_v1","phase":"rpc_transport","outcome":"NOT_APPLICABLE","error_class":null,"domain_error_code":null,"sqlstate":null,"canonical_readback":"NOT_OBSERVED","dropped_events":0}
{"schema_version":1,"timestamp":"2026-10-03T02:12:08.109Z","event":"RPC","request_id":"1f8871ab-c7ce-4346-8a6e-ea501e9e9508","correlation_id":"1f8871ab-c7ce-4346-8a6e-ea501e9e9508","route":"/api/director/canonical-odds","domain":"TOURNAMENT_READ","feature":"ODDS","release":null,"release_source":"UNAVAILABLE","activation":null,"activation_source":"UNAVAILABLE","sha":"cccccccccccccccccccccccccccccccccccccccc","operation_id":null,"mutation_id":null,"job_id":null,"match_id":null,"round":null,"target_count":null,"authority_revision":null,"authority_fingerprint":null,"latency_ms":10.596,"http_status":200,"query_family":"read_certification_projection_v1","phase":"rpc_transport","outcome":"NOT_APPLICABLE","error_class":null,"domain_error_code":null,"sqlstate":null,"canonical_readback":"NOT_OBSERVED","dropped_events":0}
{"schema_version":1,"timestamp":"2026-10-03T02:12:08.118Z","event":"RPC","request_id":"1f8871ab-c7ce-4346-8a6e-ea501e9e9508","correlation_id":"1f8871ab-c7ce-4346-8a6e-ea501e9e9508","route":"/api/director/canonical-odds","domain":"ROUND_CONTROL","feature":"ODDS","release":null,"release_source":"UNAVAILABLE","activation":null,"activation_source":"UNAVAILABLE","sha":"cccccccccccccccccccccccccccccccccccccccc","operation_id":null,"mutation_id":null,"job_id":null,"match_id":null,"round":null,"target_count":null,"authority_revision":null,"authority_fingerprint":null,"latency_ms":8.937,"http_status":200,"query_family":"read_certification_runtime_context_v1","phase":"rpc_transport","outcome":"NOT_APPLICABLE","error_class":null,"domain_error_code":null,"sqlstate":null,"canonical_readback":"NOT_OBSERVED","dropped_events":0}
{"schema_version":1,"timestamp":"2026-10-03T02:12:08.131Z","event":"RPC","request_id":"1f8871ab-c7ce-4346-8a6e-ea501e9e9508","correlation_id":"1f8871ab-c7ce-4346-8a6e-ea501e9e9508","route":"/api/director/canonical-odds","domain":"ROUND_CONTROL","feature":"ODDS","release":null,"release_source":"UNAVAILABLE","activation":null,"activation_source":"UNAVAILABLE","sha":"cccccccccccccccccccccccccccccccccccccccc","operation_id":null,"mutation_id":null,"job_id":null,"match_id":null,"round":null,"target_count":null,"authority_revision":null,"authority_fingerprint":null,"latency_ms":12.956,"http_status":200,"query_family":"dispatch_certification_odds_v1","phase":"rpc_transport","outcome":"COMMITTED","error_class":null,"domain_error_code":null,"sqlstate":null,"canonical_readback":"NOT_OBSERVED","dropped_events":0}
{"schema_version":1,"timestamp":"2026-10-03T02:12:08.144Z","event":"RPC","request_id":"1f8871ab-c7ce-4346-8a6e-ea501e9e9508","correlation_id":"1f8871ab-c7ce-4346-8a6e-ea501e9e9508","route":"/api/director/canonical-odds","domain":"ROUND_CONTROL","feature":"ODDS","release":null,"release_source":"UNAVAILABLE","activation":null,"activation_source":"UNAVAILABLE","sha":"cccccccccccccccccccccccccccccccccccccccc","operation_id":null,"mutation_id":null,"job_id":null,"match_id":null,"round":null,"target_count":null,"authority_revision":null,"authority_fingerprint":null,"latency_ms":12.623,"http_status":200,"query_family":"dispatch_certification_odds_v1","phase":"rpc_transport","outcome":"COMMITTED","error_class":null,"domain_error_code":null,"sqlstate":null,"canonical_readback":"NOT_OBSERVED","dropped_events":0}
{"schema_version":1,"timestamp":"2026-10-03T02:12:08.144Z","event":"REQUEST","request_id":"1f8871ab-c7ce-4346-8a6e-ea501e9e9508","correlation_id":"1f8871ab-c7ce-4346-8a6e-ea501e9e9508","route":"/api/director/canonical-odds","domain":"ODDS","feature":"ODDS","release":null,"release_source":"UNAVAILABLE","activation":null,"activation_source":"UNAVAILABLE","sha":"cccccccccccccccccccccccccccccccccccccccc","operation_id":null,"mutation_id":null,"job_id":null,"match_id":null,"round":null,"target_count":null,"authority_revision":null,"authority_fingerprint":null,"latency_ms":66.53,"http_status":200,"query_family":null,"phase":null,"outcome":"NOT_APPLICABLE","error_class":null,"domain_error_code":null,"sqlstate":null,"canonical_readback":"NOT_OBSERVED","dropped_events":0}
{"schema_version":1,"timestamp":"2026-10-03T02:12:08.147Z","event":"REQUEST","request_id":"e9e67577-9e64-4a7f-91e3-04145894a7db","correlation_id":"e9e67577-9e64-4a7f-91e3-04145894a7db","route":"/api/director/canonical-odds","domain":"ODDS","feature":"ODDS","release":null,"release_source":"UNAVAILABLE","activation":null,"activation_source":"UNAVAILABLE","sha":"cccccccccccccccccccccccccccccccccccccccc","operation_id":null,"mutation_id":null,"job_id":null,"match_id":null,"round":null,"target_count":null,"authority_revision":null,"authority_fingerprint":null,"latency_ms":0.053,"http_status":403,"query_family":null,"phase":null,"outcome":"NOT_APPLICABLE","error_class":"AUTHORIZATION_DENIED","domain_error_code":null,"sqlstate":null,"canonical_readback":"NOT_OBSERVED","dropped_events":0}
{"schema_version":1,"timestamp":"2026-10-03T02:12:08.160Z","event":"RPC","request_id":"25895514-7c69-4956-b522-b45a05058af4","correlation_id":"25895514-7c69-4956-b522-b45a05058af4","route":"/api/director/canonical-operations","domain":"TOURNAMENT_READ","feature":"DIRECTOR","release":null,"release_source":"UNAVAILABLE","activation":null,"activation_source":"UNAVAILABLE","sha":"cccccccccccccccccccccccccccccccccccccccc","operation_id":null,"mutation_id":null,"job_id":null,"match_id":null,"round":null,"target_count":null,"authority_revision":null,"authority_fingerprint":null,"latency_ms":9.876,"http_status":200,"query_family":"read_certification_runtime_context_v1","phase":"rpc_transport","outcome":"NOT_APPLICABLE","error_class":null,"domain_error_code":null,"sqlstate":null,"canonical_readback":"NOT_OBSERVED","dropped_events":0}
{"schema_version":1,"timestamp":"2026-10-03T02:12:08.169Z","event":"RPC","request_id":"25895514-7c69-4956-b522-b45a05058af4","correlation_id":"25895514-7c69-4956-b522-b45a05058af4","route":"/api/director/canonical-operations","domain":"TOURNAMENT_READ","feature":"DIRECTOR","release":null,"release_source":"UNAVAILABLE","activation":null,"activation_source":"UNAVAILABLE","sha":"cccccccccccccccccccccccccccccccccccccccc","operation_id":null,"mutation_id":null,"job_id":null,"match_id":null,"round":null,"target_count":null,"authority_revision":null,"authority_fingerprint":null,"latency_ms":9.206,"http_status":200,"query_family":"read_certification_runtime_context_v1","phase":"rpc_transport","outcome":"NOT_APPLICABLE","error_class":null,"domain_error_code":null,"sqlstate":null,"canonical_readback":"NOT_OBSERVED","dropped_events":0}
{"schema_version":1,"timestamp":"2026-10-03T02:12:08.181Z","event":"RPC","request_id":"25895514-7c69-4956-b522-b45a05058af4","correlation_id":"25895514-7c69-4956-b522-b45a05058af4","route":"/api/director/canonical-operations","domain":"TOURNAMENT_READ","feature":"DIRECTOR","release":null,"release_source":"UNAVAILABLE","activation":null,"activation_source":"UNAVAILABLE","sha":"cccccccccccccccccccccccccccccccccccccccc","operation_id":null,"mutation_id":null,"job_id":null,"match_id":null,"round":null,"target_count":null,"authority_revision":null,"authority_fingerprint":null,"latency_ms":11.233,"http_status":200,"query_family":"read_certification_projection_v1","phase":"rpc_transport","outcome":"NOT_APPLICABLE","error_class":null,"domain_error_code":null,"sqlstate":null,"canonical_readback":"NOT_OBSERVED","dropped_events":0}
{"schema_version":1,"timestamp":"2026-10-03T02:12:08.190Z","event":"RPC","request_id":"25895514-7c69-4956-b522-b45a05058af4","correlation_id":"25895514-7c69-4956-b522-b45a05058af4","route":"/api/director/canonical-operations","domain":"ROUND_CONTROL","feature":"DIRECTOR","release":null,"release_source":"UNAVAILABLE","activation":null,"activation_source":"UNAVAILABLE","sha":"cccccccccccccccccccccccccccccccccccccccc","operation_id":null,"mutation_id":null,"job_id":null,"match_id":null,"round":null,"target_count":null,"authority_revision":null,"authority_fingerprint":null,"latency_ms":8.886,"http_status":200,"query_family":"read_certification_runtime_context_v1","phase":"rpc_transport","outcome":"NOT_APPLICABLE","error_class":null,"domain_error_code":null,"sqlstate":null,"canonical_readback":"NOT_OBSERVED","dropped_events":0}
{"schema_version":1,"timestamp":"2026-10-03T02:12:08.248Z","event":"RPC","request_id":"25895514-7c69-4956-b522-b45a05058af4","correlation_id":"25895514-7c69-4956-b522-b45a05058af4","route":"/api/director/canonical-operations","domain":"ROUND_CONTROL","feature":"DIRECTOR","release":null,"release_source":"UNAVAILABLE","activation":null,"activation_source":"UNAVAILABLE","sha":"cccccccccccccccccccccccccccccccccccccccc","operation_id":null,"mutation_id":null,"job_id":null,"match_id":null,"round":null,"target_count":null,"authority_revision":null,"authority_fingerprint":null,"latency_ms":57.751,"http_status":200,"query_family":"read_certification_operation_v1","phase":"rpc_transport","outcome":"NOT_APPLICABLE","error_class":null,"domain_error_code":null,"sqlstate":null,"canonical_readback":"NOT_OBSERVED","dropped_events":0}
{"schema_version":1,"timestamp":"2026-10-03T02:12:08.249Z","event":"REQUEST","request_id":"25895514-7c69-4956-b522-b45a05058af4","correlation_id":"25895514-7c69-4956-b522-b45a05058af4","route":"/api/director/canonical-operations","domain":"DIRECTOR","feature":"DIRECTOR","release":null,"release_source":"UNAVAILABLE","activation":null,"activation_source":"UNAVAILABLE","sha":"cccccccccccccccccccccccccccccccccccccccc","operation_id":null,"mutation_id":null,"job_id":null,"match_id":null,"round":null,"target_count":null,"authority_revision":null,"authority_fingerprint":null,"latency_ms":100.211,"http_status":200,"query_family":null,"phase":null,"outcome":"NOT_APPLICABLE","error_class":null,"domain_error_code":null,"sqlstate":null,"canonical_readback":"NOT_OBSERVED","dropped_events":0}
{"schema_version":1,"timestamp":"2026-10-03T02:12:08.251Z","event":"REQUEST","request_id":"cbfe48bd-8c85-41a0-b659-bff41720d158","correlation_id":"cbfe48bd-8c85-41a0-b659-bff41720d158","route":"/api/director/canonical-operations","domain":"DIRECTOR","feature":"DIRECTOR","release":null,"release_source":"UNAVAILABLE","activation":null,"activation_source":"UNAVAILABLE","sha":"cccccccccccccccccccccccccccccccccccccccc","operation_id":null,"mutation_id":null,"job_id":null,"match_id":null,"round":null,"target_count":null,"authority_revision":null,"authority_fingerprint":null,"latency_ms":0.061,"http_status":403,"query_family":null,"phase":null,"outcome":"NOT_APPLICABLE","error_class":"AUTHORIZATION_DENIED","domain_error_code":null,"sqlstate":null,"canonical_readback":"NOT_OBSERVED","dropped_events":0}
