TAP version 13
# Subtest: R2 deterministic canonical bootstrap — owned local PostgreSQL17 only
    # Subtest: provisional source profile deterministically reproduces its in-memory artifacts
    ok 1 - provisional source profile deterministically reproduces its in-memory artifacts
      ---
      duration_ms: 933.53375
      type: 'test'
      ...
    # Subtest: tampered schema/catalog/source manifest rejected before installation
    ok 2 - tampered schema/catalog/source manifest rejected before installation
      ---
      duration_ms: 76.832667
      type: 'test'
      ...
    # Subtest: fresh database has convergent definitions and zero authority/history/job seeds
    ok 3 - fresh database has convergent definitions and zero authority/history/job seeds
      ---
      duration_ms: 4121.679375
      type: 'test'
      ...
    # Subtest: exact replay verifies receipt and makes no new authority
    ok 4 - exact replay verifies receipt and makes no new authority
      ---
      duration_ms: 3385.756167
      type: 'test'
      ...
    # Subtest: new private cores retain owner-only execution and exact source-defined security attributes
    ok 5 - new private cores retain owner-only execution and exact source-defined security attributes
      ---
      duration_ms: 3244.020125
      type: 'test'
      ...
    # Subtest: failure at after-schema rolls back all application schemas and retry succeeds
    ok 6 - failure at after-schema rolls back all application schemas and retry succeeds
      ---
      duration_ms: 3396.660083
      type: 'test'
      ...
    # Subtest: failure at after-static rolls back all application schemas and retry succeeds
    ok 7 - failure at after-static rolls back all application schemas and retry succeeds
      ---
      duration_ms: 3282.790333
      type: 'test'
      ...
    # Subtest: failure at before-commit rolls back all application schemas and retry succeeds
    ok 8 - failure at before-commit rolls back all application schemas and retry succeeds
      ---
      duration_ms: 3549.289959
      type: 'test'
      ...
    # Subtest: fresh independent database converges; no cloned resource or control authority
    ok 9 - fresh independent database converges; no cloned resource or control authority
      ---
      duration_ms: 5674.899833
      type: 'test'
      ...
    # Subtest: replay detects changed RLS rather than accepting only a matching receipt
    ok 10 - replay detects changed RLS rather than accepting only a matching receipt
      ---
      duration_ms: 312.476208
      type: 'test'
      ...
    # Subtest: unowned database handles rejected; no remote connection interface
    ok 11 - unowned database handles rejected; no remote connection interface
      ---
      duration_ms: 46.447458
      type: 'test'
      ...
    1..11
ok 1 - R2 deterministic canonical bootstrap — owned local PostgreSQL17 only
  ---
  duration_ms: 31713.143334
  type: 'test'
  ...
# {"environment":"OWNED_LOCAL_POSTGRESQL17","provisional":true,"finalBaselineEmitted":false,"functions":1112,"sourceFiles":142,"forwardMigrations":["supabase/production_migrations/202609300131_canonical_resource_control_v1.sql","supabase/production_migrations/202609300132_certification_domain_gateways_v1.sql","supabase/production_migrations/202609300133_certification_derived_gateways_v1.sql","supabase/production_migrations/202609300134_certification_annual_administration_v1.sql","supabase/production_migrations/202609300135_certification_read_contracts_v1.sql","supabase/production_migrations/202609300136_certification_durable_ingress_v1.sql","supabase/production_migrations/202609300137_certification_domain_resource_recovery_v1.sql","supabase/production_migrations/202609300138_certification_annual_transition_v1.sql","supabase/production_migrations/202609300139_certification_future_authoring_v1.sql","supabase/production_migrations/202609300140_certification_future_scoring_v1.sql","supabase/production_migrations/202609300141_certification_future_workers_v1.sql","supabase/production_migrations/202609300142_certification_required_worker_reads_v1.sql","supabase/production_migrations/202609300143_certification_odds_owner_publication_v1.sql","supabase/production_migrations/202609300145_certification_closed_tournament_read_v1.sql","supabase/production_migrations/202609300146_certification_successor_current_reads_v1.sql","supabase/production_migrations/202609300147_certification_closed_history_service_v1.sql"],"completeCandidateCertified":false,"authorityRowsCopied":0,"hostedAccess":false}
1..1
# tests 12
# suites 0
# pass 12
# fail 0
# cancelled 0
# skipped 0
# todo 0
# duration_ms 31782.167625
