
> bagger-inv@12.0.0 build
> next build

   ▲ Next.js 15.5.18

   Creating an optimized production build ...
<w> [webpack.cache.PackFileCacheStrategy] Skipped not serializable cache item 'Compilation/modules|javascript/auto|/private/tmp/bagger-phase2d-staging-admission/node_modules/next/dist/build/webpack/loaders/next-flight-css-loader.js??ruleSet[1].rules[14].oneOf[5].use[0]!/private/tmp/bagger-phase2d-staging-admission/node_modules/next/dist/build/webpack/loaders/css-loader/src/index.js??ruleSet[1].rules[14].oneOf[5].use[1]!/private/tmp/bagger-phase2d-staging-admission/node_modules/next/dist/build/webpack/loaders/postcss-loader/src/index.js??ruleSet[1].rules[14].oneOf[5].use[2]!/private/tmp/bagger-phase2d-staging-admission/app/historical.module.css|rsc': No serializer registered for Warning
<w> while serializing webpack/lib/cache/PackFileCacheStrategy.PackContentItems -> webpack/lib/NormalModule -> Array { 1 items } -> webpack/lib/ModuleWarning -> Warning
<w> [webpack.cache.PackFileCacheStrategy] Skipped not serializable cache item 'Compilation/modules|javascript/auto|/private/tmp/bagger-phase2d-staging-admission/node_modules/next/dist/build/webpack/loaders/next-flight-css-loader.js??ruleSet[1].rules[14].oneOf[5].use[0]!/private/tmp/bagger-phase2d-staging-admission/node_modules/next/dist/build/webpack/loaders/css-loader/src/index.js??ruleSet[1].rules[14].oneOf[5].use[1]!/private/tmp/bagger-phase2d-staging-admission/node_modules/next/dist/build/webpack/loaders/postcss-loader/src/index.js??ruleSet[1].rules[14].oneOf[5].use[2]!/private/tmp/bagger-phase2d-staging-admission/app/draft/draft.module.css|rsc': No serializer registered for Warning
<w> while serializing webpack/lib/cache/PackFileCacheStrategy.PackContentItems -> webpack/lib/NormalModule -> Array { 1 items } -> webpack/lib/ModuleWarning -> Warning
<w> [webpack.cache.PackFileCacheStrategy] Skipped not serializable cache item 'Compilation/modules|javascript/auto|/private/tmp/bagger-phase2d-staging-admission/node_modules/next/dist/build/webpack/loaders/next-flight-css-loader.js??ruleSet[1].rules[14].oneOf[5].use[0]!/private/tmp/bagger-phase2d-staging-admission/node_modules/next/dist/build/webpack/loaders/css-loader/src/index.js??ruleSet[1].rules[14].oneOf[5].use[1]!/private/tmp/bagger-phase2d-staging-admission/node_modules/next/dist/build/webpack/loaders/postcss-loader/src/index.js??ruleSet[1].rules[14].oneOf[5].use[2]!/private/tmp/bagger-phase2d-staging-admission/app/live/live.module.css|rsc': No serializer registered for Warning
<w> while serializing webpack/lib/cache/PackFileCacheStrategy.PackContentItems -> webpack/lib/NormalModule -> Array { 1 items } -> webpack/lib/ModuleWarning -> Warning
<w> [webpack.cache.PackFileCacheStrategy] Skipped not serializable cache item 'Compilation/modules|javascript/auto|/private/tmp/bagger-phase2d-staging-admission/node_modules/next/dist/build/webpack/loaders/next-flight-css-loader.js??ruleSet[1].rules[14].oneOf[5].use[0]!/private/tmp/bagger-phase2d-staging-admission/node_modules/next/dist/build/webpack/loaders/css-loader/src/index.js??ruleSet[1].rules[14].oneOf[5].use[1]!/private/tmp/bagger-phase2d-staging-admission/node_modules/next/dist/build/webpack/loaders/postcss-loader/src/index.js??ruleSet[1].rules[14].oneOf[5].use[2]!/private/tmp/bagger-phase2d-staging-admission/app/history/historical-match-row.module.css|rsc': No serializer registered for Warning
<w> while serializing webpack/lib/cache/PackFileCacheStrategy.PackContentItems -> webpack/lib/NormalModule -> Array { 1 items } -> webpack/lib/ModuleWarning -> Warning
<w> [webpack.cache.PackFileCacheStrategy] Skipped not serializable cache item 'Compilation/modules|javascript/auto|/private/tmp/bagger-phase2d-staging-admission/node_modules/next/dist/build/webpack/loaders/next-flight-css-loader.js??ruleSet[1].rules[14].oneOf[5].use[0]!/private/tmp/bagger-phase2d-staging-admission/node_modules/next/dist/build/webpack/loaders/css-loader/src/index.js??ruleSet[1].rules[14].oneOf[5].use[1]!/private/tmp/bagger-phase2d-staging-admission/node_modules/next/dist/build/webpack/loaders/postcss-loader/src/index.js??ruleSet[1].rules[14].oneOf[5].use[2]!/private/tmp/bagger-phase2d-staging-admission/app/draft/draft.module.css|ssr': No serializer registered for Warning
<w> while serializing webpack/lib/cache/PackFileCacheStrategy.PackContentItems -> webpack/lib/NormalModule -> Array { 1 items } -> webpack/lib/ModuleWarning -> Warning
<w> [webpack.cache.PackFileCacheStrategy] Skipped not serializable cache item 'Compilation/modules|javascript/auto|/private/tmp/bagger-phase2d-staging-admission/node_modules/next/dist/build/webpack/loaders/next-flight-css-loader.js??ruleSet[1].rules[14].oneOf[5].use[0]!/private/tmp/bagger-phase2d-staging-admission/node_modules/next/dist/build/webpack/loaders/css-loader/src/index.js??ruleSet[1].rules[14].oneOf[5].use[1]!/private/tmp/bagger-phase2d-staging-admission/node_modules/next/dist/build/webpack/loaders/postcss-loader/src/index.js??ruleSet[1].rules[14].oneOf[5].use[2]!/private/tmp/bagger-phase2d-staging-admission/app/historical.module.css|ssr': No serializer registered for Warning
<w> while serializing webpack/lib/cache/PackFileCacheStrategy.PackContentItems -> webpack/lib/NormalModule -> Array { 1 items } -> webpack/lib/ModuleWarning -> Warning
<w> [webpack.cache.PackFileCacheStrategy] Skipped not serializable cache item 'Compilation/modules|javascript/auto|/private/tmp/bagger-phase2d-staging-admission/node_modules/next/dist/build/webpack/loaders/next-flight-css-loader.js??ruleSet[1].rules[14].oneOf[5].use[0]!/private/tmp/bagger-phase2d-staging-admission/node_modules/next/dist/build/webpack/loaders/css-loader/src/index.js??ruleSet[1].rules[14].oneOf[5].use[1]!/private/tmp/bagger-phase2d-staging-admission/node_modules/next/dist/build/webpack/loaders/postcss-loader/src/index.js??ruleSet[1].rules[14].oneOf[5].use[2]!/private/tmp/bagger-phase2d-staging-admission/app/live/live.module.css|ssr': No serializer registered for Warning
<w> while serializing webpack/lib/cache/PackFileCacheStrategy.PackContentItems -> webpack/lib/NormalModule -> Array { 1 items } -> webpack/lib/ModuleWarning -> Warning
<w> [webpack.cache.PackFileCacheStrategy] Skipped not serializable cache item 'Compilation/modules|javascript/auto|/private/tmp/bagger-phase2d-staging-admission/node_modules/next/dist/build/webpack/loaders/next-flight-css-loader.js??ruleSet[1].rules[14].oneOf[5].use[0]!/private/tmp/bagger-phase2d-staging-admission/node_modules/next/dist/build/webpack/loaders/css-loader/src/index.js??ruleSet[1].rules[14].oneOf[5].use[1]!/private/tmp/bagger-phase2d-staging-admission/node_modules/next/dist/build/webpack/loaders/postcss-loader/src/index.js??ruleSet[1].rules[14].oneOf[5].use[2]!/private/tmp/bagger-phase2d-staging-admission/app/odds-center/odds.module.css|ssr': No serializer registered for Warning
<w> while serializing webpack/lib/cache/PackFileCacheStrategy.PackContentItems -> webpack/lib/NormalModule -> Array { 1 items } -> webpack/lib/ModuleWarning -> Warning
<w> [webpack.cache.PackFileCacheStrategy] Skipped not serializable cache item 'Compilation/modules|javascript/auto|/private/tmp/bagger-phase2d-staging-admission/node_modules/next/dist/build/webpack/loaders/next-flight-css-loader.js??ruleSet[1].rules[14].oneOf[5].use[0]!/private/tmp/bagger-phase2d-staging-admission/node_modules/next/dist/build/webpack/loaders/css-loader/src/index.js??ruleSet[1].rules[14].oneOf[5].use[1]!/private/tmp/bagger-phase2d-staging-admission/node_modules/next/dist/build/webpack/loaders/postcss-loader/src/index.js??ruleSet[1].rules[14].oneOf[5].use[2]!/private/tmp/bagger-phase2d-staging-admission/app/war-room/war-room.module.css|ssr': No serializer registered for Warning
<w> while serializing webpack/lib/cache/PackFileCacheStrategy.PackContentItems -> webpack/lib/NormalModule -> Array { 2 items } -> webpack/lib/ModuleWarning -> Warning
<w> [webpack.cache.PackFileCacheStrategy] Skipped not serializable cache item 'Compilation/modules|javascript/auto|/private/tmp/bagger-phase2d-staging-admission/node_modules/next/dist/build/webpack/loaders/next-flight-css-loader.js??ruleSet[1].rules[14].oneOf[5].use[0]!/private/tmp/bagger-phase2d-staging-admission/node_modules/next/dist/build/webpack/loaders/css-loader/src/index.js??ruleSet[1].rules[14].oneOf[5].use[1]!/private/tmp/bagger-phase2d-staging-admission/node_modules/next/dist/build/webpack/loaders/postcss-loader/src/index.js??ruleSet[1].rules[14].oneOf[5].use[2]!/private/tmp/bagger-phase2d-staging-admission/app/admin/admin-center.module.css|ssr': No serializer registered for Warning
<w> while serializing webpack/lib/cache/PackFileCacheStrategy.PackContentItems -> webpack/lib/NormalModule -> Array { 1 items } -> webpack/lib/ModuleWarning -> Warning
<w> [webpack.cache.PackFileCacheStrategy] Skipped not serializable cache item 'Compilation/modules|javascript/auto|/private/tmp/bagger-phase2d-staging-admission/node_modules/next/dist/build/webpack/loaders/next-flight-css-loader.js??ruleSet[1].rules[14].oneOf[5].use[0]!/private/tmp/bagger-phase2d-staging-admission/node_modules/next/dist/build/webpack/loaders/css-loader/src/index.js??ruleSet[1].rules[14].oneOf[5].use[1]!/private/tmp/bagger-phase2d-staging-admission/node_modules/next/dist/build/webpack/loaders/postcss-loader/src/index.js??ruleSet[1].rules[14].oneOf[5].use[2]!/private/tmp/bagger-phase2d-staging-admission/app/admin/director/ProductionFutureYearAdministrationPanel.module.css|ssr': No serializer registered for Warning
<w> while serializing webpack/lib/cache/PackFileCacheStrategy.PackContentItems -> webpack/lib/NormalModule -> Array { 1 items } -> webpack/lib/ModuleWarning -> Warning
<w> [webpack.cache.PackFileCacheStrategy] Skipped not serializable cache item 'Compilation/modules|javascript/auto|/private/tmp/bagger-phase2d-staging-admission/node_modules/next/dist/build/webpack/loaders/next-flight-css-loader.js??ruleSet[1].rules[14].oneOf[5].use[0]!/private/tmp/bagger-phase2d-staging-admission/node_modules/next/dist/build/webpack/loaders/css-loader/src/index.js??ruleSet[1].rules[14].oneOf[5].use[1]!/private/tmp/bagger-phase2d-staging-admission/node_modules/next/dist/build/webpack/loaders/postcss-loader/src/index.js??ruleSet[1].rules[14].oneOf[5].use[2]!/private/tmp/bagger-phase2d-staging-admission/app/admin/player-passport-admin.module.css|ssr': No serializer registered for Warning
<w> while serializing webpack/lib/cache/PackFileCacheStrategy.PackContentItems -> webpack/lib/NormalModule -> Array { 1 items } -> webpack/lib/ModuleWarning -> Warning
<w> [webpack.cache.PackFileCacheStrategy] Skipped not serializable cache item 'Compilation/modules|javascript/auto|/private/tmp/bagger-phase2d-staging-admission/node_modules/next/dist/build/webpack/loaders/next-flight-css-loader.js??ruleSet[1].rules[14].oneOf[5].use[0]!/private/tmp/bagger-phase2d-staging-admission/node_modules/next/dist/build/webpack/loaders/css-loader/src/index.js??ruleSet[1].rules[14].oneOf[5].use[1]!/private/tmp/bagger-phase2d-staging-admission/node_modules/next/dist/build/webpack/loaders/postcss-loader/src/index.js??ruleSet[1].rules[14].oneOf[5].use[2]!/private/tmp/bagger-phase2d-staging-admission/app/admin/cms-manager.module.css|ssr': No serializer registered for Warning
<w> while serializing webpack/lib/cache/PackFileCacheStrategy.PackContentItems -> webpack/lib/NormalModule -> Array { 1 items } -> webpack/lib/ModuleWarning -> Warning
<w> [webpack.cache.PackFileCacheStrategy] Skipped not serializable cache item 'Compilation/modules|javascript/auto|/private/tmp/bagger-phase2d-staging-admission/node_modules/next/dist/build/webpack/loaders/next-flight-css-loader.js??ruleSet[1].rules[14].oneOf[5].use[0]!/private/tmp/bagger-phase2d-staging-admission/node_modules/next/dist/build/webpack/loaders/css-loader/src/index.js??ruleSet[1].rules[14].oneOf[5].use[1]!/private/tmp/bagger-phase2d-staging-admission/node_modules/next/dist/build/webpack/loaders/postcss-loader/src/index.js??ruleSet[1].rules[14].oneOf[5].use[2]!/private/tmp/bagger-phase2d-staging-admission/app/admin/director/net-skins-entries.module.css|ssr': No serializer registered for Warning
<w> while serializing webpack/lib/cache/PackFileCacheStrategy.PackContentItems -> webpack/lib/NormalModule -> Array { 1 items } -> webpack/lib/ModuleWarning -> Warning
 ⚠ Compiled with warnings in 15.1s

./app/admin/admin-center.module.css
Warning

(1:1045) autoprefixer: end value has mixed support, consider using flex-end instead

Import trace for requested module:
./app/admin/admin-center.module.css
./app/admin/AdminCenter.js

./app/admin/cms-manager.module.css
Warning

(1:674) autoprefixer: end value has mixed support, consider using flex-end instead

Import trace for requested module:
./app/admin/cms-manager.module.css
./app/admin/CmsManager.js
./app/admin/AdminCenter.js

./app/admin/director/ProductionFutureYearAdministrationPanel.module.css
Warning

(1:3693) autoprefixer: end value has mixed support, consider using flex-end instead

Import trace for requested module:
./app/admin/director/ProductionFutureYearAdministrationPanel.module.css
./app/admin/director/ProductionFutureYearAdministrationPanel.js
./app/admin/director/ProductionDirectorConsole.js

./app/admin/director/net-skins-entries.module.css
Warning

(24:53) autoprefixer: end value has mixed support, consider using flex-end instead

Import trace for requested module:
./app/admin/director/net-skins-entries.module.css
./app/admin/director/ProductionNetSkinsEntries.js
./app/admin/director/CanonicalDirectorOperations.js
./app/admin/director/CanonicalDirectorConsole.js

./app/admin/player-passport-admin.module.css
Warning

(1:108) autoprefixer: end value has mixed support, consider using flex-end instead

Import trace for requested module:
./app/admin/player-passport-admin.module.css
./app/admin/PlayerPassportAdmin.js
./app/admin/AdminCenter.js

./app/draft/draft.module.css
Warning

(1:1661) autoprefixer: end value has mixed support, consider using flex-end instead

Import trace for requested module:
./app/draft/draft.module.css
./app/draft/DraftExperience.js
./app/draft/page.js

./app/draft/draft.module.css
Warning

(1:1661) autoprefixer: end value has mixed support, consider using flex-end instead

Import trace for requested module:
./app/draft/draft.module.css
./app/draft/DraftAnalysisSummary.js

./app/historical.module.css
Warning

(2285:3) autoprefixer: end value has mixed support, consider using flex-end instead

Import trace for requested module:
./app/historical.module.css
./app/board-of-governors/page.js

./app/historical.module.css
Warning

(2285:3) autoprefixer: end value has mixed support, consider using flex-end instead

Import trace for requested module:
./app/historical.module.css
./app/history/HistoryBackToTop.js

./app/history/historical-match-row.module.css
Warning

(1:1188) autoprefixer: end value has mixed support, consider using flex-end instead

Import trace for requested module:
./app/history/historical-match-row.module.css
./app/history/HistoricalMatchRow.js
./app/history/[year]/round/[round]/page.js

./app/live/live.module.css
Warning

(155:3) autoprefixer: end value has mixed support, consider using flex-end instead

Import trace for requested module:
./app/live/live.module.css
./app/PublicMatchCard.js
./app/history/[year]/team/[side]/page.js

./app/live/live.module.css
Warning

(155:3) autoprefixer: end value has mixed support, consider using flex-end instead

Import trace for requested module:
./app/live/live.module.css
./app/live/TournamentSupabaseRead.js

./app/odds-center/odds.module.css
Warning

(1:1051) autoprefixer: end value has mixed support, consider using flex-end instead

Import trace for requested module:
./app/odds-center/odds.module.css
./app/odds-center/OddsCenter.js

./app/war-room/war-room.module.css
Warning

(5:240) autoprefixer: end value has mixed support, consider using flex-end instead

Import trace for requested module:
./app/war-room/war-room.module.css
./app/war-room/WarRoom.js

./app/war-room/war-room.module.css
Warning

(19:50) autoprefixer: end value has mixed support, consider using flex-end instead

Import trace for requested module:
./app/war-room/war-room.module.css
./app/war-room/WarRoom.js

<w> [webpack.cache.PackFileCacheStrategy] Skipped not serializable cache item 'Compilation/modules|/private/tmp/bagger-phase2d-staging-admission/node_modules/next/dist/build/webpack/loaders/css-loader/src/index.js??ruleSet[1].rules[14].oneOf[5].use[2]!/private/tmp/bagger-phase2d-staging-admission/node_modules/next/dist/build/webpack/loaders/postcss-loader/src/index.js??ruleSet[1].rules[14].oneOf[5].use[3]!/private/tmp/bagger-phase2d-staging-admission/app/historical.module.css': No serializer registered for Warning
<w> while serializing webpack/lib/cache/PackFileCacheStrategy.PackContentItems -> webpack/lib/NormalModule -> Array { 1 items } -> webpack/lib/ModuleWarning -> Warning
<w> [webpack.cache.PackFileCacheStrategy] Skipped not serializable cache item 'Compilation/modules|/private/tmp/bagger-phase2d-staging-admission/node_modules/next/dist/build/webpack/loaders/css-loader/src/index.js??ruleSet[1].rules[14].oneOf[5].use[2]!/private/tmp/bagger-phase2d-staging-admission/node_modules/next/dist/build/webpack/loaders/postcss-loader/src/index.js??ruleSet[1].rules[14].oneOf[5].use[3]!/private/tmp/bagger-phase2d-staging-admission/app/draft/draft.module.css': No serializer registered for Warning
<w> while serializing webpack/lib/cache/PackFileCacheStrategy.PackContentItems -> webpack/lib/NormalModule -> Array { 1 items } -> webpack/lib/ModuleWarning -> Warning
<w> [webpack.cache.PackFileCacheStrategy] Skipped not serializable cache item 'Compilation/modules|/private/tmp/bagger-phase2d-staging-admission/node_modules/next/dist/build/webpack/loaders/css-loader/src/index.js??ruleSet[1].rules[14].oneOf[5].use[2]!/private/tmp/bagger-phase2d-staging-admission/node_modules/next/dist/build/webpack/loaders/postcss-loader/src/index.js??ruleSet[1].rules[14].oneOf[5].use[3]!/private/tmp/bagger-phase2d-staging-admission/app/live/live.module.css': No serializer registered for Warning
<w> while serializing webpack/lib/cache/PackFileCacheStrategy.PackContentItems -> webpack/lib/NormalModule -> Array { 1 items } -> webpack/lib/ModuleWarning -> Warning
<w> [webpack.cache.PackFileCacheStrategy] Skipped not serializable cache item 'Compilation/modules|/private/tmp/bagger-phase2d-staging-admission/node_modules/next/dist/build/webpack/loaders/css-loader/src/index.js??ruleSet[1].rules[14].oneOf[5].use[2]!/private/tmp/bagger-phase2d-staging-admission/node_modules/next/dist/build/webpack/loaders/postcss-loader/src/index.js??ruleSet[1].rules[14].oneOf[5].use[3]!/private/tmp/bagger-phase2d-staging-admission/app/history/historical-match-row.module.css': No serializer registered for Warning
<w> while serializing webpack/lib/cache/PackFileCacheStrategy.PackContentItems -> webpack/lib/NormalModule -> Array { 1 items } -> webpack/lib/ModuleWarning -> Warning
<w> [webpack.cache.PackFileCacheStrategy] Skipped not serializable cache item 'Compilation/modules|/private/tmp/bagger-phase2d-staging-admission/node_modules/next/dist/build/webpack/loaders/css-loader/src/index.js??ruleSet[1].rules[14].oneOf[5].use[2]!/private/tmp/bagger-phase2d-staging-admission/node_modules/next/dist/build/webpack/loaders/postcss-loader/src/index.js??ruleSet[1].rules[14].oneOf[5].use[3]!/private/tmp/bagger-phase2d-staging-admission/app/odds-center/odds.module.css': No serializer registered for Warning
<w> while serializing webpack/lib/cache/PackFileCacheStrategy.PackContentItems -> webpack/lib/NormalModule -> Array { 1 items } -> webpack/lib/ModuleWarning -> Warning
<w> [webpack.cache.PackFileCacheStrategy] Skipped not serializable cache item 'Compilation/modules|/private/tmp/bagger-phase2d-staging-admission/node_modules/next/dist/build/webpack/loaders/css-loader/src/index.js??ruleSet[1].rules[14].oneOf[5].use[2]!/private/tmp/bagger-phase2d-staging-admission/node_modules/next/dist/build/webpack/loaders/postcss-loader/src/index.js??ruleSet[1].rules[14].oneOf[5].use[3]!/private/tmp/bagger-phase2d-staging-admission/app/war-room/war-room.module.css': No serializer registered for Warning
<w> while serializing webpack/lib/cache/PackFileCacheStrategy.PackContentItems -> webpack/lib/NormalModule -> Array { 2 items } -> webpack/lib/ModuleWarning -> Warning
<w> [webpack.cache.PackFileCacheStrategy] Skipped not serializable cache item 'Compilation/modules|/private/tmp/bagger-phase2d-staging-admission/node_modules/next/dist/build/webpack/loaders/css-loader/src/index.js??ruleSet[1].rules[14].oneOf[5].use[2]!/private/tmp/bagger-phase2d-staging-admission/node_modules/next/dist/build/webpack/loaders/postcss-loader/src/index.js??ruleSet[1].rules[14].oneOf[5].use[3]!/private/tmp/bagger-phase2d-staging-admission/app/admin/admin-center.module.css': No serializer registered for Warning
<w> while serializing webpack/lib/cache/PackFileCacheStrategy.PackContentItems -> webpack/lib/NormalModule -> Array { 1 items } -> webpack/lib/ModuleWarning -> Warning
<w> [webpack.cache.PackFileCacheStrategy] Skipped not serializable cache item 'Compilation/modules|/private/tmp/bagger-phase2d-staging-admission/node_modules/next/dist/build/webpack/loaders/css-loader/src/index.js??ruleSet[1].rules[14].oneOf[5].use[2]!/private/tmp/bagger-phase2d-staging-admission/node_modules/next/dist/build/webpack/loaders/postcss-loader/src/index.js??ruleSet[1].rules[14].oneOf[5].use[3]!/private/tmp/bagger-phase2d-staging-admission/app/admin/player-passport-admin.module.css': No serializer registered for Warning
<w> while serializing webpack/lib/cache/PackFileCacheStrategy.PackContentItems -> webpack/lib/NormalModule -> Array { 1 items } -> webpack/lib/ModuleWarning -> Warning
<w> [webpack.cache.PackFileCacheStrategy] Skipped not serializable cache item 'Compilation/modules|/private/tmp/bagger-phase2d-staging-admission/node_modules/next/dist/build/webpack/loaders/css-loader/src/index.js??ruleSet[1].rules[14].oneOf[5].use[2]!/private/tmp/bagger-phase2d-staging-admission/node_modules/next/dist/build/webpack/loaders/postcss-loader/src/index.js??ruleSet[1].rules[14].oneOf[5].use[3]!/private/tmp/bagger-phase2d-staging-admission/app/admin/cms-manager.module.css': No serializer registered for Warning
<w> while serializing webpack/lib/cache/PackFileCacheStrategy.PackContentItems -> webpack/lib/NormalModule -> Array { 1 items } -> webpack/lib/ModuleWarning -> Warning
<w> [webpack.cache.PackFileCacheStrategy] Skipped not serializable cache item 'Compilation/modules|/private/tmp/bagger-phase2d-staging-admission/node_modules/next/dist/build/webpack/loaders/css-loader/src/index.js??ruleSet[1].rules[14].oneOf[5].use[2]!/private/tmp/bagger-phase2d-staging-admission/node_modules/next/dist/build/webpack/loaders/postcss-loader/src/index.js??ruleSet[1].rules[14].oneOf[5].use[3]!/private/tmp/bagger-phase2d-staging-admission/app/admin/director/ProductionFutureYearAdministrationPanel.module.css': No serializer registered for Warning
<w> while serializing webpack/lib/cache/PackFileCacheStrategy.PackContentItems -> webpack/lib/NormalModule -> Array { 1 items } -> webpack/lib/ModuleWarning -> Warning
<w> [webpack.cache.PackFileCacheStrategy] Skipped not serializable cache item 'Compilation/modules|/private/tmp/bagger-phase2d-staging-admission/node_modules/next/dist/build/webpack/loaders/css-loader/src/index.js??ruleSet[1].rules[14].oneOf[5].use[2]!/private/tmp/bagger-phase2d-staging-admission/node_modules/next/dist/build/webpack/loaders/postcss-loader/src/index.js??ruleSet[1].rules[14].oneOf[5].use[3]!/private/tmp/bagger-phase2d-staging-admission/app/admin/director/net-skins-entries.module.css': No serializer registered for Warning
<w> while serializing webpack/lib/cache/PackFileCacheStrategy.PackContentItems -> webpack/lib/NormalModule -> Array { 1 items } -> webpack/lib/ModuleWarning -> Warning
 ⚠ Compiled with warnings in 5.0s

./app/admin/admin-center.module.css.webpack[javascript/auto]!=!./node_modules/next/dist/build/webpack/loaders/css-loader/src/index.js??ruleSet[1].rules[14].oneOf[5].use[2]!./node_modules/next/dist/build/webpack/loaders/postcss-loader/src/index.js??ruleSet[1].rules[14].oneOf[5].use[3]!./app/admin/admin-center.module.css
Warning

(1:1045) autoprefixer: end value has mixed support, consider using flex-end instead

Import trace for requested module:
./app/admin/admin-center.module.css.webpack[javascript/auto]!=!./node_modules/next/dist/build/webpack/loaders/css-loader/src/index.js??ruleSet[1].rules[14].oneOf[5].use[2]!./node_modules/next/dist/build/webpack/loaders/postcss-loader/src/index.js??ruleSet[1].rules[14].oneOf[5].use[3]!./app/admin/admin-center.module.css
./app/admin/admin-center.module.css
./app/admin/AdminCenter.js

./app/admin/cms-manager.module.css.webpack[javascript/auto]!=!./node_modules/next/dist/build/webpack/loaders/css-loader/src/index.js??ruleSet[1].rules[14].oneOf[5].use[2]!./node_modules/next/dist/build/webpack/loaders/postcss-loader/src/index.js??ruleSet[1].rules[14].oneOf[5].use[3]!./app/admin/cms-manager.module.css
Warning

(1:674) autoprefixer: end value has mixed support, consider using flex-end instead

Import trace for requested module:
./app/admin/cms-manager.module.css.webpack[javascript/auto]!=!./node_modules/next/dist/build/webpack/loaders/css-loader/src/index.js??ruleSet[1].rules[14].oneOf[5].use[2]!./node_modules/next/dist/build/webpack/loaders/postcss-loader/src/index.js??ruleSet[1].rules[14].oneOf[5].use[3]!./app/admin/cms-manager.module.css
./app/admin/cms-manager.module.css
./app/admin/CmsManager.js
./app/admin/AdminCenter.js

./app/admin/director/ProductionFutureYearAdministrationPanel.module.css.webpack[javascript/auto]!=!./node_modules/next/dist/build/webpack/loaders/css-loader/src/index.js??ruleSet[1].rules[14].oneOf[5].use[2]!./node_modules/next/dist/build/webpack/loaders/postcss-loader/src/index.js??ruleSet[1].rules[14].oneOf[5].use[3]!./app/admin/director/ProductionFutureYearAdministrationPanel.module.css
Warning

(1:3693) autoprefixer: end value has mixed support, consider using flex-end instead

Import trace for requested module:
./app/admin/director/ProductionFutureYearAdministrationPanel.module.css.webpack[javascript/auto]!=!./node_modules/next/dist/build/webpack/loaders/css-loader/src/index.js??ruleSet[1].rules[14].oneOf[5].use[2]!./node_modules/next/dist/build/webpack/loaders/postcss-loader/src/index.js??ruleSet[1].rules[14].oneOf[5].use[3]!./app/admin/director/ProductionFutureYearAdministrationPanel.module.css
./app/admin/director/ProductionFutureYearAdministrationPanel.module.css
./app/admin/director/ProductionFutureYearAdministrationPanel.js
./app/admin/director/ProductionDirectorConsole.js

./app/admin/director/net-skins-entries.module.css.webpack[javascript/auto]!=!./node_modules/next/dist/build/webpack/loaders/css-loader/src/index.js??ruleSet[1].rules[14].oneOf[5].use[2]!./node_modules/next/dist/build/webpack/loaders/postcss-loader/src/index.js??ruleSet[1].rules[14].oneOf[5].use[3]!./app/admin/director/net-skins-entries.module.css
Warning

(24:53) autoprefixer: end value has mixed support, consider using flex-end instead

Import trace for requested module:
./app/admin/director/net-skins-entries.module.css.webpack[javascript/auto]!=!./node_modules/next/dist/build/webpack/loaders/css-loader/src/index.js??ruleSet[1].rules[14].oneOf[5].use[2]!./node_modules/next/dist/build/webpack/loaders/postcss-loader/src/index.js??ruleSet[1].rules[14].oneOf[5].use[3]!./app/admin/director/net-skins-entries.module.css
./app/admin/director/net-skins-entries.module.css
./app/admin/director/ProductionNetSkinsEntries.js
./app/admin/director/CanonicalDirectorOperations.js
./app/admin/director/CanonicalDirectorConsole.js

./app/admin/player-passport-admin.module.css.webpack[javascript/auto]!=!./node_modules/next/dist/build/webpack/loaders/css-loader/src/index.js??ruleSet[1].rules[14].oneOf[5].use[2]!./node_modules/next/dist/build/webpack/loaders/postcss-loader/src/index.js??ruleSet[1].rules[14].oneOf[5].use[3]!./app/admin/player-passport-admin.module.css
Warning

(1:108) autoprefixer: end value has mixed support, consider using flex-end instead

Import trace for requested module:
./app/admin/player-passport-admin.module.css.webpack[javascript/auto]!=!./node_modules/next/dist/build/webpack/loaders/css-loader/src/index.js??ruleSet[1].rules[14].oneOf[5].use[2]!./node_modules/next/dist/build/webpack/loaders/postcss-loader/src/index.js??ruleSet[1].rules[14].oneOf[5].use[3]!./app/admin/player-passport-admin.module.css
./app/admin/player-passport-admin.module.css
./app/admin/PlayerPassportAdmin.js
./app/admin/AdminCenter.js

./app/draft/draft.module.css.webpack[javascript/auto]!=!./node_modules/next/dist/build/webpack/loaders/css-loader/src/index.js??ruleSet[1].rules[14].oneOf[5].use[2]!./node_modules/next/dist/build/webpack/loaders/postcss-loader/src/index.js??ruleSet[1].rules[14].oneOf[5].use[3]!./app/draft/draft.module.css
Warning

(1:1661) autoprefixer: end value has mixed support, consider using flex-end instead

Import trace for requested module:
./app/draft/draft.module.css.webpack[javascript/auto]!=!./node_modules/next/dist/build/webpack/loaders/css-loader/src/index.js??ruleSet[1].rules[14].oneOf[5].use[2]!./node_modules/next/dist/build/webpack/loaders/postcss-loader/src/index.js??ruleSet[1].rules[14].oneOf[5].use[3]!./app/draft/draft.module.css
./app/draft/draft.module.css

./app/historical.module.css.webpack[javascript/auto]!=!./node_modules/next/dist/build/webpack/loaders/css-loader/src/index.js??ruleSet[1].rules[14].oneOf[5].use[2]!./node_modules/next/dist/build/webpack/loaders/postcss-loader/src/index.js??ruleSet[1].rules[14].oneOf[5].use[3]!./app/historical.module.css
Warning

(2285:3) autoprefixer: end value has mixed support, consider using flex-end instead

Import trace for requested module:
./app/historical.module.css.webpack[javascript/auto]!=!./node_modules/next/dist/build/webpack/loaders/css-loader/src/index.js??ruleSet[1].rules[14].oneOf[5].use[2]!./node_modules/next/dist/build/webpack/loaders/postcss-loader/src/index.js??ruleSet[1].rules[14].oneOf[5].use[3]!./app/historical.module.css
./app/historical.module.css

./app/history/historical-match-row.module.css.webpack[javascript/auto]!=!./node_modules/next/dist/build/webpack/loaders/css-loader/src/index.js??ruleSet[1].rules[14].oneOf[5].use[2]!./node_modules/next/dist/build/webpack/loaders/postcss-loader/src/index.js??ruleSet[1].rules[14].oneOf[5].use[3]!./app/history/historical-match-row.module.css
Warning

(1:1188) autoprefixer: end value has mixed support, consider using flex-end instead

Import trace for requested module:
./app/history/historical-match-row.module.css.webpack[javascript/auto]!=!./node_modules/next/dist/build/webpack/loaders/css-loader/src/index.js??ruleSet[1].rules[14].oneOf[5].use[2]!./node_modules/next/dist/build/webpack/loaders/postcss-loader/src/index.js??ruleSet[1].rules[14].oneOf[5].use[3]!./app/history/historical-match-row.module.css
./app/history/historical-match-row.module.css

./app/live/live.module.css.webpack[javascript/auto]!=!./node_modules/next/dist/build/webpack/loaders/css-loader/src/index.js??ruleSet[1].rules[14].oneOf[5].use[2]!./node_modules/next/dist/build/webpack/loaders/postcss-loader/src/index.js??ruleSet[1].rules[14].oneOf[5].use[3]!./app/live/live.module.css
Warning

(155:3) autoprefixer: end value has mixed support, consider using flex-end instead

Import trace for requested module:
./app/live/live.module.css.webpack[javascript/auto]!=!./node_modules/next/dist/build/webpack/loaders/css-loader/src/index.js??ruleSet[1].rules[14].oneOf[5].use[2]!./node_modules/next/dist/build/webpack/loaders/postcss-loader/src/index.js??ruleSet[1].rules[14].oneOf[5].use[3]!./app/live/live.module.css
./app/live/live.module.css

./app/odds-center/odds.module.css.webpack[javascript/auto]!=!./node_modules/next/dist/build/webpack/loaders/css-loader/src/index.js??ruleSet[1].rules[14].oneOf[5].use[2]!./node_modules/next/dist/build/webpack/loaders/postcss-loader/src/index.js??ruleSet[1].rules[14].oneOf[5].use[3]!./app/odds-center/odds.module.css
Warning

(1:1051) autoprefixer: end value has mixed support, consider using flex-end instead

Import trace for requested module:
./app/odds-center/odds.module.css.webpack[javascript/auto]!=!./node_modules/next/dist/build/webpack/loaders/css-loader/src/index.js??ruleSet[1].rules[14].oneOf[5].use[2]!./node_modules/next/dist/build/webpack/loaders/postcss-loader/src/index.js??ruleSet[1].rules[14].oneOf[5].use[3]!./app/odds-center/odds.module.css
./app/odds-center/odds.module.css
./app/odds-center/OddsCenter.js

./app/war-room/war-room.module.css.webpack[javascript/auto]!=!./node_modules/next/dist/build/webpack/loaders/css-loader/src/index.js??ruleSet[1].rules[14].oneOf[5].use[2]!./node_modules/next/dist/build/webpack/loaders/postcss-loader/src/index.js??ruleSet[1].rules[14].oneOf[5].use[3]!./app/war-room/war-room.module.css
Warning

(5:240) autoprefixer: end value has mixed support, consider using flex-end instead

Import trace for requested module:
./app/war-room/war-room.module.css.webpack[javascript/auto]!=!./node_modules/next/dist/build/webpack/loaders/css-loader/src/index.js??ruleSet[1].rules[14].oneOf[5].use[2]!./node_modules/next/dist/build/webpack/loaders/postcss-loader/src/index.js??ruleSet[1].rules[14].oneOf[5].use[3]!./app/war-room/war-room.module.css
./app/war-room/war-room.module.css
./app/war-room/WarRoom.js

./app/war-room/war-room.module.css.webpack[javascript/auto]!=!./node_modules/next/dist/build/webpack/loaders/css-loader/src/index.js??ruleSet[1].rules[14].oneOf[5].use[2]!./node_modules/next/dist/build/webpack/loaders/postcss-loader/src/index.js??ruleSet[1].rules[14].oneOf[5].use[3]!./app/war-room/war-room.module.css
Warning

(19:50) autoprefixer: end value has mixed support, consider using flex-end instead

Import trace for requested module:
./app/war-room/war-room.module.css.webpack[javascript/auto]!=!./node_modules/next/dist/build/webpack/loaders/css-loader/src/index.js??ruleSet[1].rules[14].oneOf[5].use[2]!./node_modules/next/dist/build/webpack/loaders/postcss-loader/src/index.js??ruleSet[1].rules[14].oneOf[5].use[3]!./app/war-room/war-room.module.css
./app/war-room/war-room.module.css
./app/war-room/WarRoom.js

 ✓ Compiled successfully in 20.6s
   Linting and checking validity of types ...
   Collecting page data ...
   Generating static pages (0/19) ...
Historical sheet load failed {
  sheet: 'Players',
  key: 'players',
  reason: 'Google runtime delivery and live imports are retired. Use canonical tournament authority.'
}
Historical sheet load failed {
  sheet: 'Tournaments',
  key: 'tournaments',
  reason: 'Google runtime delivery and live imports are retired. Use canonical tournament authority.'
}
Historical sheet load failed {
  sheet: 'Team Names',
  key: 'teamNames',
  reason: 'Google runtime delivery and live imports are retired. Use canonical tournament authority.'
}
Historical sheet load failed {
  sheet: 'Matches',
  key: 'matches',
  reason: 'Google runtime delivery and live imports are retired. Use canonical tournament authority.'
}
Historical sheet load failed {
  sheet: 'Rounds',
  key: 'rounds',
  reason: 'Google runtime delivery and live imports are retired. Use canonical tournament authority.'
}
Historical sheet load failed {
  sheet: 'Tournament Rules',
  key: 'rules',
  reason: 'Google runtime delivery and live imports are retired. Use canonical tournament authority.'
}
Historical sheet load failed {
  sheet: 'Awards',
  key: 'awards',
  reason: 'Google runtime delivery and live imports are retired. Use canonical tournament authority.'
}
Historical sheet load failed {
  sheet: 'Courses',
  key: 'courses',
  reason: 'Google runtime delivery and live imports are retired. Use canonical tournament authority.'
}
Historical sheet load failed {
  sheet: 'Handicaps',
  key: 'handicaps',
  reason: 'Google runtime delivery and live imports are retired. Use canonical tournament authority.'
}
Historical sheet load failed {
  sheet: 'Ghost Match',
  key: 'ghostMatches',
  reason: 'Google runtime delivery and live imports are retired. Use canonical tournament authority.'
}
Unable to refresh historical Google Sheet data. Using the bundled fallback. {
  name: 'Error',
  message: 'Google runtime delivery and live imports are retired. Use canonical tournament authority.',
  stack: 'Error: Google runtime delivery and live imports are retired. Use canonical tournament authority.\n' +
    '    at e (/private/tmp/bagger-phase2d-staging-admission/.next/server/app/sitemap.xml/route.js:1:6321)\n' +
    '    at o (/private/tmp/bagger-phase2d-staging-admission/.next/server/chunks/4125.js:1:2242)\n' +
    '    at B (/private/tmp/bagger-phase2d-staging-admission/.next/server/chunks/4125.js:1:4647)\n' +
    '    at F (/private/tmp/bagger-phase2d-staging-admission/.next/server/chunks/4125.js:1:5890)\n' +
    '    at /private/tmp/bagger-phase2d-staging-admission/.next/server/chunks/4125.js:1:7100\n' +
    '    at Array.map (<anonymous>)\n' +
    '    at H (/private/tmp/bagger-phase2d-staging-admission/.next/server/chunks/4125.js:1:7062)\n' +
    '    at /private/tmp/bagger-phase2d-staging-admission/.next/server/chunks/4125.js:1:7571\n' +
    '    at /private/tmp/bagger-phase2d-staging-admission/node_modules/next/dist/compiled/next-server/app-page.runtime.prod.js:5:77883\n' +
    '    at u (/private/tmp/bagger-phase2d-staging-admission/.next/server/chunks/8323.js:1:2720)'
}
Dynamic sitemap data was unavailable; serving public static routes only. Error: Supabase Draft reads are unavailable (isolated-database-required).
    at f (.next/server/chunks/5989.js:1:13995)
    at l (.next/server/chunks/5989.js:1:688)
    at p (.next/server/chunks/5989.js:1:1502)
    at B (.next/server/app/sitemap.xml/route.js:1:8324)
    at async E (.next/server/app/sitemap.xml/route.js:1:8917) {
  code: 'DRAFT_SUPABASE_CONFIGURATION_REQUIRED',
  status: 503
}
   Generating static pages (4/19) 
   Generating static pages (9/19) 
   Generating static pages (14/19) 
 ✓ Generating static pages (19/19)
   Finalizing page optimization ...
   Collecting build traces ...

Route (app)                                                           Size  First Load JS
┌ ƒ /                                                              4.42 kB         115 kB
├ ○ /_not-found                                                    1.01 kB         104 kB
├ ○ /activate                                                      1.93 kB         108 kB
├ ƒ /admin                                                         24.5 kB         141 kB
├ ○ /admin/data-health                                               473 B         103 kB
├ ƒ /admin/director                                                 127 kB         278 kB
├ ƒ /admin/director/completed-history                              2.05 kB         113 kB
├ ƒ /admin/director/game-center-readiness                            411 B         151 kB
├ ƒ /admin/live-matches                                              473 B         103 kB
├ ○ /admin/publish-odds                                              473 B         103 kB
├ ƒ /admin/source-audit                                            1.01 kB         104 kB
├ ƒ /admin/step11-6-production-google-writer-fence                 6.51 kB         114 kB
├ ƒ /admin/step12-production-google-writer-provider-fence          5.24 kB         112 kB
├ ƒ /admin/tournament-guide                                          473 B         103 kB
├ ƒ /api/admin/cms                                                   473 B         103 kB
├ ƒ /api/admin/data-authority-certification                          473 B         103 kB
├ ƒ /api/admin/draft-projection                                      473 B         103 kB
├ ƒ /api/admin/production-calcutta-v1                                473 B         103 kB
├ ƒ /api/admin/production-director-synchronization                   473 B         103 kB
├ ƒ /api/admin/production-maintenance-precommit-deployment-rebind    473 B         103 kB
├ ƒ /api/admin/production-net-skins-v1                               473 B         103 kB
├ ƒ /api/admin/production-odds-calculations                          473 B         103 kB
├ ƒ /api/admin/scorecard-calibration                                 473 B         103 kB
├ ƒ /api/admin/session                                               473 B         103 kB
├ ƒ /api/admin/step11-6-production-google-writer-fence               473 B         103 kB
├ ƒ /api/admin/step11-production-google-certificate                  473 B         103 kB
├ ƒ /api/admin/step11-production-google-metadata                     473 B         103 kB
├ ƒ /api/admin/step11-scoring-rehearsal                              473 B         103 kB
├ ƒ /api/admin/tournament                                            473 B         103 kB
├ ƒ /api/admin/war-room-calculation-parity                           473 B         103 kB
├ ƒ /api/admin/war-room-input-parity                                 473 B         103 kB
├ ƒ /api/auth/hooks/send-sms                                         473 B         103 kB
├ ƒ /api/captains-briefing                                           473 B         103 kB
├ ƒ /api/cron/account-deletion                                       473 B         103 kB
├ ƒ /api/cron/future-match-google-compatibility                      473 B         103 kB
├ ƒ /api/cron/guide-sync                                             473 B         103 kB
├ ƒ /api/cron/guide-sync/diagnostics                                 473 B         103 kB
├ ƒ /api/cron/round-scorecards-archive                               473 B         103 kB
├ ƒ /api/cron/scoring-google-outbox                                  473 B         103 kB
├ ƒ /api/director                                                    473 B         103 kB
├ ƒ /api/director/access                                             473 B         103 kB
├ ƒ /api/director/canonical-odds                                     473 B         103 kB
├ ƒ /api/director/canonical-operations                               473 B         103 kB
├ ƒ /api/director/canonical-overview                                 473 B         103 kB
├ ƒ /api/director/completed-history                                  473 B         103 kB
├ ƒ /api/director/draft                                              473 B         103 kB
├ ƒ /api/director/entitlement                                        473 B         103 kB
├ ƒ /api/director/future-tournaments                                 473 B         103 kB
├ ƒ /api/director/future-tournaments/google-writer                   473 B         103 kB
├ ƒ /api/director/guide                                              473 B         103 kB
├ ƒ /api/director/guide-content                                      473 B         103 kB
├ ƒ /api/director/handicaps                                          473 B         103 kB
├ ƒ /api/director/identity-shadow-diagnostics                        473 B         103 kB
├ ƒ /api/director/impersonation                                      473 B         103 kB
├ ƒ /api/director/net-skins-entries                                  473 B         103 kB
├ ƒ /api/director/notifications/sandbox                              473 B         103 kB
├ ƒ /api/director/odds-publication                                   473 B         103 kB
├ ƒ /api/director/participant-identity                               473 B         103 kB
├ ƒ /api/director/players-access                                     473 B         103 kB
├ ƒ /api/director/prediction-settings                                473 B         103 kB
├ ƒ /api/director/production-overview                                473 B         103 kB
├ ƒ /api/director/reset-preview                                      473 B         103 kB
├ ƒ /api/director/round-scoring                                      473 B         103 kB
├ ƒ /api/director/scoring-authority                                  473 B         103 kB
├ ƒ /api/director/scoring-shadow                                     473 B         103 kB
├ ƒ /api/director/scoring-shadow/benchmark                           473 B         103 kB
├ ƒ /api/director/scoring-shadow/phase2-dry-run                      473 B         103 kB
├ ƒ /api/director/tournament-awards                                  473 B         103 kB
├ ƒ /api/director/tournament-setup                                   473 B         103 kB
├ ƒ /api/draft-analysis                                              473 B         103 kB
├ ƒ /api/draft-analytics                                             473 B         103 kB
├ ƒ /api/entry                                                       473 B         103 kB
├ ƒ /api/game-center/[matchId]                                       473 B         103 kB
├ ƒ /api/leaderboards/calcutta                                       473 B         103 kB
├ ƒ /api/leaderboards/core                                           473 B         103 kB
├ ƒ /api/leaderboards/insights                                       473 B         103 kB
├ ƒ /api/leaderboards/net-skins                                      473 B         103 kB
├ ƒ /api/live                                                        473 B         103 kB
├ ƒ /api/live-matches                                                473 B         103 kB
├ ƒ /api/mobile/v1/account/deletion                                  473 B         103 kB
├ ƒ /api/mobile/v1/auth/captcha                                      473 B         103 kB
├ ƒ /api/mobile/v1/auth/certification/renew                          473 B         103 kB
├ ƒ /api/mobile/v1/auth/otp/certify                                  473 B         103 kB
├ ƒ /api/mobile/v1/auth/otp/phone                                    473 B         103 kB
├ ƒ /api/mobile/v1/auth/otp/request                                  473 B         103 kB
├ ƒ /api/mobile/v1/calcutta                                          473 B         103 kB
├ ƒ /api/mobile/v1/guide                                             473 B         103 kB
├ ƒ /api/mobile/v1/health                                            473 B         103 kB
├ ƒ /api/mobile/v1/history                                           473 B         103 kB
├ ƒ /api/mobile/v1/history/[year]                                    473 B         103 kB
├ ƒ /api/mobile/v1/leaders                                           473 B         103 kB
├ ƒ /api/mobile/v1/matches                                           473 B         103 kB
├ ƒ /api/mobile/v1/matches/[matchId]                                 473 B         103 kB
├ ƒ /api/mobile/v1/net-skins                                         473 B         103 kB
├ ƒ /api/mobile/v1/odds                                              473 B         103 kB
├ ƒ /api/mobile/v1/passport                                          473 B         103 kB
├ ƒ /api/mobile/v1/portrait-policy                                   473 B         103 kB
├ ƒ /api/mobile/v1/records                                           473 B         103 kB
├ ƒ /api/mobile/v1/schedule                                          473 B         103 kB
├ ƒ /api/mobile/v1/scoring/current                                   473 B         103 kB
├ ƒ /api/mobile/v1/scoring/finalize                                  473 B         103 kB
├ ƒ /api/mobile/v1/scoring/hole                                      473 B         103 kB
├ ƒ /api/mobile/v1/scoring/mutation-status                           473 B         103 kB
├ ƒ /api/mobile/v1/session                                           473 B         103 kB
├ ƒ /api/mobile/v1/today                                             473 B         103 kB
├ ƒ /api/my-match                                                    473 B         103 kB
├ ƒ /api/odds/calculations                                           473 B         103 kB
├ ƒ /api/odds/inputs                                                 473 B         103 kB
├ ƒ /api/odds/prediction-settings                                    473 B         103 kB
├ ƒ /api/odds/publication-operations                                 473 B         103 kB
├ ƒ /api/odds/publish                                                473 B         103 kB
├ ƒ /api/odds/publish-preview                                        473 B         103 kB
├ ƒ /api/participant/auth/diagnostics                                473 B         103 kB
├ ƒ /api/participant/auth/otp/request                                473 B         103 kB
├ ƒ /api/participant/auth/otp/verify                                 473 B         103 kB
├ ƒ /api/participant/auth/phone                                      473 B         103 kB
├ ƒ /api/participant/auth/phone-enrollment                           473 B         103 kB
├ ƒ /api/participant/auth/phone-login-proof                          473 B         103 kB
├ ƒ /api/participant/auth/session                                    473 B         103 kB
├ ƒ /api/participant/context                                         473 B         103 kB
├ ƒ /api/participant/home                                            473 B         103 kB
├ ƒ /api/participant/tournament-guide                                473 B         103 kB
├ ƒ /api/player-passport/activation                                  473 B         103 kB
├ ƒ /api/player-passport/admin                                       473 B         103 kB
├ ƒ /api/player-passport/initialize                                  473 B         103 kB
├ ƒ /api/player-passport/matches                                     473 B         103 kB
├ ƒ /api/player-passport/notifications                               473 B         103 kB
├ ƒ /api/player-passport/readiness                                   473 B         103 kB
├ ƒ /api/player-passport/session                                     473 B         103 kB
├ ƒ /api/preview-environment                                         473 B         103 kB
├ ƒ /api/preview-reliability                                         473 B         103 kB
├ ƒ /api/scoring/access                                              473 B         103 kB
├ ƒ /api/scoring/current                                             473 B         103 kB
├ ƒ /api/scoring/diagnostics                                         473 B         103 kB
├ ƒ /api/scoring/matches                                             473 B         103 kB
├ ƒ /api/scoring/matches/[matchId]                                   473 B         103 kB
├ ƒ /api/scoring/mutation-status                                     473 B         103 kB
├ ƒ /api/scoring/session                                             473 B         103 kB
├ ƒ /api/spectator/[resource]                                        473 B         103 kB
├ ƒ /api/spectator/golf/[...path]                                    473 B         103 kB
├ ƒ /api/tournament-guide                                            473 B         103 kB
├ ƒ /api/tournament-guide/schema                                     473 B         103 kB
├ ƒ /api/tournament/foundation                                       473 B         103 kB
├ ƒ /api/tournament/live                                             473 B         103 kB
├ ƒ /api/tournament/secondary                                        473 B         103 kB
├ ○ /app                                                             473 B         103 kB
├ ƒ /app/courses                                                     146 B         118 kB
├ ƒ /app/courses/[courseId]                                        1.35 kB         118 kB
├ ƒ /app/courses/[courseId]/holes/[holeNumber]                     4.39 kB         115 kB
├ ƒ /app/guide                                                     4.21 kB         115 kB
├ ƒ /app/guide/[section]                                             144 B         121 kB
├ ƒ /app/history                                                     143 B         118 kB
├ ƒ /app/history/[year]                                            2.71 kB         119 kB
├ ƒ /app/history/[year]/round/[round]                                154 B         126 kB
├ ƒ /app/history/[year]/team/[side]                                4.04 kB         125 kB
├ ƒ /app/leaderboards                                                30 kB         146 kB
├ ƒ /app/odds                                                        137 B         117 kB
├ ƒ /app/players                                                     140 B         117 kB
├ ƒ /app/players/[slug]                                              151 B         127 kB
├ ƒ /app/tournament                                                  211 B         144 kB
├ ○ /apple-icon.png                                                    0 B            0 B
├ ƒ /board-of-governors                                              140 B         117 kB
├ ƒ /champions                                                     6.54 kB         117 kB
├ ƒ /champions/[year]                                              6.72 kB         118 kB
├ ƒ /compare                                                       11.2 kB         122 kB
├ ƒ /courses                                                         146 B         118 kB
├ ƒ /courses/[courseId]                                            1.35 kB         118 kB
├ ƒ /courses/[courseId]/holes/[holeNumber]                         4.39 kB         115 kB
├ ƒ /data-health                                                     633 B         111 kB
├ ƒ /draft                                                           911 B         118 kB
├ ƒ /draft/[year]                                                    911 B         118 kB
├ ƒ /draft/analytics                                               6.42 kB         123 kB
├ ƒ /enter                                                         1.73 kB         105 kB
├ ƒ /follow/[[...path]]                                            8.15 kB         117 kB
├ ƒ /game-center/[matchId]                                         11.3 kB         118 kB
├ ƒ /history                                                         144 B         118 kB
├ ƒ /history/[year]                                                2.71 kB         119 kB
├ ƒ /history/[year]/round/[round]                                    154 B         126 kB
├ ƒ /history/[year]/team/[side]                                    4.04 kB         125 kB
├ ƒ /home                                                          18.2 kB         137 kB
├ ○ /icon.png                                                          0 B            0 B
├ ƒ /live                                                            223 B         149 kB
├ ○ /manifest.webmanifest                                            473 B         103 kB
├ ƒ /me                                                            8.78 kB         115 kB
├ ƒ /me/verify-mobile                                              2.92 kB         109 kB
├ ƒ /my-match                                                        148 B         141 kB
├ ƒ /odds-center                                                     137 B         117 kB
├ ○ /odds-center/admin                                               473 B         103 kB
├ ƒ /participant-auth                                                13 kB         116 kB
├ ƒ /players                                                         140 B         117 kB
├ ƒ /players/[slug]                                                  151 B         127 kB
├ ○ /privacy                                                         170 B         107 kB
├ ƒ /ratings                                                       1.31 kB         112 kB
├ ƒ /records                                                       4.39 kB         115 kB
├ ƒ /records/[slug]                                                8.47 kB         119 kB
├ ○ /robots.txt                                                      473 B         103 kB
├ ○ /rules                                                           473 B         103 kB
├ ƒ /score                                                           149 B         141 kB
├ ƒ /score/access/[token]                                            473 B         103 kB
├ ○ /sitemap.xml                                                     473 B         103 kB
├ ƒ /statistics                                                    4.24 kB         115 kB
├ ƒ /statistics/handicaps                                            139 B         117 kB
├ ƒ /statistics/partnerships                                         139 B         117 kB
├ ƒ /statistics/rivalries                                            138 B         117 kB
├ ○ /support                                                         170 B         107 kB
├ ƒ /tournament-guide                                              4.21 kB         115 kB
├ ƒ /tournament-guide/[section]                                      144 B         121 kB
├ ƒ /war-room                                                      18.5 kB         135 kB
├ ƒ /war-room/lineup-optimizer                                     5.23 kB         122 kB
├ ƒ /war-room/simulator                                              473 B         103 kB
└ ƒ /war-room/team-intelligence                                    8.58 kB         125 kB
+ First Load JS shared by all                                       103 kB
  ├ chunks/1255-eae4096fb21f1304.js                                  46 kB
  ├ chunks/4bd1b696-100b9d70ed4e49c1.js                            54.2 kB
  └ other shared chunks (total)                                    2.67 kB


ƒ Middleware                                                       34.6 kB

○  (Static)   prerendered as static content
ƒ  (Dynamic)  server-rendered on demand

