✔ future Director current target and immutable governance authority remain separately bound (25.479833ms)
✔ shipping Director client parses separately bound future current and governance from the actual server adapter (1.75275ms)
✔ client retains ordinary 2026 context compatibility and rejects malformed authority identifiers (2.914625ms)
✔ future Director rejects wrong identity target 2026 (0.441417ms)
✔ future Director rejects wrong identity target 2098 (0.296583ms)
✔ future Director stale context remains conflict with no read or write fallback (0.625292ms)
✔ future Director PLAYER has no authority expansion (0.141167ms)
✔ future Director SPECTATOR has no authority expansion (0.0775ms)
✔ future Director signed-out has no authority expansion (0.100875ms)
✔ future Director impersonating has no authority expansion (0.151375ms)
✔ score recovery preserves public COMMITTED DTO without open-context request (17.79925ms)
✔ score recovery preserves public UNKNOWN DTO without open-context request (0.766042ms)
✔ Director client accepts an original committed receipt after annual advance without false current readback (4.05775ms)
✔ Director recovery contains internal ADMITTED as public UNKNOWN (0.989416ms)
✔ Director recovery contains internal UNKNOWN as public UNKNOWN (1.245333ms)
✔ Director recovery contains internal NOT_COMMITTED as public UNKNOWN (0.910792ms)
✔ missing original lease remains unconfirmed without fabricated historical context (0.947667ms)
✔ Director origin recovery rejects mismatched resource before replay (0.40525ms)
✔ Director origin recovery rejects mismatched context before replay (0.267667ms)
✔ Director origin recovery rejects mismatched operation before replay (0.312083ms)
✔ Director changed original request conflicts and never executes or substitutes an ID (0.7795ms)
✔ Director recovery denies participant before any transport (0.171958ms)
✔ Director recovery denies spectator before any transport (0.094417ms)
✔ Director recovery denies signed-out before any transport (0.072834ms)
✔ Director recovery denies impersonated before any transport (0.09775ms)
✔ financial clear-entry recovery reconstructs only original admitted predecessor (1.021458ms)
✔ financial replace-auction recovery reconstructs only original admitted predecessor (1.496708ms)
✔ Director finalize lost acknowledgement recovery precedes open capability gates (0.618167ms)
✔ Director reopen lost acknowledgement recovery precedes open capability gates (0.324041ms)
✔ UI canonical workspace supplies every existing editor its canonical transport and excludes financial configure (66.59825ms)
✔ UI missing current authority renders no mutation editor and a local retry (2.144625ms)
✔ UI failed admission stays local and never invokes a different provider (2.349209ms)
✔ UI auctionOnly=true preserves only the requested financial controls (11.925ms)
✔ UI auctionOnly=false preserves only the requested financial controls (8.820042ms)
✔ SOURCE console mounts canonical workspace and no retired route; Production defaults remain explicit (1.223833ms)
✔ UI match review captures one UUID and exact current match revisions (3.283459ms)
✔ UI unknown match outcome exposes same-review retry and retains UUID; verified recovery clears it (5.946ms)
✔ SOURCE isolated profile cannot mount the Production awards editor even with stale selected section (0.439833ms)
✔ UI isolated setup contains an unknown attempt and retries the same reviewed payload; confirmation releases containment (12.646334ms)
✔ UI Production setup default keeps its existing post-error editing behavior (10.699167ms)
✔ UI isolated entry unknown outcome freezes selections and retains exact payload/UUID on retry (7.201667ms)
✔ UI isolated entry workspace blocks reload and other round edits while a reviewed operation is unresolved (5.367166ms)
✔ UI Production entries default remains editable after a failed save (5.52775ms)
✔ UI auction-only unknown outcome disables discard/read, retains exact request and releases only after verified recovery (10.910041ms)
✔ UI Production Calcutta default preserves the existing explicit discard option (9.509375ms)
✔ CLIENT BOUNDARY match controls import only the pure availability helper and preserve action semantics (0.810625ms)
✔ API server binds actor/resource/context and confirms receipt plus matching canonical readback (5.018875ms)
✔ SECURITY local API boundary denies unauthorized shape {"status":"inactive"} (0.497125ms)
✔ SECURITY local API boundary denies unauthorized shape {"status":"unavailable"} (0.131375ms)
✔ SECURITY local API boundary denies unauthorized shape {"source":"bootstrap"} (0.112625ms)
✔ SECURITY local API boundary denies unauthorized shape {"source":"production-shadow-entitlement"} (0.095833ms)
✔ SECURITY local API boundary denies unauthorized shape {"identity":{"authUserId":"33333333-3333-4333-8333-333333333333","actor":{"id":"P01","role":"DIRECTOR"},"tournamentId":"2026","impersonating":true}} (0.099333ms)
✔ SECURITY local API boundary denies unauthorized shape {"identity":{"authUserId":"33333333-3333-4333-8333-333333333333","actor":{"id":"P01","role":"PLAYER"},"tournamentId":"2026"}} (0.104417ms)
✔ SECURITY local API boundary denies unauthorized shape {"identity":{"authUserId":"33333333-3333-4333-8333-333333333333","actor":{"id":"P01","role":"SPECTATOR"},"tournamentId":"2026"}} (0.102917ms)
✔ SECURITY isolated writer rejects resource/context shape {"VERCEL_ENV":"production"} (0.150792ms)
✔ SECURITY isolated writer rejects resource/context shape {"SUPABASE_SCORING_MIRROR_URL":"https://production.invalid"} (0.173834ms)
✔ SECURITY isolated writer rejects resource/context shape {"BAGGER_ISOLATED_DIRECTOR_BINDING_ID":""} (0.100542ms)
✔ SECURITY isolated writer rejects resource/context shape {"PRODUCTION_SHADOW_CANDIDATE_ENABLED":"true"} (0.082875ms)
✔ SECURITY caller authorization cannot be nested into a domain payload (0.115083ms)
✔ SECURITY caller resource cannot be nested into a domain payload (0.081292ms)
✔ SECURITY caller actor_auth_user_id cannot be nested into a domain payload (0.060167ms)
✔ SECURITY caller project_ref cannot be nested into a domain payload (0.064375ms)
✔ SECURITY caller tournament_id cannot be nested into a domain payload (0.498333ms)
✔ SECURITY caller request_fingerprint cannot be nested into a domain payload (0.18825ms)
✔ SECURITY caller cannot add privileged top-level metadata or select arbitrary RPC (0.234292ms)
✔ API financial configuration is outside approved minimum capability (0.096584ms)
✔ API context scope mismatch or stale context fails before execute (0.376791ms)
✔ FAILURE_INJECTION timeout is typed while the operation outcome remains UNKNOWN (0.355041ms)
✔ FAILURE_INJECTION committed operation with lost readback is not reported as a successful capability (0.571458ms)
✔ API actual handler and shipping client confirm the provider-neutral route using injected canonical RPC (26.378416ms)
✔ SECURITY POST missing origin denied before auth/RPC (2.039625ms)
✔ SECURITY POST https://untrusted.invalid origin denied before auth/RPC (1.073416ms)
✔ API unavailable authorization stays feature-local and does not dispatch (1.094416ms)
✔ API malformed body/query fails locally without a provider fallback (1.615541ms)
✔ API telemetry sink failure cannot prevent a confirmed context read (1.113959ms)
✔ CLIENT retry retains original context and operation ID after refreshed context changes (0.713833ms)
✔ CLIENT malformed or provider-forged success remains UNKNOWN; no Google fallback (0.354166ms)
✔ RECOVERY current admission resolves original exact receipt after context changes without execute (0.451708ms)
✔ RECOVERY absent exact receipt remains UNKNOWN and cannot imply rollback (0.156958ms)
✔ RECOVERY shipping client retains original review when requesting read-only status (0.330792ms)
✔ RECOVERY API status remains same-origin and authorized while a telemetry sink fails (2.575375ms)
✔ API structured canonical control denial preserves feature-local domain error (0.825209ms)
✔ CLIENT status not found contains original operation and never silently resubmits (0.352791ms)
✔ CLIENT malformed or foreign-provider response cannot assert a canonical commit (0.46375ms)
ℹ tests 84
ℹ suites 0
ℹ pass 84
ℹ fail 0
ℹ cancelled 0
ℹ skipped 0
ℹ todo 0
ℹ duration_ms 431.351667
