TAP version 13
# Subtest: R2 durable ingress: real canonical mutation, atomic outcomes, recovery and fencing
    # Subtest: durable admission precedes execution and retry allocates one lease
    ok 1 - durable admission precedes execution and retry allocates one lease
      ---
      duration_ms: 266.374083
      type: 'test'
      ...
    # Subtest: canonical mutation receipt audit and COMMITTED outcome commit atomically
    ok 2 - canonical mutation receipt audit and COMMITTED outcome commit atomically
      ---
      duration_ms: 244.02525
      type: 'test'
      ...
    # Subtest: authorization and target failures allocate no lease
    ok 3 - authorization and target failures allocate no lease
      ---
      duration_ms: 353.256833
      type: 'test'
      ...
    # Subtest: pre-execution crash remains unresolved; explicit resolution fences delayed execution
    ok 4 - pre-execution crash remains unresolved; explicit resolution fences delayed execution
      ---
      duration_ms: 416.596042
      type: 'test'
      ...
    # Subtest: domain failure rollback leaves durable unresolved admission for explicit recovery
    ok 5 - domain failure rollback leaves durable unresolved admission for explicit recovery
      ---
      duration_ms: 418.317583
      type: 'test'
      ...
    # Subtest: statement timeout after durable admission cannot report non-commit without explicit fencing
    ok 6 - statement timeout after durable admission cannot report non-commit without explicit fencing
      ---
      duration_ms: 439.470958
      type: 'test'
      ...
    # Subtest: concurrent same-ID admission returns one durable lease
    ok 7 - concurrent same-ID admission returns one durable lease
      ---
      duration_ms: 308.509209
      type: 'test'
      ...
    # Subtest: cross-family match mutation IDs share one admission namespace
    not ok 8 - cross-family match mutation IDs share one admission namespace
      ---
      duration_ms: 186.976917
      type: 'test'
      location: '/private/tmp/bagger-phase2d-staging-admission/test/reliability-phase2dr2-ingress.integration.test.mjs:106:11'
      failureType: 'testCodeFailure'
      error: |-
        One canonical match/mutation key cannot acquire competing operation-family leases
        
        2 !== 1
        
      code: 'ERR_ASSERTION'
      name: 'AssertionError'
      expected: 1
      actual: 2
      operator: 'strictEqual'
      stack: |-
        TestContext.<anonymous> (file:///private/tmp/bagger-phase2d-staging-admission/test/reliability-phase2dr2-ingress.integration.test.mjs:121:11)
        async Test.run (node:internal/test_runner/test:1404:7)
        async TestContext.<anonymous> (file:///private/tmp/bagger-phase2d-staging-admission/test/reliability-phase2dr2-ingress.integration.test.mjs:106:3)
        async Test.run (node:internal/test_runner/test:1404:7)
        async startSubtestAfterBootstrap (node:internal/test_runner/harness:387:3)
      ...
    # Subtest: resolve waits for in-flight execution and observes the committed canonical outcome
    ok 9 - resolve waits for in-flight execution and observes the committed canonical outcome
      ---
      duration_ms: 517.061
      type: 'test'
      ...
    # Subtest: participant recovery survives score-permission revocation and hides other-origin operation existence
    ok 10 - participant recovery survives score-permission revocation and hides other-origin operation existence
      ---
      duration_ms: 200.7925
      type: 'test'
      ...
    # Subtest: close captures nonempty generation, unresolved blocks drain, resolve then close is immutable
    ok 11 - close captures nonempty generation, unresolved blocks drain, resolve then close is immutable
      ---
      duration_ms: 688.943792
      type: 'test'
      ...
    # Subtest: ACLs, RLS, owners, search_path, private cores and terminal immutability
    ok 12 - ACLs, RLS, owners, search_path, private cores and terminal immutability
      ---
      duration_ms: 68.222834
      type: 'test'
      ...
    # Subtest: JS transport uses the exact initially registered resource and real canonical update
    ok 13 - JS transport uses the exact initially registered resource and real canonical update
      ---
      duration_ms: 334.83525
      type: 'test'
      ...
    # Subtest: JS lost admission acknowledgement never executes; exact recovery and fencing persist
    ok 14 - JS lost admission acknowledgement never executes; exact recovery and fencing persist
      ---
      duration_ms: 278.23375
      type: 'test'
      ...
    # Subtest: JS lost execution acknowledgement resolves the committed canonical result without resubmission
    ok 15 - JS lost execution acknowledgement resolves the committed canonical result without resubmission
      ---
      duration_ms: 446.718834
      type: 'test'
      ...
    # Subtest: JS and PostgreSQL reject wrong registered resource and actor without an admitted write
    ok 16 - JS and PostgreSQL reject wrong registered resource and actor without an admitted write
      ---
      duration_ms: 273.860625
      type: 'test'
      ...
    1..16
not ok 1 - R2 durable ingress: real canonical mutation, atomic outcomes, recovery and fencing
  ---
  duration_ms: 16968.178916
  type: 'test'
  location: '/private/tmp/bagger-phase2d-staging-admission/test/reliability-phase2dr2-ingress.integration.test.mjs:17:1'
  failureType: 'subtestsFailed'
  error: '1 subtest failed'
  code: 'ERR_TEST_FAILURE'
  ...
# {"environment":"OWNED_LOCAL_POSTGRESQL17","forwardMigrations":["supabase/production_migrations/202609300131_canonical_resource_control_v1.sql","supabase/production_migrations/202609300132_certification_domain_gateways_v1.sql","supabase/production_migrations/202609300133_certification_derived_gateways_v1.sql","supabase/production_migrations/202609300134_certification_annual_administration_v1.sql","supabase/production_migrations/202609300135_certification_read_contracts_v1.sql","supabase/production_migrations/202609300136_certification_durable_ingress_v1.sql"],"leases":13,"googleCalls":0,"hostedAccess":false,"finalBaselineEmitted":false}
1..1
# tests 17
# suites 0
# pass 15
# fail 2
# cancelled 0
# skipped 0
# todo 0
# duration_ms 17105.70225
