{"event":"BENCHMARK_OPERATION","scale":1,"operation":"admission","stage":"warmup"}
{"event":"BENCHMARK_OPERATION","scale":1,"operation":"canonicalExecutionIncludingTerminal","stage":"warmup"}
{"event":"BENCHMARK_OPERATION","scale":1,"operation":"recovery","stage":"warmup"}
{"event":"BENCHMARK_OPERATION","scale":1,"operation":"contextHandshake","stage":"warmup"}
{"event":"BENCHMARK_OPERATION","scale":1,"operation":"currentRead","stage":"warmup"}
{"environment":"OWNED_LOCAL_POSTGRESQL17","scale":1,"history":432,"operations":{"admission":{"p50":0.437,"p95":0.953,"max":6.812},"canonicalExecutionIncludingTerminal":{"p50":1.939,"p95":2.691,"max":13.378},"recovery":{"p50":0.137,"p95":0.344,"max":3.32},"contextHandshake":{"p50":0.084,"p95":0.138,"max":2.886},"currentRead":{"p50":3.201,"p95":3.537,"max":9.599},"fingerprint":{"p50":0.074,"p95":0.12,"max":1.89},"closeDrain":{"p50":0.26,"p95":0.353,"max":3.037}}}
{"event":"BENCHMARK_OPERATION","scale":2,"operation":"admission","stage":"warmup"}
{"event":"BENCHMARK_OPERATION","scale":2,"operation":"canonicalExecutionIncludingTerminal","stage":"warmup"}
{"event":"BENCHMARK_OPERATION","scale":2,"operation":"recovery","stage":"warmup"}
{"event":"BENCHMARK_OPERATION","scale":2,"operation":"contextHandshake","stage":"warmup"}
{"event":"BENCHMARK_OPERATION","scale":2,"operation":"currentRead","stage":"warmup"}
{"environment":"OWNED_LOCAL_POSTGRESQL17","scale":2,"history":864,"operations":{"admission":{"p50":0.439,"p95":0.941,"max":6.744},"canonicalExecutionIncludingTerminal":{"p50":2.002,"p95":2.733,"max":13.911},"recovery":{"p50":0.138,"p95":0.344,"max":3.388},"contextHandshake":{"p50":0.081,"p95":0.137,"max":2.904},"currentRead":{"p50":3.304,"p95":5.864,"max":9.478},"fingerprint":{"p50":0.072,"p95":0.115,"max":2.579},"closeDrain":{"p50":0.266,"p95":0.348,"max":4.119}}}
{"event":"BENCHMARK_OPERATION","scale":5,"operation":"admission","stage":"warmup"}
{"event":"BENCHMARK_OPERATION","scale":5,"operation":"canonicalExecutionIncludingTerminal","stage":"warmup"}
{"event":"BENCHMARK_OPERATION","scale":5,"operation":"recovery","stage":"warmup"}
{"event":"BENCHMARK_OPERATION","scale":5,"operation":"contextHandshake","stage":"warmup"}
{"event":"BENCHMARK_OPERATION","scale":5,"operation":"currentRead","stage":"warmup"}
{"environment":"OWNED_LOCAL_POSTGRESQL17","scale":5,"history":2160,"operations":{"admission":{"p50":0.444,"p95":0.924,"max":7.252},"canonicalExecutionIncludingTerminal":{"p50":1.948,"p95":2.764,"max":13.577},"recovery":{"p50":0.139,"p95":0.328,"max":3.668},"contextHandshake":{"p50":0.083,"p95":0.145,"max":2.822},"currentRead":{"p50":3.218,"p95":4.961,"max":10.489},"fingerprint":{"p50":0.076,"p95":0.111,"max":2.041},"closeDrain":{"p50":0.267,"p95":0.344,"max":3.195}}}
{"event":"BENCHMARK_OPERATION","scale":10,"operation":"admission","stage":"warmup"}
{"event":"BENCHMARK_OPERATION","scale":10,"operation":"canonicalExecutionIncludingTerminal","stage":"warmup"}
{"event":"BENCHMARK_OPERATION","scale":10,"operation":"recovery","stage":"warmup"}
{"event":"BENCHMARK_OPERATION","scale":10,"operation":"contextHandshake","stage":"warmup"}
{"event":"BENCHMARK_OPERATION","scale":10,"operation":"currentRead","stage":"warmup"}
{"environment":"OWNED_LOCAL_POSTGRESQL17","scale":10,"history":4320,"operations":{"admission":{"p50":0.446,"p95":1.017,"max":7.62},"canonicalExecutionIncludingTerminal":{"p50":2.017,"p95":2.822,"max":14.377},"recovery":{"p50":0.139,"p95":0.369,"max":3.975},"contextHandshake":{"p50":0.085,"p95":0.151,"max":2.759},"currentRead":{"p50":3.252,"p95":3.686,"max":9.811},"fingerprint":{"p50":0.078,"p95":0.115,"max":1.983},"closeDrain":{"p50":0.269,"p95":0.345,"max":3.367}}}
