TAP version 13
# Subtest: R2 ingress forward upgrade fences old executions, preserves public OID and rejects unexpected ACLs
    # Subtest: upgrade waits for a genuinely executing predecessor mutation before creating the ingress generation
    ok 1 - upgrade waits for a genuinely executing predecessor mutation before creating the ingress generation
      ---
      duration_ms: 591.086833
      type: 'test'
      ...
    # Subtest: already-invoked cached predecessor execution cannot resume with its old context after upgrade
    ok 2 - already-invoked cached predecessor execution cannot resume with its old context after upgrade
      ---
      duration_ms: 347.22675
      type: 'test'
      ...
    # Subtest: unknown default EXECUTE grantee aborts entire migration; prepared public entry retains OID and denies no-lease call
    ok 3 - unknown default EXECUTE grantee aborts entire migration; prepared public entry retains OID and denies no-lease call
      ---
      duration_ms: 622.937583
      type: 'test'
      ...
    1..3
ok 1 - R2 ingress forward upgrade fences old executions, preserves public OID and rejects unexpected ACLs
  ---
  duration_ms: 23721.225583
  type: 'test'
  ...
# Subtest: R2 durable ingress: real canonical mutation, atomic outcomes, recovery and fencing
    # Subtest: durable admission precedes execution and retry allocates one lease
    ok 1 - durable admission precedes execution and retry allocates one lease
      ---
      duration_ms: 292.573875
      type: 'test'
      ...
    # Subtest: canonical mutation receipt audit and COMMITTED outcome commit atomically
    ok 2 - canonical mutation receipt audit and COMMITTED outcome commit atomically
      ---
      duration_ms: 324.623125
      type: 'test'
      ...
    # Subtest: authorization and target failures allocate no lease
    ok 3 - authorization and target failures allocate no lease
      ---
      duration_ms: 354.172458
      type: 'test'
      ...
    # Subtest: pre-execution crash remains unresolved; explicit resolution fences delayed execution
    ok 4 - pre-execution crash remains unresolved; explicit resolution fences delayed execution
      ---
      duration_ms: 245.522417
      type: 'test'
      ...
    # Subtest: domain failure rollback leaves durable unresolved admission for explicit recovery
    ok 5 - domain failure rollback leaves durable unresolved admission for explicit recovery
      ---
      duration_ms: 326.014791
      type: 'test'
      ...
    # Subtest: statement timeout after durable admission cannot report non-commit without explicit fencing
    ok 6 - statement timeout after durable admission cannot report non-commit without explicit fencing
      ---
      duration_ms: 355.815958
      type: 'test'
      ...
    # Subtest: concurrent same-ID admission returns one durable lease
    ok 7 - concurrent same-ID admission returns one durable lease
      ---
      duration_ms: 197.971
      type: 'test'
      ...
    # Subtest: resolve waits for in-flight execution and observes the committed canonical outcome
    ok 8 - resolve waits for in-flight execution and observes the committed canonical outcome
      ---
      duration_ms: 324.258791
      type: 'test'
      ...
    # Subtest: participant recovery survives score-permission revocation and hides other-origin operation existence
    ok 9 - participant recovery survives score-permission revocation and hides other-origin operation existence
      ---
      duration_ms: 158.94475
      type: 'test'
      ...
    # Subtest: close captures nonempty generation, unresolved blocks drain, resolve then close is immutable
    ok 10 - close captures nonempty generation, unresolved blocks drain, resolve then close is immutable
      ---
      duration_ms: 660.247292
      type: 'test'
      ...
    # Subtest: ACLs, RLS, owners, search_path, private cores and terminal immutability
    ok 11 - ACLs, RLS, owners, search_path, private cores and terminal immutability
      ---
      duration_ms: 66.55425
      type: 'test'
      ...
    # Subtest: JS transport uses the exact initially registered resource and real canonical update
    ok 12 - JS transport uses the exact initially registered resource and real canonical update
      ---
      duration_ms: 347.909667
      type: 'test'
      ...
    # Subtest: JS lost admission acknowledgement never executes; exact recovery and fencing persist
    ok 13 - JS lost admission acknowledgement never executes; exact recovery and fencing persist
      ---
      duration_ms: 274.181
      type: 'test'
      ...
    # Subtest: JS lost execution acknowledgement resolves the committed canonical result without resubmission
    ok 14 - JS lost execution acknowledgement resolves the committed canonical result without resubmission
      ---
      duration_ms: 386.37175
      type: 'test'
      ...
    # Subtest: JS and PostgreSQL reject wrong registered resource and actor without an admitted write
    ok 15 - JS and PostgreSQL reject wrong registered resource and actor without an admitted write
      ---
      duration_ms: 252.3415
      type: 'test'
      ...
    1..15
ok 2 - R2 durable ingress: real canonical mutation, atomic outcomes, recovery and fencing
  ---
  duration_ms: 16083.899416
  type: 'test'
  ...
# {"environment":"OWNED_LOCAL_POSTGRESQL17","forwardMigrations":["supabase/production_migrations/202609300131_canonical_resource_control_v1.sql","supabase/production_migrations/202609300132_certification_domain_gateways_v1.sql","supabase/production_migrations/202609300133_certification_derived_gateways_v1.sql","supabase/production_migrations/202609300134_certification_annual_administration_v1.sql","supabase/production_migrations/202609300135_certification_read_contracts_v1.sql","supabase/production_migrations/202609300136_certification_durable_ingress_v1.sql"],"leases":11,"googleCalls":0,"hostedAccess":false,"finalBaselineEmitted":false}
1..2
# tests 20
# suites 0
# pass 20
# fail 0
# cancelled 0
# skipped 0
# todo 0
# duration_ms 40051.39425
