▶ Certification two-part Odds freshness preserves actual live-source authority
  ✔ all three new helpers deny direct runtime roles and retain safe owner attributes (64.064667ms)
  ✔ actual score makes an old request fail while same committed operation remains recoverable (200.20075ms)
  ✔ claim supersedes actual stale live input without publishing or losing receipt history (38.072167ms)
  ✔ checkpoint rejects a source advance during real calculation execution (883.548042ms)
  ✔ completed real result is superseded after live source advancement; calculation data stays immutable (6214.441333ms)
  ✔ explicit publication rejects source advancement and commits no publication/audit receipt (6355.845167ms)
  ✔ source writer first: publication waits then rejects the newly committed source (6203.176875ms)
  ✔ publication first: actual score cannot commit between source validation and publication commit (6533.502834ms)
✔ Certification two-part Odds freshness preserves actual live-source authority (32650.983666ms)
▶ Certification Odds real calculation, durable owner publication and isolation
  ✔ fresh state has no historical publication; real canonical read works (48.0435ms)
  ✔ client and database deny absent, participant, spectator, wrong target and impersonated Director authority (80.441208ms)
  ✔ two independently installed resources reject cross read, target and wrong release (33.332625ms)
  ✔ Director calculation request creates truthful durable job and no publication (73.710042ms)
  ✔ unfinished calculation cannot be published and absent operation remains UNKNOWN (38.189292ms)
  ✔ job request and required audit roll back together at receipt failure (91.436875ms)
  ✔ forged provenance, stale context, worker owner-operation and cross-resource write fail closed (147.347625ms)
  ✔ same logical calculation retry ignores timing telemetry; conflict remains denied (98.68175ms)
  ✔ claim race admits one lease; expired lease recovers and old token is rejected (165.444167ms)
  ✔ calculator interruption preserves real checkpoint and resumes without publication (700.423542ms)
  ✔ existing canonical calculator checkpoints and completes; never publishes (5716.206584ms)
  ✔ completed calculator duplicate delivery does not recalculate or publish (44.960334ms)
  ✔ durable calculator exactly matches unchanged canonical domain engine and exposes no private provenance (5872.013375ms)
  ✔ concurrent duplicate committed calculation operations resolve one durable outcome (35.78ms)
  ✔ first publication validates result/source/milestone/generation and never adopts historical provider data (166.939916ms)
  ✔ snapshot, pointer, job publication and audit roll back together at receipt fault (97.44725ms)
  ✔ explicit Director first publication commits genuine result and immutable provenance (55.936167ms)
  ✔ actual public published snapshots and unchanged mobile DTOs omit private Certification provenance (23.612625ms)
  ✔ lost publication acknowledgement recovers same receipt; stale first CAS conflicts (119.012292ms)
  ✔ owned PostgreSQL restart retains publication and exact operation recovery (312.807458ms)
  ✔ committed replay and status reject explicit impersonation without widening recovery authority (22.7845ms)
  ✔ worker cannot publish, historical publication is immutable and audit provenance is truthful (33.460625ms)
  ✔ private cores inaccessible and Production legacy publication remains denied (75.794875ms)
  ✔ real request supersedes stale unpublished work after preserved synthetic canonical input advances (21814.736375ms)
  ✔ second explicit owner publication preserves old snapshot facts and commits pointer changes atomically (515.847458ms)
  ✔ exact current job, publication and recovery reads retain bounded indexed authority (29.132042ms)
✔ Certification Odds real calculation, durable owner publication and isolation (45192.645041ms)
ℹ {"domainEquivalence":{"source":[{"file":"lib/tournament-odds.js","base":"7cec5128409286f5b4a5f3524d4c5488124a7be7","sha256":"c45c557f03eb630b3998e7a61ea03638ace591ae3df15cb55d0028c2efb8fcc1","unchanged":true},{"file":"lib/prediction-engine.js","base":"7cec5128409286f5b4a5f3524d4c5488124a7be7","sha256":"9260def65c1eb4b6fc9f520c4e5158768ad309ad59206b5e3ab1fc9fe408ace3","unchanged":true},{"file":"lib/tournament-context.js","base":"7cec5128409286f5b4a5f3524d4c5488124a7be7","sha256":"0423715b1d4e93c6decc39cfcb27cb0fbc6fffb5c6a9a936c306c4eab4686db4","unchanged":true},{"file":"lib/championship-odds-resilience.js","base":"7cec5128409286f5b4a5f3524d4c5488124a7be7","sha256":"2a9b9776279ba849bbab128d1d56920b99a7fb38257cbb28a8bb164e26aa6c28","unchanged":true},{"file":"lib/championship-odds-supabase.js","base":"7cec5128409286f5b4a5f3524d4c5488124a7be7","sha256":"26b143371df2359e0bbdf571e544afdd232fccd29f58ac316bd40747e7aec1be","unchanged":true},{"file":"lib/published-odds-supabase.js","base":"7cec5128409286f5b4a5f3524d4c5488124a7be7","sha256":"081d157585e0795e999b4071ce36a2e7f3ff52f599574df571b332a56c984e9b","unchanged":true},{"file":"lib/mobile-v1-odds.js","base":"7cec5128409286f5b4a5f3524d4c5488124a7be7","sha256":"608858f8b1fd2900469c259e767cf14ac2d553e8e6dc231946524a61aa269fcd","unchanged":true}],"reference":{"ok":true,"jobId":"55b40cf6748ddc6d1e60921fdb25d4ef5cc5792e8ff88cf17b615d5367e1fe34","iterations":10000,"referenceFingerprint":"2bc241d0afebf456ff36c6617a3d34854cae40484e1eb55668f9520f889e1e9c","resilientFingerprint":"2bc241d0afebf456ff36c6617a3d34854cae40484e1eb55668f9520f889e1e9c","exactEquality":true,"storedFingerprintValid":true,"referenceMetrics":{"durationMs":5745.996957999998,"cpuMs":5772.681,"rssBeforeBytes":202457088,"rssAfterBytes":202653696,"heapBeforeBytes":33178936,"heapAfterBytes":42820008}}}}
ℹ {"layer":"LOCAL_POSTGRESQL_RPC_ACTUAL_CALCULATOR","rpcCalls":112,"actualDirectorApi":true,"independentResources":2,"concurrentReplay":8,"googleCalls":0,"googleJobs":0,"autoPublication":0}
{"fixture":"phase2c1-zero-google-release-v1","environment":"OWNED_SOCKET_ONLY_POSTGRESQL17","schema":150,"result":"PASS","runtimeGuardsSubstituted":false,"GoogleWriterRows":0,"GoogleCalls":0,"GoogleCredentialsRequired":false,"frozen2026Release":"PASS","frozen2026Replay":"PASS","annual2099Release":"PASS","annualReplay":"PASS","secondAnnualRelease":"PASS","staleAuthorityDenied":true,"conflictingReplayDenied":true,"canonicalActiveWorkerDenied":true,"orphanCanonicalLeaseDenied":true,"activeAnnualTransitionDenied":true,"GoogleFlagsRejected":5,"retiredMirrorHistoryIgnored":true,"annualRowsUnchanged":true,"canonicalSideGameCertification":"18b828f9b73dc20d27ed56070c32e1792ad4c4aa9c29118c0beaeae093f9b16d","limitations":["Synthetic annual authority fixture; not a full CREATE/PREPARE/ACTIVATE annual initialization","Historical platform bootstrap models prior Google cutover locally; candidate normal release phase requires no Google","No hosted, Production, real Google or physical proof"],"timestamp":"2026-10-03T01:53:53.590Z","excludedMigrations":[],"r2ForwardMigrations":["202609300131_canonical_resource_control_v1.sql","202609300132_certification_domain_gateways_v1.sql","202609300133_certification_derived_gateways_v1.sql","202609300134_certification_annual_administration_v1.sql","202609300135_certification_read_contracts_v1.sql","202609300136_certification_durable_ingress_v1.sql","202609300137_certification_domain_resource_recovery_v1.sql","202609300138_certification_annual_transition_v1.sql","202609300139_certification_future_authoring_v1.sql","202609300140_certification_future_scoring_v1.sql","202609300141_certification_future_workers_v1.sql","202609300142_certification_required_worker_reads_v1.sql","202609300143_certification_odds_owner_publication_v1.sql","202609300144_certification_release_rebind_v1.sql","202609300145_certification_closed_tournament_read_v1.sql","202609300146_certification_successor_current_reads_v1.sql","202609300147_certification_closed_history_service_v1.sql","202609300148_certification_odds_two_part_freshness_v1.sql","202609300149_certification_odds_snapshot_guard_v1.sql","202609300150_certification_odds_publication_source_identity_v1.sql"]}
{"result":"ANNUAL_RELEASE_REVIEW_OK","migrations":25,"annualSnapshot":"64b154e0271f9baa1cc6d24f03f1cc0b70029c9c3b45a4ff8179e14075113de7","authorization":{"ok":true,"code":"PRODUCTION_POSTCUTOVER_NORMAL_RELEASE_AUTHORIZED","status":"PENDING","idempotent":false,"release_sequence":2,"release_intent_id":"91c4b422-1800-4d8e-ab29-8c402518d5f5","current_tournament_id":"2099","runtime_generation_id":"10000000-0000-4000-8000-000000000091","target_deployment_commit":"56ded61379e3308ab5c465ce186140550f3827a7","authorization_fingerprint":"72bb301bdfa2db7be79d783bdb39cab7dade6536bb43efcc75bacff3707724fd"},"rebind":{"ok":true,"code":"PRODUCTION_POSTCUTOVER_NORMAL_RELEASE_REBOUND","ingress":"OPEN","authority":"SUPABASE","idempotent":false,"boundary_mode":"MAINTENANCE_WINDOW_V1","cutover_phase":"OBSERVATION","deployment_id":"dpl_PostcutoverNormalRelease054","workers_enabled":true,"release_sequence":2,"deployment_commit":"56ded61379e3308ab5c465ce186140550f3827a7","maintenance_state":"NORMAL","release_rebind_id":"b41b76c1-6eca-4bb1-ae60-be5c21449e71","admission_revision":12,"capability_ceiling":"OBSERVATION","activation_revision":23,"capability_contract":"production-maintenance-single-deployment-capability-v1","runtime_fingerprint":"41d5d4cd6e1299b5df9391ddba1907936e55505dde6f52e0af94edbba3861bf9","current_tournament_id":"2099","runtime_generation_id":"10000000-0000-4000-8000-000000000091","admission_generation_id":"bcfde512-feaa-478c-b029-bd00d053e10b","authority_generation_id":"bbbbbbbb-bbbb-4bbb-8bbb-bbbbbbbbbbbb","predecessor_deployment_id":"dpl_PostcutoverApplication053","predecessor_release_sequence":1,"participant_identity_authority":"SUPABASE"},"secondRebind":{"ok":true,"code":"PRODUCTION_POSTCUTOVER_NORMAL_RELEASE_REBOUND","ingress":"OPEN","authority":"SUPABASE","idempotent":false,"boundary_mode":"MAINTENANCE_WINDOW_V1","cutover_phase":"OBSERVATION","deployment_id":"dpl_PostcutoverNormalRelease055","workers_enabled":true,"release_sequence":3,"deployment_commit":"eeeeeeeeeeeeeeeeeeeeeeeeeeeeeeeeeeeeeeee","maintenance_state":"NORMAL","release_rebind_id":"521d9228-c364-4270-b968-955df2d1cb90","admission_revision":13,"capability_ceiling":"OBSERVATION","activation_revision":24,"capability_contract":"production-maintenance-single-deployment-capability-v1","runtime_fingerprint":"224f3930a4aaa8fba596884e55574229af31af9dcb2675a5c3d92582f7de9894","current_tournament_id":"2099","runtime_generation_id":"10000000-0000-4000-8000-000000000091","admission_generation_id":"bcfde512-feaa-478c-b029-bd00d053e10b","authority_generation_id":"bbbbbbbb-bbbb-4bbb-8bbb-bbbbbbbbbbbb","predecessor_deployment_id":"dpl_PostcutoverNormalRelease054","predecessor_release_sequence":2,"participant_identity_authority":"SUPABASE"}}
▶ migration 078 rebinds future annual normal releases without mutating annual state
  ✔ future annual authorization, replay, stale and invariance (16464.793291ms)
✔ migration 078 rebinds future annual normal releases without mutating annual state (18499.527625ms)
ℹ tests 38
ℹ suites 0
ℹ pass 38
ℹ fail 0
ℹ cancelled 0
ℹ skipped 0
ℹ todo 0
ℹ duration_ms 96690.38175
