▶ Certification Odds real calculation, durable owner publication and isolation
  ✔ fresh state has no historical publication; real canonical read works (47.896ms)
  ✔ client and database deny absent, participant, spectator, wrong target and impersonated Director authority (78.18375ms)
  ✔ two independently installed resources reject cross read, target and wrong release (31.891959ms)
  ✔ Director calculation request creates truthful durable job and no publication (76.546458ms)
  ✔ unfinished calculation cannot be published and absent operation remains UNKNOWN (37.667917ms)
  ✔ job request and required audit roll back together at receipt failure (90.012583ms)
  ✔ forged provenance, stale context, worker owner-operation and cross-resource write fail closed (146.065791ms)
  ✔ same logical calculation retry ignores timing telemetry; conflict remains denied (95.891375ms)
  ✔ claim race admits one lease; expired lease recovers and old token is rejected (164.118583ms)
  ✔ calculator interruption preserves real checkpoint and resumes without publication (663.138584ms)
  ✔ existing canonical calculator checkpoints and completes; never publishes (5655.348584ms)
  ✔ completed calculator duplicate delivery does not recalculate or publish (40.317209ms)
  ✔ durable calculator exactly matches unchanged canonical domain engine and exposes no private provenance (5857.826542ms)
  ✔ concurrent duplicate committed calculation operations resolve one durable outcome (40.863542ms)
  ✔ first publication validates result/source/milestone/generation and never adopts historical provider data (200.291833ms)
  ✔ snapshot, pointer, job publication and audit roll back together at receipt fault (98.005333ms)
  ✔ explicit Director first publication commits genuine result and immutable provenance (53.045417ms)
  ✔ actual public published snapshots and unchanged mobile DTOs omit private Certification provenance (23.333375ms)
  ✔ lost publication acknowledgement recovers same receipt; stale first CAS conflicts (117.54225ms)
  ✔ owned PostgreSQL restart retains publication and exact operation recovery (315.196792ms)
  ✔ committed replay and status reject explicit impersonation without widening recovery authority (22.553417ms)
  ✔ worker cannot publish, historical publication is immutable and audit provenance is truthful (34.8925ms)
  ✔ private cores inaccessible and Production legacy publication remains denied (80.690583ms)
  ✔ real request supersedes stale unpublished work after preserved synthetic canonical input advances (21373.330208ms)
  ✔ second explicit owner publication preserves old snapshot facts and commits pointer changes atomically (557.524292ms)
  ✔ exact current job, publication and recovery reads retain bounded indexed authority (31.68675ms)
✔ Certification Odds real calculation, durable owner publication and isolation (44599.321625ms)
ℹ {"domainEquivalence":{"source":[{"file":"lib/tournament-odds.js","base":"7cec5128409286f5b4a5f3524d4c5488124a7be7","sha256":"c45c557f03eb630b3998e7a61ea03638ace591ae3df15cb55d0028c2efb8fcc1","unchanged":true},{"file":"lib/prediction-engine.js","base":"7cec5128409286f5b4a5f3524d4c5488124a7be7","sha256":"9260def65c1eb4b6fc9f520c4e5158768ad309ad59206b5e3ab1fc9fe408ace3","unchanged":true},{"file":"lib/tournament-context.js","base":"7cec5128409286f5b4a5f3524d4c5488124a7be7","sha256":"0423715b1d4e93c6decc39cfcb27cb0fbc6fffb5c6a9a936c306c4eab4686db4","unchanged":true},{"file":"lib/championship-odds-resilience.js","base":"7cec5128409286f5b4a5f3524d4c5488124a7be7","sha256":"2a9b9776279ba849bbab128d1d56920b99a7fb38257cbb28a8bb164e26aa6c28","unchanged":true},{"file":"lib/championship-odds-supabase.js","base":"7cec5128409286f5b4a5f3524d4c5488124a7be7","sha256":"26b143371df2359e0bbdf571e544afdd232fccd29f58ac316bd40747e7aec1be","unchanged":true},{"file":"lib/published-odds-supabase.js","base":"7cec5128409286f5b4a5f3524d4c5488124a7be7","sha256":"081d157585e0795e999b4071ce36a2e7f3ff52f599574df571b332a56c984e9b","unchanged":true},{"file":"lib/mobile-v1-odds.js","base":"7cec5128409286f5b4a5f3524d4c5488124a7be7","sha256":"608858f8b1fd2900469c259e767cf14ac2d553e8e6dc231946524a61aa269fcd","unchanged":true}],"reference":{"ok":true,"jobId":"73c5db856540cc84f4245ea1e5493e37c3c696a439b8398f9ef4da6ea726dcab","iterations":10000,"referenceFingerprint":"2bc241d0afebf456ff36c6617a3d34854cae40484e1eb55668f9520f889e1e9c","resilientFingerprint":"2bc241d0afebf456ff36c6617a3d34854cae40484e1eb55668f9520f889e1e9c","exactEquality":true,"storedFingerprintValid":true,"referenceMetrics":{"durationMs":5756.551083,"cpuMs":5753.791,"rssBeforeBytes":200278016,"rssAfterBytes":200359936,"heapBeforeBytes":53053264,"heapAfterBytes":44212216}}}}
ℹ {"layer":"LOCAL_POSTGRESQL_RPC_ACTUAL_CALCULATOR","rpcCalls":112,"actualDirectorApi":true,"independentResources":2,"concurrentReplay":8,"googleCalls":0,"googleJobs":0,"autoPublication":0}
{"fixture":"phase2c1-zero-google-release-v1","environment":"OWNED_SOCKET_ONLY_POSTGRESQL17","schema":149,"result":"PASS","runtimeGuardsSubstituted":false,"GoogleWriterRows":0,"GoogleCalls":0,"GoogleCredentialsRequired":false,"frozen2026Release":"PASS","frozen2026Replay":"PASS","annual2099Release":"PASS","annualReplay":"PASS","secondAnnualRelease":"PASS","staleAuthorityDenied":true,"conflictingReplayDenied":true,"canonicalActiveWorkerDenied":true,"orphanCanonicalLeaseDenied":true,"activeAnnualTransitionDenied":true,"GoogleFlagsRejected":5,"retiredMirrorHistoryIgnored":true,"annualRowsUnchanged":true,"canonicalSideGameCertification":"18b828f9b73dc20d27ed56070c32e1792ad4c4aa9c29118c0beaeae093f9b16d","limitations":["Synthetic annual authority fixture; not a full CREATE/PREPARE/ACTIVATE annual initialization","Historical platform bootstrap models prior Google cutover locally; candidate normal release phase requires no Google","No hosted, Production, real Google or physical proof"],"timestamp":"2026-10-03T01:27:04.173Z","excludedMigrations":[],"r2ForwardMigrations":["202609300131_canonical_resource_control_v1.sql","202609300132_certification_domain_gateways_v1.sql","202609300133_certification_derived_gateways_v1.sql","202609300134_certification_annual_administration_v1.sql","202609300135_certification_read_contracts_v1.sql","202609300136_certification_durable_ingress_v1.sql","202609300137_certification_domain_resource_recovery_v1.sql","202609300138_certification_annual_transition_v1.sql","202609300139_certification_future_authoring_v1.sql","202609300140_certification_future_scoring_v1.sql","202609300141_certification_future_workers_v1.sql","202609300142_certification_required_worker_reads_v1.sql","202609300143_certification_odds_owner_publication_v1.sql","202609300144_certification_release_rebind_v1.sql","202609300145_certification_closed_tournament_read_v1.sql","202609300146_certification_successor_current_reads_v1.sql","202609300147_certification_closed_history_service_v1.sql","202609300148_certification_odds_two_part_freshness_v1.sql","202609300149_certification_odds_snapshot_guard_v1.sql"]}
{"result":"ANNUAL_RELEASE_REVIEW_OK","migrations":25,"annualSnapshot":"ef8d8dc5f1590cfe7fe696f191cdd4f5b6d807ec5db282b01af34341e7e6260c","authorization":{"ok":true,"code":"PRODUCTION_POSTCUTOVER_NORMAL_RELEASE_AUTHORIZED","status":"PENDING","idempotent":false,"release_sequence":2,"release_intent_id":"289f6ec1-7532-4e5d-9006-e3ebba02569b","current_tournament_id":"2099","runtime_generation_id":"10000000-0000-4000-8000-000000000091","target_deployment_commit":"56ded61379e3308ab5c465ce186140550f3827a7","authorization_fingerprint":"7d9f66eec15dc31648bcf05344d8bf5473ef45a3c6e37a902249ef77df27470a"},"rebind":{"ok":true,"code":"PRODUCTION_POSTCUTOVER_NORMAL_RELEASE_REBOUND","ingress":"OPEN","authority":"SUPABASE","idempotent":false,"boundary_mode":"MAINTENANCE_WINDOW_V1","cutover_phase":"OBSERVATION","deployment_id":"dpl_PostcutoverNormalRelease054","workers_enabled":true,"release_sequence":2,"deployment_commit":"56ded61379e3308ab5c465ce186140550f3827a7","maintenance_state":"NORMAL","release_rebind_id":"1adc62ba-a18a-4df6-b196-f8d9d521e32c","admission_revision":12,"capability_ceiling":"OBSERVATION","activation_revision":23,"capability_contract":"production-maintenance-single-deployment-capability-v1","runtime_fingerprint":"d2ed7fbefaed69dcda8426817e353ab29fd96c321e514a6d58d8dbdb92c2e985","current_tournament_id":"2099","runtime_generation_id":"10000000-0000-4000-8000-000000000091","admission_generation_id":"dbdf013e-a63d-4c0e-9528-a9978f8929e8","authority_generation_id":"bbbbbbbb-bbbb-4bbb-8bbb-bbbbbbbbbbbb","predecessor_deployment_id":"dpl_PostcutoverApplication053","predecessor_release_sequence":1,"participant_identity_authority":"SUPABASE"},"secondRebind":{"ok":true,"code":"PRODUCTION_POSTCUTOVER_NORMAL_RELEASE_REBOUND","ingress":"OPEN","authority":"SUPABASE","idempotent":false,"boundary_mode":"MAINTENANCE_WINDOW_V1","cutover_phase":"OBSERVATION","deployment_id":"dpl_PostcutoverNormalRelease055","workers_enabled":true,"release_sequence":3,"deployment_commit":"eeeeeeeeeeeeeeeeeeeeeeeeeeeeeeeeeeeeeeee","maintenance_state":"NORMAL","release_rebind_id":"96c2db1b-bd42-4b44-8a6d-fea9e1517f27","admission_revision":13,"capability_ceiling":"OBSERVATION","activation_revision":24,"capability_contract":"production-maintenance-single-deployment-capability-v1","runtime_fingerprint":"4729df35d8b6ffbe2c9ab19c9248ce743f9a2fa78e271806fcf828b4dc5785a0","current_tournament_id":"2099","runtime_generation_id":"10000000-0000-4000-8000-000000000091","admission_generation_id":"dbdf013e-a63d-4c0e-9528-a9978f8929e8","authority_generation_id":"bbbbbbbb-bbbb-4bbb-8bbb-bbbbbbbbbbbb","predecessor_deployment_id":"dpl_PostcutoverNormalRelease054","predecessor_release_sequence":2,"participant_identity_authority":"SUPABASE"}}
▶ migration 078 rebinds future annual normal releases without mutating annual state
  ✔ future annual authorization, replay, stale and invariance (15893.495833ms)
✔ migration 078 rebinds future annual normal releases without mutating annual state (17660.264583ms)
ℹ tests 29
ℹ suites 0
ℹ pass 29
ℹ fail 0
ℹ cancelled 0
ℹ skipped 0
ℹ todo 0
ℹ duration_ms 62460.343541
