▶ Certification Odds real calculation, durable owner publication and isolation
  ✔ fresh state has no historical publication; real canonical read works (48.093542ms)
  ✔ client and database deny absent, participant, spectator, wrong target and impersonated Director authority (78.969167ms)
  ✔ two independently installed resources reject cross read, target and wrong release (32.052917ms)
  ✔ Director calculation request creates truthful durable job and no publication (77.616333ms)
  ✔ unfinished calculation cannot be published and absent operation remains UNKNOWN (38.579667ms)
  ✔ job request and required audit roll back together at receipt failure (91.154417ms)
  ✔ forged provenance, stale context, worker owner-operation and cross-resource write fail closed (147.613333ms)
  ✔ same logical calculation retry ignores timing telemetry; conflict remains denied (101.845209ms)
  ✔ claim race admits one lease; expired lease recovers and old token is rejected (163.321042ms)
  ✔ calculator interruption preserves real checkpoint and resumes without publication (740.198083ms)
  ✔ existing canonical calculator checkpoints and completes; never publishes (5564.571791ms)
  ✔ completed calculator duplicate delivery does not recalculate or publish (39.839042ms)
  ✔ durable calculator exactly matches unchanged canonical domain engine and exposes no private provenance (5930.994417ms)
  ✔ concurrent duplicate committed calculation operations resolve one durable outcome (31.658417ms)
  ✔ first publication validates result/source/milestone/generation and never adopts historical provider data (151.982166ms)
  ✔ snapshot, pointer, job publication and audit roll back together at receipt fault (95.664458ms)
  ✔ explicit Director first publication commits genuine result and immutable provenance (53.574208ms)
  ✔ actual public published snapshots and unchanged mobile DTOs omit private Certification provenance (22.774083ms)
  ✔ lost publication acknowledgement recovers same receipt; stale first CAS conflicts (133.118958ms)
  ✔ owned PostgreSQL restart retains publication and exact operation recovery (311.797166ms)
  ✔ committed replay and status reject explicit impersonation without widening recovery authority (23.165084ms)
  ✔ worker cannot publish, historical publication is immutable and audit provenance is truthful (33.501542ms)
  ✔ private cores inaccessible and Production legacy publication remains denied (76.3615ms)
  ✔ real request supersedes stale unpublished work after preserved synthetic canonical input advances (21416.596917ms)
  ✔ exact current job, publication and recovery reads retain bounded indexed authority (28.914208ms)
✔ Certification Odds real calculation, durable owner publication and isolation (44198.208333ms)
ℹ {"domainEquivalence":{"source":[{"file":"lib/tournament-odds.js","base":"7cec5128409286f5b4a5f3524d4c5488124a7be7","sha256":"c45c557f03eb630b3998e7a61ea03638ace591ae3df15cb55d0028c2efb8fcc1","unchanged":true},{"file":"lib/prediction-engine.js","base":"7cec5128409286f5b4a5f3524d4c5488124a7be7","sha256":"9260def65c1eb4b6fc9f520c4e5158768ad309ad59206b5e3ab1fc9fe408ace3","unchanged":true},{"file":"lib/tournament-context.js","base":"7cec5128409286f5b4a5f3524d4c5488124a7be7","sha256":"0423715b1d4e93c6decc39cfcb27cb0fbc6fffb5c6a9a936c306c4eab4686db4","unchanged":true},{"file":"lib/championship-odds-resilience.js","base":"7cec5128409286f5b4a5f3524d4c5488124a7be7","sha256":"2a9b9776279ba849bbab128d1d56920b99a7fb38257cbb28a8bb164e26aa6c28","unchanged":true},{"file":"lib/championship-odds-supabase.js","base":"7cec5128409286f5b4a5f3524d4c5488124a7be7","sha256":"26b143371df2359e0bbdf571e544afdd232fccd29f58ac316bd40747e7aec1be","unchanged":true},{"file":"lib/published-odds-supabase.js","base":"7cec5128409286f5b4a5f3524d4c5488124a7be7","sha256":"081d157585e0795e999b4071ce36a2e7f3ff52f599574df571b332a56c984e9b","unchanged":true},{"file":"lib/mobile-v1-odds.js","base":"7cec5128409286f5b4a5f3524d4c5488124a7be7","sha256":"608858f8b1fd2900469c259e767cf14ac2d553e8e6dc231946524a61aa269fcd","unchanged":true}],"reference":{"ok":true,"jobId":"05252ed11a103b4be64d00d07f5b11fb4b69babbcaaa97ecf08a90bf72ec9141","iterations":10000,"referenceFingerprint":"2bc241d0afebf456ff36c6617a3d34854cae40484e1eb55668f9520f889e1e9c","resilientFingerprint":"2bc241d0afebf456ff36c6617a3d34854cae40484e1eb55668f9520f889e1e9c","exactEquality":true,"storedFingerprintValid":true,"referenceMetrics":{"durationMs":5825.063249999999,"cpuMs":5812.034,"rssBeforeBytes":206880768,"rssAfterBytes":206946304,"heapBeforeBytes":33738528,"heapAfterBytes":36634528}}}}
ℹ {"layer":"LOCAL_POSTGRESQL_RPC_ACTUAL_CALCULATOR","rpcCalls":100,"actualDirectorApi":true,"independentResources":2,"concurrentReplay":8,"googleCalls":0,"googleJobs":0,"autoPublication":0}
{"fixture":"phase2c1-zero-google-release-v1","environment":"OWNED_SOCKET_ONLY_POSTGRESQL17","schema":148,"result":"PASS","runtimeGuardsSubstituted":false,"GoogleWriterRows":0,"GoogleCalls":0,"GoogleCredentialsRequired":false,"frozen2026Release":"PASS","frozen2026Replay":"PASS","annual2099Release":"PASS","annualReplay":"PASS","secondAnnualRelease":"PASS","staleAuthorityDenied":true,"conflictingReplayDenied":true,"canonicalActiveWorkerDenied":true,"orphanCanonicalLeaseDenied":true,"activeAnnualTransitionDenied":true,"GoogleFlagsRejected":5,"retiredMirrorHistoryIgnored":true,"annualRowsUnchanged":true,"canonicalSideGameCertification":"18b828f9b73dc20d27ed56070c32e1792ad4c4aa9c29118c0beaeae093f9b16d","limitations":["Synthetic annual authority fixture; not a full CREATE/PREPARE/ACTIVATE annual initialization","Historical platform bootstrap models prior Google cutover locally; candidate normal release phase requires no Google","No hosted, Production, real Google or physical proof"],"timestamp":"2026-10-03T01:10:05.678Z","excludedMigrations":[],"r2ForwardMigrations":["202609300131_canonical_resource_control_v1.sql","202609300132_certification_domain_gateways_v1.sql","202609300133_certification_derived_gateways_v1.sql","202609300134_certification_annual_administration_v1.sql","202609300135_certification_read_contracts_v1.sql","202609300136_certification_durable_ingress_v1.sql","202609300137_certification_domain_resource_recovery_v1.sql","202609300138_certification_annual_transition_v1.sql","202609300139_certification_future_authoring_v1.sql","202609300140_certification_future_scoring_v1.sql","202609300141_certification_future_workers_v1.sql","202609300142_certification_required_worker_reads_v1.sql","202609300143_certification_odds_owner_publication_v1.sql","202609300144_certification_release_rebind_v1.sql","202609300145_certification_closed_tournament_read_v1.sql","202609300146_certification_successor_current_reads_v1.sql","202609300147_certification_closed_history_service_v1.sql","202609300148_certification_odds_two_part_freshness_v1.sql"]}
{"result":"ANNUAL_RELEASE_REVIEW_OK","migrations":25,"annualSnapshot":"c42a7545e995f0d410e515700cefc3c841ff95a8136ac9e432637f0529c5eb69","authorization":{"ok":true,"code":"PRODUCTION_POSTCUTOVER_NORMAL_RELEASE_AUTHORIZED","status":"PENDING","idempotent":false,"release_sequence":2,"release_intent_id":"9811d982-f4ce-4341-b6fa-c943a96ae667","current_tournament_id":"2099","runtime_generation_id":"10000000-0000-4000-8000-000000000091","target_deployment_commit":"56ded61379e3308ab5c465ce186140550f3827a7","authorization_fingerprint":"a5775df3432b38961edc22b8176bf853511209b1c32f85a9b62a452740596289"},"rebind":{"ok":true,"code":"PRODUCTION_POSTCUTOVER_NORMAL_RELEASE_REBOUND","ingress":"OPEN","authority":"SUPABASE","idempotent":false,"boundary_mode":"MAINTENANCE_WINDOW_V1","cutover_phase":"OBSERVATION","deployment_id":"dpl_PostcutoverNormalRelease054","workers_enabled":true,"release_sequence":2,"deployment_commit":"56ded61379e3308ab5c465ce186140550f3827a7","maintenance_state":"NORMAL","release_rebind_id":"832b250a-8e56-44e3-b47d-b3e41a096268","admission_revision":12,"capability_ceiling":"OBSERVATION","activation_revision":23,"capability_contract":"production-maintenance-single-deployment-capability-v1","runtime_fingerprint":"913099a5e1e1a047efb85b98833a1c563ea9e5fca5abab48b99bf78b8668fd20","current_tournament_id":"2099","runtime_generation_id":"10000000-0000-4000-8000-000000000091","admission_generation_id":"3c93b778-0b1a-4a0f-b262-4d859d6838ec","authority_generation_id":"bbbbbbbb-bbbb-4bbb-8bbb-bbbbbbbbbbbb","predecessor_deployment_id":"dpl_PostcutoverApplication053","predecessor_release_sequence":1,"participant_identity_authority":"SUPABASE"},"secondRebind":{"ok":true,"code":"PRODUCTION_POSTCUTOVER_NORMAL_RELEASE_REBOUND","ingress":"OPEN","authority":"SUPABASE","idempotent":false,"boundary_mode":"MAINTENANCE_WINDOW_V1","cutover_phase":"OBSERVATION","deployment_id":"dpl_PostcutoverNormalRelease055","workers_enabled":true,"release_sequence":3,"deployment_commit":"eeeeeeeeeeeeeeeeeeeeeeeeeeeeeeeeeeeeeeee","maintenance_state":"NORMAL","release_rebind_id":"a0575fcc-4976-4fb6-8535-dfbdeff02e62","admission_revision":13,"capability_ceiling":"OBSERVATION","activation_revision":24,"capability_contract":"production-maintenance-single-deployment-capability-v1","runtime_fingerprint":"783a37f59a5b45883c081ff5f2bde132adc86e3aec8199d6b187daadd73d330c","current_tournament_id":"2099","runtime_generation_id":"10000000-0000-4000-8000-000000000091","admission_generation_id":"3c93b778-0b1a-4a0f-b262-4d859d6838ec","authority_generation_id":"bbbbbbbb-bbbb-4bbb-8bbb-bbbbbbbbbbbb","predecessor_deployment_id":"dpl_PostcutoverNormalRelease054","predecessor_release_sequence":2,"participant_identity_authority":"SUPABASE"}}
▶ migration 078 rebinds future annual normal releases without mutating annual state
  ✔ future annual authorization, replay, stale and invariance (16023.135083ms)
✔ migration 078 rebinds future annual normal releases without mutating annual state (17738.351584ms)
ℹ tests 28
ℹ suites 0
ℹ pass 28
ℹ fail 0
ℹ cancelled 0
ℹ skipped 0
ℹ todo 0
ℹ duration_ms 62109.967375
