   ▲ Next.js 15.5.18

   Creating an optimized production build ...
 ✓ Compiled successfully in 4.6s
   Linting and checking validity of types ...
   Collecting page data ...
   Generating static pages (0/19) ...
   Generating static pages (4/19) 
   Generating static pages (9/19) 
   Generating static pages (14/19) 
 ✓ Generating static pages (19/19)
   Finalizing page optimization ...
   Collecting build traces ...

Route (app)                                                           Size  First Load JS
┌ ƒ /                                                              4.41 kB         115 kB
├ ○ /_not-found                                                       1 kB         104 kB
├ ○ /activate                                                      1.93 kB         108 kB
├ ƒ /admin                                                         19.1 kB         142 kB
├ ○ /admin/data-health                                               465 B         103 kB
├ ƒ /admin/director                                                 174 kB         297 kB
├ ƒ /admin/director/completed-history                              2.05 kB         113 kB
├ ƒ /admin/director/game-center-readiness                          2.33 kB         113 kB
├ ƒ /admin/live-matches                                              465 B         103 kB
├ ○ /admin/publish-odds                                              465 B         103 kB
├ ƒ /admin/source-audit                                            1.01 kB         104 kB
├ ƒ /admin/step11-6-production-google-writer-fence                 6.51 kB         114 kB
├ ƒ /admin/step12-production-google-writer-provider-fence          5.24 kB         112 kB
├ ƒ /admin/tournament-guide                                          465 B         103 kB
├ ƒ /api/admin/cms                                                   465 B         103 kB
├ ƒ /api/admin/data-authority-certification                          465 B         103 kB
├ ƒ /api/admin/draft-projection                                      465 B         103 kB
├ ƒ /api/admin/production-calcutta-v1                                465 B         103 kB
├ ƒ /api/admin/production-director-synchronization                   465 B         103 kB
├ ƒ /api/admin/production-maintenance-precommit-deployment-rebind    465 B         103 kB
├ ƒ /api/admin/production-net-skins-v1                               465 B         103 kB
├ ƒ /api/admin/production-odds-calculations                          465 B         103 kB
├ ƒ /api/admin/scorecard-calibration                                 465 B         103 kB
├ ƒ /api/admin/session                                               465 B         103 kB
├ ƒ /api/admin/step11-6-production-google-writer-fence               465 B         103 kB
├ ƒ /api/admin/step11-production-google-certificate                  465 B         103 kB
├ ƒ /api/admin/step11-production-google-metadata                     465 B         103 kB
├ ƒ /api/admin/step11-scoring-rehearsal                              465 B         103 kB
├ ƒ /api/admin/tournament                                            465 B         103 kB
├ ƒ /api/admin/war-room-calculation-parity                           465 B         103 kB
├ ƒ /api/admin/war-room-input-parity                                 465 B         103 kB
├ ƒ /api/auth/hooks/send-sms                                         465 B         103 kB
├ ƒ /api/captains-briefing                                           465 B         103 kB
├ ƒ /api/cron/account-deletion                                       465 B         103 kB
├ ƒ /api/cron/future-match-google-compatibility                      465 B         103 kB
├ ƒ /api/cron/guide-sync                                             465 B         103 kB
├ ƒ /api/cron/guide-sync/diagnostics                                 465 B         103 kB
├ ƒ /api/cron/round-scorecards-archive                               465 B         103 kB
├ ƒ /api/cron/scoring-google-outbox                                  465 B         103 kB
├ ƒ /api/director                                                    465 B         103 kB
├ ƒ /api/director/access                                             465 B         103 kB
├ ƒ /api/director/completed-history                                  465 B         103 kB
├ ƒ /api/director/draft                                              465 B         103 kB
├ ƒ /api/director/entitlement                                        465 B         103 kB
├ ƒ /api/director/future-tournaments                                 465 B         103 kB
├ ƒ /api/director/future-tournaments/google-writer                   465 B         103 kB
├ ƒ /api/director/guide                                              465 B         103 kB
├ ƒ /api/director/guide-content                                      465 B         103 kB
├ ƒ /api/director/handicaps                                          465 B         103 kB
├ ƒ /api/director/identity-shadow-diagnostics                        465 B         103 kB
├ ƒ /api/director/impersonation                                      465 B         103 kB
├ ƒ /api/director/net-skins-entries                                  465 B         103 kB
├ ƒ /api/director/notifications/sandbox                              465 B         103 kB
├ ƒ /api/director/odds-publication                                   465 B         103 kB
├ ƒ /api/director/participant-identity                               465 B         103 kB
├ ƒ /api/director/players-access                                     465 B         103 kB
├ ƒ /api/director/prediction-settings                                465 B         103 kB
├ ƒ /api/director/production-overview                                465 B         103 kB
├ ƒ /api/director/reset-preview                                      465 B         103 kB
├ ƒ /api/director/round-scoring                                      465 B         103 kB
├ ƒ /api/director/scoring-authority                                  465 B         103 kB
├ ƒ /api/director/scoring-shadow                                     465 B         103 kB
├ ƒ /api/director/scoring-shadow/benchmark                           465 B         103 kB
├ ƒ /api/director/scoring-shadow/phase2-dry-run                      465 B         103 kB
├ ƒ /api/director/tournament-awards                                  465 B         103 kB
├ ƒ /api/director/tournament-setup                                   465 B         103 kB
├ ƒ /api/draft-analysis                                              465 B         103 kB
├ ƒ /api/draft-analytics                                             465 B         103 kB
├ ƒ /api/entry                                                       465 B         103 kB
├ ƒ /api/game-center/[matchId]                                       465 B         103 kB
├ ƒ /api/leaderboards/calcutta                                       465 B         103 kB
├ ƒ /api/leaderboards/core                                           465 B         103 kB
├ ƒ /api/leaderboards/insights                                       465 B         103 kB
├ ƒ /api/leaderboards/net-skins                                      465 B         103 kB
├ ƒ /api/live                                                        465 B         103 kB
├ ƒ /api/live-matches                                                465 B         103 kB
├ ƒ /api/mobile/v1/account/deletion                                  465 B         103 kB
├ ƒ /api/mobile/v1/auth/captcha                                      465 B         103 kB
├ ƒ /api/mobile/v1/auth/certification/renew                          465 B         103 kB
├ ƒ /api/mobile/v1/auth/otp/certify                                  465 B         103 kB
├ ƒ /api/mobile/v1/auth/otp/phone                                    465 B         103 kB
├ ƒ /api/mobile/v1/auth/otp/request                                  465 B         103 kB
├ ƒ /api/mobile/v1/calcutta                                          465 B         103 kB
├ ƒ /api/mobile/v1/guide                                             465 B         103 kB
├ ƒ /api/mobile/v1/health                                            465 B         103 kB
├ ƒ /api/mobile/v1/history                                           465 B         103 kB
├ ƒ /api/mobile/v1/history/[year]                                    465 B         103 kB
├ ƒ /api/mobile/v1/leaders                                           465 B         103 kB
├ ƒ /api/mobile/v1/matches                                           465 B         103 kB
├ ƒ /api/mobile/v1/matches/[matchId]                                 465 B         103 kB
├ ƒ /api/mobile/v1/net-skins                                         465 B         103 kB
├ ƒ /api/mobile/v1/odds                                              465 B         103 kB
├ ƒ /api/mobile/v1/passport                                          465 B         103 kB
├ ƒ /api/mobile/v1/portrait-policy                                   465 B         103 kB
├ ƒ /api/mobile/v1/records                                           465 B         103 kB
├ ƒ /api/mobile/v1/schedule                                          465 B         103 kB
├ ƒ /api/mobile/v1/scoring/current                                   465 B         103 kB
├ ƒ /api/mobile/v1/scoring/finalize                                  465 B         103 kB
├ ƒ /api/mobile/v1/scoring/hole                                      465 B         103 kB
├ ƒ /api/mobile/v1/scoring/mutation-status                           465 B         103 kB
├ ƒ /api/mobile/v1/session                                           465 B         103 kB
├ ƒ /api/mobile/v1/today                                             465 B         103 kB
├ ƒ /api/my-match                                                    465 B         103 kB
├ ƒ /api/odds/calculations                                           465 B         103 kB
├ ƒ /api/odds/inputs                                                 465 B         103 kB
├ ƒ /api/odds/prediction-settings                                    465 B         103 kB
├ ƒ /api/odds/publication-operations                                 465 B         103 kB
├ ƒ /api/odds/publish                                                465 B         103 kB
├ ƒ /api/odds/publish-preview                                        465 B         103 kB
├ ƒ /api/participant/auth/diagnostics                                465 B         103 kB
├ ƒ /api/participant/auth/otp/request                                465 B         103 kB
├ ƒ /api/participant/auth/otp/verify                                 465 B         103 kB
├ ƒ /api/participant/auth/phone                                      465 B         103 kB
├ ƒ /api/participant/auth/phone-enrollment                           465 B         103 kB
├ ƒ /api/participant/auth/phone-login-proof                          465 B         103 kB
├ ƒ /api/participant/auth/session                                    465 B         103 kB
├ ƒ /api/participant/context                                         465 B         103 kB
├ ƒ /api/participant/home                                            465 B         103 kB
├ ƒ /api/participant/tournament-guide                                465 B         103 kB
├ ƒ /api/player-passport/activation                                  465 B         103 kB
├ ƒ /api/player-passport/admin                                       465 B         103 kB
├ ƒ /api/player-passport/initialize                                  465 B         103 kB
├ ƒ /api/player-passport/matches                                     465 B         103 kB
├ ƒ /api/player-passport/notifications                               465 B         103 kB
├ ƒ /api/player-passport/readiness                                   465 B         103 kB
├ ƒ /api/player-passport/session                                     465 B         103 kB
├ ƒ /api/preview-environment                                         465 B         103 kB
├ ƒ /api/preview-reliability                                         465 B         103 kB
├ ƒ /api/scoring/access                                              465 B         103 kB
├ ƒ /api/scoring/current                                             465 B         103 kB
├ ƒ /api/scoring/diagnostics                                         465 B         103 kB
├ ƒ /api/scoring/matches                                             465 B         103 kB
├ ƒ /api/scoring/matches/[matchId]                                   465 B         103 kB
├ ƒ /api/scoring/mutation-status                                     465 B         103 kB
├ ƒ /api/scoring/session                                             465 B         103 kB
├ ƒ /api/spectator/[resource]                                        465 B         103 kB
├ ƒ /api/spectator/golf/[...path]                                    465 B         103 kB
├ ƒ /api/tournament-guide                                            465 B         103 kB
├ ƒ /api/tournament-guide/schema                                     465 B         103 kB
├ ƒ /api/tournament/foundation                                       465 B         103 kB
├ ƒ /api/tournament/live                                             465 B         103 kB
├ ƒ /api/tournament/secondary                                        465 B         103 kB
├ ○ /app                                                             465 B         103 kB
├ ƒ /app/courses                                                     145 B         118 kB
├ ƒ /app/courses/[courseId]                                        1.35 kB         118 kB
├ ƒ /app/courses/[courseId]/holes/[holeNumber]                     4.39 kB         115 kB
├ ƒ /app/guide                                                     4.21 kB         115 kB
├ ƒ /app/guide/[section]                                             143 B         121 kB
├ ƒ /app/history                                                     145 B         118 kB
├ ƒ /app/history/[year]                                            2.71 kB         119 kB
├ ƒ /app/history/[year]/round/[round]                                154 B         126 kB
├ ƒ /app/history/[year]/team/[side]                                4.03 kB         125 kB
├ ƒ /app/leaderboards                                                30 kB         146 kB
├ ƒ /app/odds                                                        138 B         117 kB
├ ƒ /app/players                                                     140 B         117 kB
├ ƒ /app/players/[slug]                                              148 B         127 kB
├ ƒ /app/tournament                                                  209 B         145 kB
├ ○ /apple-icon.png                                                    0 B            0 B
├ ƒ /board-of-governors                                              139 B         117 kB
├ ƒ /champions                                                     6.54 kB         117 kB
├ ƒ /champions/[year]                                              6.71 kB         118 kB
├ ƒ /compare                                                       11.2 kB         122 kB
├ ƒ /courses                                                         145 B         118 kB
├ ƒ /courses/[courseId]                                            1.35 kB         118 kB
├ ƒ /courses/[courseId]/holes/[holeNumber]                         4.39 kB         115 kB
├ ƒ /data-health                                                     634 B         112 kB
├ ƒ /draft                                                           911 B         118 kB
├ ƒ /draft/[year]                                                    911 B         118 kB
├ ƒ /draft/analytics                                               6.42 kB         123 kB
├ ƒ /enter                                                         1.73 kB         105 kB
├ ƒ /follow/[[...path]]                                            8.15 kB         117 kB
├ ƒ /game-center/[matchId]                                         11.3 kB         118 kB
├ ƒ /history                                                         144 B         118 kB
├ ƒ /history/[year]                                                2.71 kB         119 kB
├ ƒ /history/[year]/round/[round]                                    154 B         126 kB
├ ƒ /history/[year]/team/[side]                                    4.03 kB         125 kB
├ ƒ /home                                                          18.3 kB         137 kB
├ ○ /icon.png                                                          0 B            0 B
├ ƒ /live                                                            221 B         149 kB
├ ○ /manifest.webmanifest                                            465 B         103 kB
├ ƒ /me                                                            8.78 kB         115 kB
├ ƒ /me/verify-mobile                                              2.92 kB         109 kB
├ ƒ /my-match                                                        147 B         141 kB
├ ƒ /odds-center                                                     138 B         117 kB
├ ○ /odds-center/admin                                               465 B         103 kB
├ ƒ /participant-auth                                                13 kB         116 kB
├ ƒ /players                                                         139 B         117 kB
├ ƒ /players/[slug]                                                  148 B         127 kB
├ ○ /privacy                                                         170 B         107 kB
├ ƒ /ratings                                                       1.31 kB         112 kB
├ ƒ /records                                                       4.39 kB         115 kB
├ ƒ /records/[slug]                                                8.47 kB         119 kB
├ ○ /robots.txt                                                      465 B         103 kB
├ ○ /rules                                                           465 B         103 kB
├ ƒ /score                                                           147 B         141 kB
├ ƒ /score/access/[token]                                            465 B         103 kB
├ ƒ /sitemap.xml                                                     465 B         103 kB
├ ƒ /statistics                                                    4.24 kB         115 kB
├ ƒ /statistics/handicaps                                            140 B         117 kB
├ ƒ /statistics/partnerships                                         140 B         117 kB
├ ƒ /statistics/rivalries                                            139 B         117 kB
├ ○ /support                                                         170 B         107 kB
├ ƒ /tournament-guide                                              4.21 kB         115 kB
├ ƒ /tournament-guide/[section]                                      144 B         121 kB
├ ƒ /war-room                                                      18.5 kB         135 kB
├ ƒ /war-room/lineup-optimizer                                     5.23 kB         122 kB
├ ƒ /war-room/simulator                                              465 B         103 kB
└ ƒ /war-room/team-intelligence                                    8.58 kB         125 kB
+ First Load JS shared by all                                       103 kB
  ├ chunks/1255-eae4096fb21f1304.js                                  46 kB
  ├ chunks/4bd1b696-100b9d70ed4e49c1.js                            54.2 kB
  └ other shared chunks (total)                                    2.72 kB


ƒ Middleware                                                       34.5 kB

○  (Static)   prerendered as static content
ƒ  (Dynamic)  server-rendered on demand

<w> [webpack.cache.PackFileCacheStrategy] Skipped not serializable cache item 'Compilation/modules|javascript/auto|/Users/claybeltran/.codex/worktrees/reliability-phase2-score-path/BaggerInv/node_modules/next/dist/build/webpack/loaders/next-flight-css-loader.js??ruleSet[1].rules[14].oneOf[5].use[0]!/Users/claybeltran/.codex/worktrees/reliability-phase2-score-path/BaggerInv/node_modules/next/dist/build/webpack/loaders/css-loader/src/index.js??ruleSet[1].rules[14].oneOf[5].use[1]!/Users/claybeltran/.codex/worktrees/reliability-phase2-score-path/BaggerInv/node_modules/next/dist/build/webpack/loaders/postcss-loader/src/index.js??ruleSet[1].rules[14].oneOf[5].use[2]!/Users/claybeltran/.codex/worktrees/reliability-phase2-score-path/BaggerInv/app/historical.module.css|rsc': No serializer registered for Warning
<w> while serializing webpack/lib/cache/PackFileCacheStrategy.PackContentItems -> webpack/lib/NormalModule -> Array { 1 items } -> webpack/lib/ModuleWarning -> Warning
<w> [webpack.cache.PackFileCacheStrategy] Skipped not serializable cache item 'Compilation/modules|javascript/auto|/Users/claybeltran/.codex/worktrees/reliability-phase2-score-path/BaggerInv/node_modules/next/dist/build/webpack/loaders/next-flight-css-loader.js??ruleSet[1].rules[14].oneOf[5].use[0]!/Users/claybeltran/.codex/worktrees/reliability-phase2-score-path/BaggerInv/node_modules/next/dist/build/webpack/loaders/css-loader/src/index.js??ruleSet[1].rules[14].oneOf[5].use[1]!/Users/claybeltran/.codex/worktrees/reliability-phase2-score-path/BaggerInv/node_modules/next/dist/build/webpack/loaders/postcss-loader/src/index.js??ruleSet[1].rules[14].oneOf[5].use[2]!/Users/claybeltran/.codex/worktrees/reliability-phase2-score-path/BaggerInv/app/draft/draft.module.css|rsc': No serializer registered for Warning
<w> while serializing webpack/lib/cache/PackFileCacheStrategy.PackContentItems -> webpack/lib/NormalModule -> Array { 1 items } -> webpack/lib/ModuleWarning -> Warning
<w> [webpack.cache.PackFileCacheStrategy] Skipped not serializable cache item 'Compilation/modules|javascript/auto|/Users/claybeltran/.codex/worktrees/reliability-phase2-score-path/BaggerInv/node_modules/next/dist/build/webpack/loaders/next-flight-css-loader.js??ruleSet[1].rules[14].oneOf[5].use[0]!/Users/claybeltran/.codex/worktrees/reliability-phase2-score-path/BaggerInv/node_modules/next/dist/build/webpack/loaders/css-loader/src/index.js??ruleSet[1].rules[14].oneOf[5].use[1]!/Users/claybeltran/.codex/worktrees/reliability-phase2-score-path/BaggerInv/node_modules/next/dist/build/webpack/loaders/postcss-loader/src/index.js??ruleSet[1].rules[14].oneOf[5].use[2]!/Users/claybeltran/.codex/worktrees/reliability-phase2-score-path/BaggerInv/app/live/live.module.css|rsc': No serializer registered for Warning
<w> while serializing webpack/lib/cache/PackFileCacheStrategy.PackContentItems -> webpack/lib/NormalModule -> Array { 1 items } -> webpack/lib/ModuleWarning -> Warning
<w> [webpack.cache.PackFileCacheStrategy] Skipped not serializable cache item 'Compilation/modules|javascript/auto|/Users/claybeltran/.codex/worktrees/reliability-phase2-score-path/BaggerInv/node_modules/next/dist/build/webpack/loaders/next-flight-css-loader.js??ruleSet[1].rules[14].oneOf[5].use[0]!/Users/claybeltran/.codex/worktrees/reliability-phase2-score-path/BaggerInv/node_modules/next/dist/build/webpack/loaders/css-loader/src/index.js??ruleSet[1].rules[14].oneOf[5].use[1]!/Users/claybeltran/.codex/worktrees/reliability-phase2-score-path/BaggerInv/node_modules/next/dist/build/webpack/loaders/postcss-loader/src/index.js??ruleSet[1].rules[14].oneOf[5].use[2]!/Users/claybeltran/.codex/worktrees/reliability-phase2-score-path/BaggerInv/app/history/historical-match-row.module.css|rsc': No serializer registered for Warning
<w> while serializing webpack/lib/cache/PackFileCacheStrategy.PackContentItems -> webpack/lib/NormalModule -> Array { 1 items } -> webpack/lib/ModuleWarning -> Warning
<w> [webpack.cache.PackFileCacheStrategy] Skipped not serializable cache item 'Compilation/modules|javascript/auto|/Users/claybeltran/.codex/worktrees/reliability-phase2-score-path/BaggerInv/node_modules/next/dist/build/webpack/loaders/next-flight-css-loader.js??ruleSet[1].rules[14].oneOf[5].use[0]!/Users/claybeltran/.codex/worktrees/reliability-phase2-score-path/BaggerInv/node_modules/next/dist/build/webpack/loaders/css-loader/src/index.js??ruleSet[1].rules[14].oneOf[5].use[1]!/Users/claybeltran/.codex/worktrees/reliability-phase2-score-path/BaggerInv/node_modules/next/dist/build/webpack/loaders/postcss-loader/src/index.js??ruleSet[1].rules[14].oneOf[5].use[2]!/Users/claybeltran/.codex/worktrees/reliability-phase2-score-path/BaggerInv/app/draft/draft.module.css|ssr': No serializer registered for Warning
<w> while serializing webpack/lib/cache/PackFileCacheStrategy.PackContentItems -> webpack/lib/NormalModule -> Array { 1 items } -> webpack/lib/ModuleWarning -> Warning
<w> [webpack.cache.PackFileCacheStrategy] Skipped not serializable cache item 'Compilation/modules|javascript/auto|/Users/claybeltran/.codex/worktrees/reliability-phase2-score-path/BaggerInv/node_modules/next/dist/build/webpack/loaders/next-flight-css-loader.js??ruleSet[1].rules[14].oneOf[5].use[0]!/Users/claybeltran/.codex/worktrees/reliability-phase2-score-path/BaggerInv/node_modules/next/dist/build/webpack/loaders/css-loader/src/index.js??ruleSet[1].rules[14].oneOf[5].use[1]!/Users/claybeltran/.codex/worktrees/reliability-phase2-score-path/BaggerInv/node_modules/next/dist/build/webpack/loaders/postcss-loader/src/index.js??ruleSet[1].rules[14].oneOf[5].use[2]!/Users/claybeltran/.codex/worktrees/reliability-phase2-score-path/BaggerInv/app/historical.module.css|ssr': No serializer registered for Warning
<w> while serializing webpack/lib/cache/PackFileCacheStrategy.PackContentItems -> webpack/lib/NormalModule -> Array { 1 items } -> webpack/lib/ModuleWarning -> Warning
<w> [webpack.cache.PackFileCacheStrategy] Skipped not serializable cache item 'Compilation/modules|javascript/auto|/Users/claybeltran/.codex/worktrees/reliability-phase2-score-path/BaggerInv/node_modules/next/dist/build/webpack/loaders/next-flight-css-loader.js??ruleSet[1].rules[14].oneOf[5].use[0]!/Users/claybeltran/.codex/worktrees/reliability-phase2-score-path/BaggerInv/node_modules/next/dist/build/webpack/loaders/css-loader/src/index.js??ruleSet[1].rules[14].oneOf[5].use[1]!/Users/claybeltran/.codex/worktrees/reliability-phase2-score-path/BaggerInv/node_modules/next/dist/build/webpack/loaders/postcss-loader/src/index.js??ruleSet[1].rules[14].oneOf[5].use[2]!/Users/claybeltran/.codex/worktrees/reliability-phase2-score-path/BaggerInv/app/live/live.module.css|ssr': No serializer registered for Warning
<w> while serializing webpack/lib/cache/PackFileCacheStrategy.PackContentItems -> webpack/lib/NormalModule -> Array { 1 items } -> webpack/lib/ModuleWarning -> Warning
<w> [webpack.cache.PackFileCacheStrategy] Skipped not serializable cache item 'Compilation/modules|javascript/auto|/Users/claybeltran/.codex/worktrees/reliability-phase2-score-path/BaggerInv/node_modules/next/dist/build/webpack/loaders/next-flight-css-loader.js??ruleSet[1].rules[14].oneOf[5].use[0]!/Users/claybeltran/.codex/worktrees/reliability-phase2-score-path/BaggerInv/node_modules/next/dist/build/webpack/loaders/css-loader/src/index.js??ruleSet[1].rules[14].oneOf[5].use[1]!/Users/claybeltran/.codex/worktrees/reliability-phase2-score-path/BaggerInv/node_modules/next/dist/build/webpack/loaders/postcss-loader/src/index.js??ruleSet[1].rules[14].oneOf[5].use[2]!/Users/claybeltran/.codex/worktrees/reliability-phase2-score-path/BaggerInv/app/odds-center/odds.module.css|ssr': No serializer registered for Warning
<w> while serializing webpack/lib/cache/PackFileCacheStrategy.PackContentItems -> webpack/lib/NormalModule -> Array { 1 items } -> webpack/lib/ModuleWarning -> Warning
<w> [webpack.cache.PackFileCacheStrategy] Skipped not serializable cache item 'Compilation/modules|javascript/auto|/Users/claybeltran/.codex/worktrees/reliability-phase2-score-path/BaggerInv/node_modules/next/dist/build/webpack/loaders/next-flight-css-loader.js??ruleSet[1].rules[14].oneOf[5].use[0]!/Users/claybeltran/.codex/worktrees/reliability-phase2-score-path/BaggerInv/node_modules/next/dist/build/webpack/loaders/css-loader/src/index.js??ruleSet[1].rules[14].oneOf[5].use[1]!/Users/claybeltran/.codex/worktrees/reliability-phase2-score-path/BaggerInv/node_modules/next/dist/build/webpack/loaders/postcss-loader/src/index.js??ruleSet[1].rules[14].oneOf[5].use[2]!/Users/claybeltran/.codex/worktrees/reliability-phase2-score-path/BaggerInv/app/war-room/war-room.module.css|ssr': No serializer registered for Warning
<w> while serializing webpack/lib/cache/PackFileCacheStrategy.PackContentItems -> webpack/lib/NormalModule -> Array { 2 items } -> webpack/lib/ModuleWarning -> Warning
<w> [webpack.cache.PackFileCacheStrategy] Skipped not serializable cache item 'Compilation/modules|javascript/auto|/Users/claybeltran/.codex/worktrees/reliability-phase2-score-path/BaggerInv/node_modules/next/dist/build/webpack/loaders/next-flight-css-loader.js??ruleSet[1].rules[14].oneOf[5].use[0]!/Users/claybeltran/.codex/worktrees/reliability-phase2-score-path/BaggerInv/node_modules/next/dist/build/webpack/loaders/css-loader/src/index.js??ruleSet[1].rules[14].oneOf[5].use[1]!/Users/claybeltran/.codex/worktrees/reliability-phase2-score-path/BaggerInv/node_modules/next/dist/build/webpack/loaders/postcss-loader/src/index.js??ruleSet[1].rules[14].oneOf[5].use[2]!/Users/claybeltran/.codex/worktrees/reliability-phase2-score-path/BaggerInv/app/admin/admin-center.module.css|ssr': No serializer registered for Warning
<w> while serializing webpack/lib/cache/PackFileCacheStrategy.PackContentItems -> webpack/lib/NormalModule -> Array { 1 items } -> webpack/lib/ModuleWarning -> Warning
<w> [webpack.cache.PackFileCacheStrategy] Skipped not serializable cache item 'Compilation/modules|javascript/auto|/Users/claybeltran/.codex/worktrees/reliability-phase2-score-path/BaggerInv/node_modules/next/dist/build/webpack/loaders/next-flight-css-loader.js??ruleSet[1].rules[14].oneOf[5].use[0]!/Users/claybeltran/.codex/worktrees/reliability-phase2-score-path/BaggerInv/node_modules/next/dist/build/webpack/loaders/css-loader/src/index.js??ruleSet[1].rules[14].oneOf[5].use[1]!/Users/claybeltran/.codex/worktrees/reliability-phase2-score-path/BaggerInv/node_modules/next/dist/build/webpack/loaders/postcss-loader/src/index.js??ruleSet[1].rules[14].oneOf[5].use[2]!/Users/claybeltran/.codex/worktrees/reliability-phase2-score-path/BaggerInv/app/admin/cms-manager.module.css|ssr': No serializer registered for Warning
<w> while serializing webpack/lib/cache/PackFileCacheStrategy.PackContentItems -> webpack/lib/NormalModule -> Array { 1 items } -> webpack/lib/ModuleWarning -> Warning
<w> [webpack.cache.PackFileCacheStrategy] Skipped not serializable cache item 'Compilation/modules|javascript/auto|/Users/claybeltran/.codex/worktrees/reliability-phase2-score-path/BaggerInv/node_modules/next/dist/build/webpack/loaders/next-flight-css-loader.js??ruleSet[1].rules[14].oneOf[5].use[0]!/Users/claybeltran/.codex/worktrees/reliability-phase2-score-path/BaggerInv/node_modules/next/dist/build/webpack/loaders/css-loader/src/index.js??ruleSet[1].rules[14].oneOf[5].use[1]!/Users/claybeltran/.codex/worktrees/reliability-phase2-score-path/BaggerInv/node_modules/next/dist/build/webpack/loaders/postcss-loader/src/index.js??ruleSet[1].rules[14].oneOf[5].use[2]!/Users/claybeltran/.codex/worktrees/reliability-phase2-score-path/BaggerInv/app/admin/player-passport-admin.module.css|ssr': No serializer registered for Warning
<w> while serializing webpack/lib/cache/PackFileCacheStrategy.PackContentItems -> webpack/lib/NormalModule -> Array { 1 items } -> webpack/lib/ModuleWarning -> Warning
<w> [webpack.cache.PackFileCacheStrategy] Skipped not serializable cache item 'Compilation/modules|javascript/auto|/Users/claybeltran/.codex/worktrees/reliability-phase2-score-path/BaggerInv/node_modules/next/dist/build/webpack/loaders/next-flight-css-loader.js??ruleSet[1].rules[14].oneOf[5].use[0]!/Users/claybeltran/.codex/worktrees/reliability-phase2-score-path/BaggerInv/node_modules/next/dist/build/webpack/loaders/css-loader/src/index.js??ruleSet[1].rules[14].oneOf[5].use[1]!/Users/claybeltran/.codex/worktrees/reliability-phase2-score-path/BaggerInv/node_modules/next/dist/build/webpack/loaders/postcss-loader/src/index.js??ruleSet[1].rules[14].oneOf[5].use[2]!/Users/claybeltran/.codex/worktrees/reliability-phase2-score-path/BaggerInv/app/admin/director/ProductionFutureYearAdministrationPanel.module.css|ssr': No serializer registered for Warning
<w> while serializing webpack/lib/cache/PackFileCacheStrategy.PackContentItems -> webpack/lib/NormalModule -> Array { 1 items } -> webpack/lib/ModuleWarning -> Warning
<w> [webpack.cache.PackFileCacheStrategy] Skipped not serializable cache item 'Compilation/modules|javascript/auto|/Users/claybeltran/.codex/worktrees/reliability-phase2-score-path/BaggerInv/node_modules/next/dist/build/webpack/loaders/next-flight-css-loader.js??ruleSet[1].rules[14].oneOf[5].use[0]!/Users/claybeltran/.codex/worktrees/reliability-phase2-score-path/BaggerInv/node_modules/next/dist/build/webpack/loaders/css-loader/src/index.js??ruleSet[1].rules[14].oneOf[5].use[1]!/Users/claybeltran/.codex/worktrees/reliability-phase2-score-path/BaggerInv/node_modules/next/dist/build/webpack/loaders/postcss-loader/src/index.js??ruleSet[1].rules[14].oneOf[5].use[2]!/Users/claybeltran/.codex/worktrees/reliability-phase2-score-path/BaggerInv/app/admin/director/net-skins-entries.module.css|ssr': No serializer registered for Warning
<w> while serializing webpack/lib/cache/PackFileCacheStrategy.PackContentItems -> webpack/lib/NormalModule -> Array { 1 items } -> webpack/lib/ModuleWarning -> Warning
 ⚠ Compiled with warnings in 3.8s

./app/admin/admin-center.module.css
Warning

(1:1045) autoprefixer: end value has mixed support, consider using flex-end instead

Import trace for requested module:
./app/admin/admin-center.module.css
./app/admin/AdminCenter.js

./app/admin/cms-manager.module.css
Warning

(1:674) autoprefixer: end value has mixed support, consider using flex-end instead

Import trace for requested module:
./app/admin/cms-manager.module.css
./app/admin/CmsManager.js
./app/admin/AdminCenter.js

./app/admin/director/ProductionFutureYearAdministrationPanel.module.css
Warning

(1:3693) autoprefixer: end value has mixed support, consider using flex-end instead

Import trace for requested module:
./app/admin/director/ProductionFutureYearAdministrationPanel.module.css
./app/admin/director/ProductionFutureYearAdministrationPanel.js
./app/admin/director/ProductionDirectorConsole.js

./app/admin/director/net-skins-entries.module.css
Warning

(24:53) autoprefixer: end value has mixed support, consider using flex-end instead

Import trace for requested module:
./app/admin/director/net-skins-entries.module.css
./app/admin/director/ProductionNetSkinsEntries.js
./app/admin/director/ProductionDirectorOperations.js
./app/admin/director/ProductionDirectorConsole.js

./app/admin/player-passport-admin.module.css
Warning

(1:108) autoprefixer: end value has mixed support, consider using flex-end instead

Import trace for requested module:
./app/admin/player-passport-admin.module.css
./app/admin/PlayerPassportAdmin.js
./app/admin/AdminCenter.js

./app/draft/draft.module.css
Warning

(1:1661) autoprefixer: end value has mixed support, consider using flex-end instead

Import trace for requested module:
./app/draft/draft.module.css
./app/draft/DraftExperience.js
./app/draft/page.js

./app/draft/draft.module.css
Warning

(1:1661) autoprefixer: end value has mixed support, consider using flex-end instead

Import trace for requested module:
./app/draft/draft.module.css
./app/draft/DraftAnalysisSummary.js

./app/historical.module.css
Warning

(2285:3) autoprefixer: end value has mixed support, consider using flex-end instead

Import trace for requested module:
./app/historical.module.css
./app/champions/page.js

./app/historical.module.css
Warning

(2285:3) autoprefixer: end value has mixed support, consider using flex-end instead

Import trace for requested module:
./app/historical.module.css
./app/history/HistoryBackToTop.js

./app/history/historical-match-row.module.css
Warning

(1:1188) autoprefixer: end value has mixed support, consider using flex-end instead

Import trace for requested module:
./app/history/historical-match-row.module.css
./app/history/HistoricalMatchRow.js
./app/history/[year]/round/[round]/page.js

./app/live/live.module.css
Warning

(155:3) autoprefixer: end value has mixed support, consider using flex-end instead

Import trace for requested module:
./app/live/live.module.css
./app/PublicMatchCard.js
./app/history/[year]/team/[side]/page.js

./app/live/live.module.css
Warning

(155:3) autoprefixer: end value has mixed support, consider using flex-end instead

Import trace for requested module:
./app/live/live.module.css
./app/live/MatchCenter.js

./app/odds-center/odds.module.css
Warning

(1:1051) autoprefixer: end value has mixed support, consider using flex-end instead

Import trace for requested module:
./app/odds-center/odds.module.css
./app/odds-center/OddsCenter.js

./app/war-room/war-room.module.css
Warning

(5:240) autoprefixer: end value has mixed support, consider using flex-end instead

Import trace for requested module:
./app/war-room/war-room.module.css
./app/war-room/lineup-optimizer/LineupOptimizer.js

./app/war-room/war-room.module.css
Warning

(19:50) autoprefixer: end value has mixed support, consider using flex-end instead

Import trace for requested module:
./app/war-room/war-room.module.css
./app/war-room/lineup-optimizer/LineupOptimizer.js

Historical sheet load failed { sheet: 'Players', key: 'players', reason: 'fetch failed' }
Historical sheet load failed { sheet: 'Tournaments', key: 'tournaments', reason: 'fetch failed' }
Historical sheet load failed { sheet: 'Team Names', key: 'teamNames', reason: 'fetch failed' }
Historical sheet load failed { sheet: 'Matches', key: 'matches', reason: 'fetch failed' }
Historical sheet load failed { sheet: 'Rounds', key: 'rounds', reason: 'fetch failed' }
Historical sheet load failed { sheet: 'Tournament Rules', key: 'rules', reason: 'fetch failed' }
Historical sheet load failed { sheet: 'Awards', key: 'awards', reason: 'fetch failed' }
Historical sheet load failed { sheet: 'Courses', key: 'courses', reason: 'fetch failed' }
Historical sheet load failed { sheet: 'Handicaps', key: 'handicaps', reason: 'fetch failed' }
Historical sheet load failed { sheet: 'Ghost Match', key: 'ghostMatches', reason: 'fetch failed' }
Unable to refresh historical Google Sheet data. Using the bundled fallback. {
  name: 'TypeError',
  message: 'fetch failed',
  stack: 'TypeError: fetch failed'
}
Draft sheet unavailable {
  sheet: 'Draft Settings',
  reason: "Dynamic server usage: Route /sitemap.xml couldn't be rendered statically because it used revalidate: 0 fetch https://docs.google.com/spreadsheets/d/1umqPxiQxN9_jwmsD7IcVTzqxPmMycYLlrY_gm31l5U4/gviz/tq?tqx=out:csv&sheet=Draft%20Settings /sitemap.xml. See more info here: https://nextjs.org/docs/messages/dynamic-server-error"
}
Draft sheet unavailable {
  sheet: 'Draft Picks',
  reason: "Dynamic server usage: Route /sitemap.xml couldn't be rendered statically because it used no-store fetch https://docs.google.com/spreadsheets/d/1umqPxiQxN9_jwmsD7IcVTzqxPmMycYLlrY_gm31l5U4/gviz/tq?tqx=out:csv&sheet=Draft%20Picks /sitemap.xml. See more info here: https://nextjs.org/docs/messages/dynamic-server-error"
}
