TAP version 13
# Subtest: Calcutta current-before-job preserves Finalize and exact worker authority
    # Subtest: claim before: actual Finalize lock graph
    ok 1 - claim before: actual Finalize lock graph
      ---
      duration_ms: 1847.358125
      type: 'test'
      ...
    # Subtest: claim after: actual Finalize lock graph
    not ok 2 - claim after: actual Finalize lock graph
      ---
      duration_ms: 593.144708
      type: 'test'
      location: '/Users/claybeltran/.codex/worktrees/reliability-phase2-score-path/BaggerInv/test/reliability-phase2c-calcutta-lock-order.test.mjs:32:100'
      failureType: 'testCodeFailure'
      error: 'shipping worker locks current before job'
      code: 'ERR_ASSERTION'
      name: 'AssertionError'
      expected: true
      actual: false
      operator: '=='
      stack: |-
        TestContext.<anonymous> (file:///Users/claybeltran/.codex/worktrees/reliability-phase2-score-path/BaggerInv/test/reliability-phase2c-calcutta-lock-order.test.mjs:39:30)
        Test.runInAsyncScope (node:async_hooks:226:14)
        Test.run (node:internal/test_runner/test:1397:25)
        Test.start (node:internal/test_runner/test:1257:17)
        TestContext.test (node:internal/test_runner/test:399:20)
        TestContext.<anonymous> (file:///Users/claybeltran/.codex/worktrees/reliability-phase2-score-path/BaggerInv/test/reliability-phase2c-calcutta-lock-order.test.mjs:32:100)
        async Test.run (node:internal/test_runner/test:1404:7)
        async startSubtestAfterBootstrap (node:internal/test_runner/harness:387:3)
      ...
    # Subtest: complete before: actual Finalize lock graph
    ok 3 - complete before: actual Finalize lock graph
      ---
      duration_ms: 1686.606666
      type: 'test'
      ...
    # Subtest: complete after: actual Finalize lock graph
    not ok 4 - complete after: actual Finalize lock graph
      ---
      duration_ms: 588.989083
      type: 'test'
      location: '/Users/claybeltran/.codex/worktrees/reliability-phase2-score-path/BaggerInv/test/reliability-phase2c-calcutta-lock-order.test.mjs:32:100'
      failureType: 'testCodeFailure'
      error: 'shipping worker locks current before job'
      code: 'ERR_ASSERTION'
      name: 'AssertionError'
      expected: true
      actual: false
      operator: '=='
      stack: |-
        TestContext.<anonymous> (file:///Users/claybeltran/.codex/worktrees/reliability-phase2-score-path/BaggerInv/test/reliability-phase2c-calcutta-lock-order.test.mjs:39:30)
        Test.runInAsyncScope (node:async_hooks:226:14)
        Test.run (node:internal/test_runner/test:1397:25)
        Test.start (node:internal/test_runner/test:1257:17)
        TestContext.test (node:internal/test_runner/test:399:20)
        TestContext.<anonymous> (file:///Users/claybeltran/.codex/worktrees/reliability-phase2-score-path/BaggerInv/test/reliability-phase2c-calcutta-lock-order.test.mjs:32:100)
        async Test.run (node:internal/test_runner/test:1404:7)
        async startSubtestAfterBootstrap (node:internal/test_runner/harness:387:3)
      ...
    # Subtest: fail before: actual Finalize lock graph
    ok 5 - fail before: actual Finalize lock graph
      ---
      duration_ms: 1667.343584
      type: 'test'
      ...
    # Subtest: fail after: actual Finalize lock graph
    not ok 6 - fail after: actual Finalize lock graph
      ---
      duration_ms: 615.586875
      type: 'test'
      location: '/Users/claybeltran/.codex/worktrees/reliability-phase2-score-path/BaggerInv/test/reliability-phase2c-calcutta-lock-order.test.mjs:32:100'
      failureType: 'testCodeFailure'
      error: 'shipping worker locks current before job'
      code: 'ERR_ASSERTION'
      name: 'AssertionError'
      expected: true
      actual: false
      operator: '=='
      stack: |-
        TestContext.<anonymous> (file:///Users/claybeltran/.codex/worktrees/reliability-phase2-score-path/BaggerInv/test/reliability-phase2c-calcutta-lock-order.test.mjs:39:30)
        Test.runInAsyncScope (node:async_hooks:226:14)
        Test.run (node:internal/test_runner/test:1397:25)
        Test.start (node:internal/test_runner/test:1257:17)
        TestContext.test (node:internal/test_runner/test:399:20)
        TestContext.<anonymous> (file:///Users/claybeltran/.codex/worktrees/reliability-phase2-score-path/BaggerInv/test/reliability-phase2c-calcutta-lock-order.test.mjs:32:100)
        async Test.run (node:internal/test_runner/test:1404:7)
        async startSubtestAfterBootstrap (node:internal/test_runner/harness:387:3)
      ...
    1..6
not ok 1 - Calcutta current-before-job preserves Finalize and exact worker authority
  ---
  duration_ms: 24296.248
  type: 'test'
  location: '/Users/claybeltran/.codex/worktrees/reliability-phase2-score-path/BaggerInv/test/reliability-phase2c-calcutta-lock-order.test.mjs:23:1'
  failureType: 'subtestsFailed'
  error: '3 subtests failed'
  code: 'ERR_TEST_FAILURE'
  ...
1..1
# tests 7
# suites 0
# pass 3
# fail 4
# cancelled 0
# skipped 0
# todo 0
# duration_ms 24468.557167
