TAP version 13
# Subtest: NA-P2C-B autonomous delivery, durable retry boundaries and exact requeue
    # Subtest: upgrade preserves121 pending identity, durable demand and prior successful result
    ok 1 - upgrade preserves121 pending identity, durable demand and prior successful result
      ---
      duration_ms: 7278.410958
      type: 'test'
      ...
    # Subtest: migration is chained and delivery administration is unavailable to participants
    ok 2 - migration is chained and delivery administration is unavailable to participants
      ---
      duration_ms: 76.06225
      type: 'test'
      ...
    # Subtest: a running child discovers a later committed score and completes automatic families
    ok 3 - a running child discovers a later committed score and completes automatic families
      ---
      duration_ms: 1041.373292
      type: 'test'
      ...
    # Subtest: a crash after real claim retains a lease and restart recovers after expiry
    ok 4 - a crash after real claim retains a lease and restart recovers after expiry
      ---
      duration_ms: 3068.284958
      type: 'test'
      ...
    # Subtest: COMPETITION actual claim crash survives process restart and expired lease
    ok 5 - COMPETITION actual claim crash survives process restart and expired lease
      ---
      duration_ms: 5136.105958
      type: 'test'
      ...
    # Subtest: INTELLIGENCE actual claim crash survives process restart and expired lease
    ok 6 - INTELLIGENCE actual claim crash survives process restart and expired lease
      ---
      duration_ms: 5294.39225
      type: 'test'
      ...
    # Subtest: CALCUTTA literal process death during-calculation recovers without duplicate current results
    ok 7 - CALCUTTA literal process death during-calculation recovers without duplicate current results
      ---
      duration_ms: 5114.0945
      type: 'test'
      ...
    # Subtest: CALCUTTA literal process death before-completion recovers without duplicate current results
    ok 8 - CALCUTTA literal process death before-completion recovers without duplicate current results
      ---
      duration_ms: 5108.500833
      type: 'test'
      ...
    # Subtest: CALCUTTA literal process death after-result-write recovers without duplicate current results
    ok 9 - CALCUTTA literal process death after-result-write recovers without duplicate current results
      ---
      duration_ms: 1097.000834
      type: 'test'
      ...
    # Subtest: COMPETITION literal process death during-calculation recovers without duplicate current results
    ok 10 - COMPETITION literal process death during-calculation recovers without duplicate current results
      ---
      duration_ms: 5052.607125
      type: 'test'
      ...
    # Subtest: COMPETITION literal process death before-completion recovers without duplicate current results
    ok 11 - COMPETITION literal process death before-completion recovers without duplicate current results
      ---
      duration_ms: 5246.877292
      type: 'test'
      ...
    # Subtest: COMPETITION literal process death after-result-write recovers without duplicate current results
    ok 12 - COMPETITION literal process death after-result-write recovers without duplicate current results
      ---
      duration_ms: 1256.448958
      type: 'test'
      ...
    # Subtest: INTELLIGENCE literal process death during-calculation recovers without duplicate current results
    ok 13 - INTELLIGENCE literal process death during-calculation recovers without duplicate current results
      ---
      duration_ms: 5596.68975
      type: 'test'
      ...
    # Subtest: INTELLIGENCE literal process death before-completion recovers without duplicate current results
    ok 14 - INTELLIGENCE literal process death before-completion recovers without duplicate current results
      ---
      duration_ms: 5322.913
      type: 'test'
      ...
    # Subtest: INTELLIGENCE literal process death after-result-write recovers without duplicate current results
    ok 15 - INTELLIGENCE literal process death after-result-write recovers without duplicate current results
      ---
      duration_ms: 1038.808292
      type: 'test'
      ...
    # Subtest: unknown completion acknowledgement leaves one successful canonical result
    ok 16 - unknown completion acknowledgement leaves one successful canonical result
      ---
      duration_ms: 962.78025
      type: 'test'
      ...
    # Subtest: COMPETITION actual completion acknowledgement loss converges without duplicate snapshots
    ok 17 - COMPETITION actual completion acknowledgement loss converges without duplicate snapshots
      ---
      duration_ms: 1001.39375
      type: 'test'
      ...
    # Subtest: INTELLIGENCE actual completion acknowledgement loss converges without duplicate snapshots
    ok 18 - INTELLIGENCE actual completion acknowledgement loss converges without duplicate snapshots
      ---
      duration_ms: 1004.908708
      type: 'test'
      ...
    # Subtest: CALCUTTA deterministic claim failure does not prevent other families completing
    ok 19 - CALCUTTA deterministic claim failure does not prevent other families completing
      ---
      duration_ms: 1176.283375
      type: 'test'
      ...
    # Subtest: COMPETITION deterministic claim failure does not prevent other families completing
    ok 20 - COMPETITION deterministic claim failure does not prevent other families completing
      ---
      duration_ms: 1145.32725
      type: 'test'
      ...
    # Subtest: INTELLIGENCE deterministic claim failure does not prevent other families completing
    ok 21 - INTELLIGENCE deterministic claim failure does not prevent other families completing
      ---
      duration_ms: 1365.073458
      type: 'test'
      ...
    # Subtest: deterministic preclaim failure terminates once, Director requeue preserves exact receipt
    ok 22 - deterministic preclaim failure terminates once, Director requeue preserves exact receipt
      ---
      duration_ms: 408.018042
      type: 'test'
      ...
    # Subtest: intelligence-correction-before-write retains later score demand and converges to canonical source
    ok 23 - intelligence-correction-before-write retains later score demand and converges to canonical source
      ---
      duration_ms: 1432.1925
      type: 'test'
      ...
    # Subtest: competition-before-claim retains later score demand and converges to canonical source
    ok 24 - competition-before-claim retains later score demand and converges to canonical source
      ---
      duration_ms: 1183.299667
      type: 'test'
      ...
    # Subtest: competition-before-write retains later score demand and converges to canonical source
    ok 25 - competition-before-write retains later score demand and converges to canonical source
      ---
      duration_ms: 1219.053
      type: 'test'
      ...
    # Subtest: intelligence-before-claim retains later score demand and converges to canonical source
    ok 26 - intelligence-before-claim retains later score demand and converges to canonical source
      ---
      duration_ms: 5067.007084
      type: 'test'
      ...
    # Subtest: intelligence-after-claim retains later score demand and converges to canonical source
    ok 27 - intelligence-after-claim retains later score demand and converges to canonical source
      ---
      duration_ms: 1359.053416
      type: 'test'
      ...
    # Subtest: intelligence-before-write retains later score demand and converges to canonical source
    ok 28 - intelligence-before-write retains later score demand and converges to canonical source
      ---
      duration_ms: 1351.646042
      type: 'test'
      ...
    # Subtest: calcutta-before-claim retains later score demand and converges to canonical source
    ok 29 - calcutta-before-claim retains later score demand and converges to canonical source
      ---
      duration_ms: 956.02425
      type: 'test'
      ...
    # Subtest: COMPETITION stale writer cannot replace a newer canonical current result
    ok 30 - COMPETITION stale writer cannot replace a newer canonical current result
      ---
      duration_ms: 1494.754375
      type: 'test'
      ...
    # Subtest: INTELLIGENCE stale writer cannot replace a newer canonical current result
    ok 31 - INTELLIGENCE stale writer cannot replace a newer canonical current result
      ---
      duration_ms: 1649.092458
      type: 'test'
      ...
    # Subtest: CALCUTTA expired live worker cannot overwrite a same-source replacement claim
    ok 32 - CALCUTTA expired live worker cannot overwrite a same-source replacement claim
      ---
      duration_ms: 4379.929583
      type: 'test'
      ...
    # Subtest: COMPETITION expired live worker cannot overwrite a same-source replacement claim
    ok 33 - COMPETITION expired live worker cannot overwrite a same-source replacement claim
      ---
      duration_ms: 5359.2085
      type: 'test'
      ...
    # Subtest: INTELLIGENCE expired live worker cannot overwrite a same-source replacement claim
    ok 34 - INTELLIGENCE expired live worker cannot overwrite a same-source replacement claim
      ---
      duration_ms: 5644.565709
      type: 'test'
      ...
    # Subtest: score-intent exact-current processing preserves financial output: none
    ok 35 - score-intent exact-current processing preserves financial output: none
      ---
      duration_ms: 1002.94925
      type: 'test'
      ...
    # Subtest: score-intent exact-current processing preserves financial output: current_compatible
    ok 36 - score-intent exact-current processing preserves financial output: current_compatible
      ---
      duration_ms: 1029.9915
      type: 'test'
      ...
    # Subtest: score-intent exact-current processing preserves financial output: current_incompatible_consumed
    ok 37 - score-intent exact-current processing preserves financial output: current_incompatible_consumed
      ---
      duration_ms: 1029.3275
      type: 'test'
      ...
    # Subtest: score-intent exact-current processing preserves financial output: current_incompatible_financial
    ok 38 - score-intent exact-current processing preserves financial output: current_incompatible_financial
      ---
      duration_ms: 1085.552208
      type: 'test'
      ...
    # Subtest: score-intent exact-current processing preserves financial output: stale_source
    ok 39 - score-intent exact-current processing preserves financial output: stale_source
      ---
      duration_ms: 1250.537959
      type: 'test'
      ...
    # Subtest: score-intent exact-current processing preserves financial output: stale_result_binding
    ok 40 - score-intent exact-current processing preserves financial output: stale_result_binding
      ---
      duration_ms: 1005.490041
      type: 'test'
      ...
    # Subtest: score-intent exact-current processing preserves financial output: superseded_result
    ok 41 - score-intent exact-current processing preserves financial output: superseded_result
      ---
      duration_ms: 1035.665167
      type: 'test'
      ...
    # Subtest: score-intent exact-current processing preserves financial output: multiple_receipts
    ok 42 - score-intent exact-current processing preserves financial output: multiple_receipts
      ---
      duration_ms: 1128.0545
      type: 'test'
      ...
    # Subtest: real25ms cancellation records each intent attempt across connections and reaches terminal
    ok 43 - real25ms cancellation records each intent attempt across connections and reaches terminal
      ---
      duration_ms: 637.160917
      type: 'test'
      ...
    # Subtest: Intelligence delayed, running and terminal siblings suppress automatic thrash
    ok 44 - Intelligence delayed, running and terminal siblings suppress automatic thrash
      ---
      duration_ms: 1308.657125
      type: 'test'
      ...
    # Subtest: lone FinalRecap recovery requires existing final publication and preserves successful siblings
    ok 45 - lone FinalRecap recovery requires existing final publication and preserves successful siblings
      ---
      duration_ms: 1526.731083
      type: 'test'
      ...
    # Subtest: two autonomous workers share claims and converge without a manual tick
    ok 46 - two autonomous workers share claims and converge without a manual tick
      ---
      duration_ms: 1117.417
      type: 'test'
      ...
    # Subtest: closed worker gate stops the autonomous process visibly after one denied tick
    ok 47 - closed worker gate stops the autonomous process visibly after one denied tick
      ---
      duration_ms: 475.248208
      type: 'test'
      ...
    # Subtest: each automatic family exhausts five durable attempts then exact Director requeue recovers
    ok 48 - each automatic family exhausts five durable attempts then exact Director requeue recovers
      ---
      duration_ms: 2084.637875
      type: 'test'
      ...
    # Subtest: terminal Calcutta work survives compatible activation and exact supported recovery
    ok 49 - terminal Calcutta work survives compatible activation and exact supported recovery
      ---
      duration_ms: 1057.812542
      type: 'test'
      ...
    # Subtest: compatible activation replacement is atomic and rejects late old completion
    ok 50 - compatible activation replacement is atomic and rejects late old completion
      ---
      duration_ms: 558.737041
      type: 'test'
      ...
    # Subtest: compatible activation replaces old pending identity without transferring a lease
    ok 51 - compatible activation replaces old pending identity without transferring a lease
      ---
      duration_ms: 722.198
      type: 'test'
      ...
    1..51
ok 1 - NA-P2C-B autonomous delivery, durable retry boundaries and exact requeue
  ---
  duration_ms: 124106.26225
  type: 'test'
  ...
# Subtest: deterministic global tick failure stops visibly and classifies only known transient errors
ok 2 - deterministic global tick failure stops visibly and classifies only known transient errors
  ---
  duration_ms: 0.611959
  type: 'test'
  ...
# Subtest: optional synchronous and asynchronous exporter failures preserve worker execution and retry
ok 3 - optional synchronous and asynchronous exporter failures preserve worker execution and retry
  ---
  duration_ms: 37.010792
  type: 'test'
  ...
1..3
# tests 54
# suites 0
# pass 54
# fail 0
# cancelled 0
# skipped 0
# todo 0
# duration_ms 124215.492125
