TAP version 13
# Subtest: Phase2 durable derived intent behavioral proof
    # Subtest: P2-DERIVED-ATOMIC: required durable intent append failure rolls back score and receipt
    ok 1 - P2-DERIVED-ATOMIC: required durable intent append failure rolls back score and receipt
      ---
      duration_ms: 336.937667
      type: 'test'
      ...
    # Subtest: P2-DERIVED-COALESCE: one canonical transaction coalesces hole/match trigger intent per family
    ok 2 - P2-DERIVED-COALESCE: one canonical transaction coalesces hole/match trigger intent per family
      ---
      duration_ms: 454.710875
      type: 'test'
      ...
    # Subtest: P2-DERIVED-FAIL-CALCUTTA: CALCUTTA unavailable leaves score Official and durable demand retryable
    ok 3 - P2-DERIVED-FAIL-CALCUTTA: CALCUTTA unavailable leaves score Official and durable demand retryable
      ---
      duration_ms: 464.216792
      type: 'test'
      ...
    # Subtest: P2-DERIVED-FAIL-NET_SKINS: NET_SKINS unavailable leaves score Official and durable demand retryable
    ok 4 - P2-DERIVED-FAIL-NET_SKINS: NET_SKINS unavailable leaves score Official and durable demand retryable
      ---
      duration_ms: 460.760208
      type: 'test'
      ...
    # Subtest: P2-DERIVED-FAIL-COMPETITION: COMPETITION unavailable leaves score Official and durable demand retryable
    ok 5 - P2-DERIVED-FAIL-COMPETITION: COMPETITION unavailable leaves score Official and durable demand retryable
      ---
      duration_ms: 432.031458
      type: 'test'
      ...
    # Subtest: P2-DERIVED-STANDALONE-LOCK: standalone LOCK retains synchronous derived failure and atomic rollback
    ok 6 - P2-DERIVED-STANDALONE-LOCK: standalone LOCK retains synchronous derived failure and atomic rollback
      ---
      duration_ms: 1228.24875
      type: 'test'
      ...
    # Subtest: P2-DERIVED-STANDALONE-FINALIZE: standalone FINALIZE retains synchronous derived failure and atomic rollback
    ok 7 - P2-DERIVED-STANDALONE-FINALIZE: standalone FINALIZE retains synchronous derived failure and atomic rollback
      ---
      duration_ms: 2429.799583
      type: 'test'
      ...
    # Subtest: P2-DERIVED-BACKLOG: 432 pending intents do not block canonical writes; bounded batches catch up
    ok 8 - P2-DERIVED-BACKLOG: 432 pending intents do not block canonical writes; bounded batches catch up
      ---
      duration_ms: 5428.223667
      type: 'test'
      ...
    # Subtest: P2-DERIVED-BURST: 12 independent Singles matches commit concurrently with configured history
    ok 9 - P2-DERIVED-BURST: 12 independent Singles matches commit concurrently with configured history
      ---
      duration_ms: 396.870917
      type: 'test'
      ...
    # Subtest: P2-DERIVED-WORKER-RACE: scoring continues while a derived worker holds shared competition markers
    ok 10 - P2-DERIVED-WORKER-RACE: scoring continues while a derived worker holds shared competition markers
      ---
      duration_ms: 415.580542
      type: 'test'
      ...
    # Subtest: P2-DERIVED-ORDER: older financial demand observes latest canonical source instead of publishing obsolete result
    ok 11 - P2-DERIVED-ORDER: older financial demand observes latest canonical source instead of publishing obsolete result
      ---
      duration_ms: 445.223
      type: 'test'
      ...
    # Subtest: P2-DERIVED-DEAD-LETTER: bounded repeated consumer failure becomes visible dead letter without changing score
    ok 12 - P2-DERIVED-DEAD-LETTER: bounded repeated consumer failure becomes visible dead letter without changing score
      ---
      duration_ms: 483.423292
      type: 'test'
      ...
    # Subtest: P2-DERIVED-TIMEOUT: 57014 cancels derived work with versioned retry evidence while prior canonical score remains committed
    ok 13 - P2-DERIVED-TIMEOUT: 57014 cancels derived work with versioned retry evidence while prior canonical score remains committed
      ---
      duration_ms: 634.666125
      type: 'test'
      ...
    # Subtest: P2-DERIVED-ACL: intent table and private helpers inaccessible to application/client roles
    ok 14 - P2-DERIVED-ACL: intent table and private helpers inaccessible to application/client roles
      ---
      duration_ms: 409.911292
      type: 'test'
      ...
    1..14
ok 1 - Phase2 durable derived intent behavioral proof
  ---
  duration_ms: 23184.475292
  type: 'test'
  ...
1..1
# tests 15
# suites 0
# pass 15
# fail 0
# cancelled 0
# skipped 0
# todo 0
# duration_ms 23239.949709
