TAP version 13
# Subtest: Phase2C full432hole chronological score sequence with autonomous derived delivery
not ok 1 - Phase2C full432hole chronological score sequence with autonomous derived delivery
  ---
  duration_ms: 9339.800208
  type: 'test'
  location: '/Users/claybeltran/.codex/worktrees/reliability-phase2-score-path/BaggerInv/test/reliability-phase2c-full-sequence.integration.test.mjs:43:1'
  failureType: 'testCodeFailure'
  error: |-
    {"ok":false,"code":"PRODUCTION_MATCH_NOT_RESUME_READY","reasons":[{"code":"RESUME_AUTHORITY_BINDING_MISMATCH"}],"match_id":"2026-R1-1","audit_created":false,"google_outbox_created":false,"scoring_readiness_contract":"production-match-resume-readiness-v1"}
    
    false !== true
    
  code: 'ERR_ASSERTION'
  name: 'AssertionError'
  expected: true
  actual: false
  operator: 'strictEqual'
  stack: |-
    TestContext.<anonymous> (file:///Users/claybeltran/.codex/worktrees/reliability-phase2-score-path/BaggerInv/test/reliability-phase2c-full-sequence.integration.test.mjs:91:184)
    process.processTicksAndRejections (node:internal/process/task_queues:104:5)
    async Test.run (node:internal/test_runner/test:1404:7)
    async startSubtestAfterBootstrap (node:internal/test_runner/harness:387:3)
  ...
1..1
# tests 1
# suites 0
# pass 0
# fail 1
# cancelled 0
# skipped 0
# todo 0
# duration_ms 9435.327
